>P1;1h6ka
structureX:1h6k:  27 :A: 246 :A:80 kDa nuclear cap binding protein:Homo sapiens: 2.0: 20.317
------TEDHLESLICKVGEKSACSLESNLEGLAGVLEADLPNYKSKILRLLCTVARLLPEKLTIYTTLV
GLLNARN-YNFGGEFVEAMIRQLKESLKAN--NYNEAVYLVRFLSDLVNCHVIAAPSMVAMFENFVSVTQ
EEDVPQVRRDWYVYAFLSSLPWVGKELYEKKDAEMDRIFANTESYLKRRQKTHVPMLQVWTADKPHPQEE
YLDCLWAQIQKLKKDRWQE*
>P1;1hu3a
structureX:1hu3:   1 :A: 986 :A:eIF4GII, middle domain:Homo sapiens: 2.37: 24.9
SDPENIKTQELFRKVRSILNK-LTPQFNQL-KQVSGLTVDTEERLKGVIDLVFEKAIDEPSFSVAYAN-C
RCLVTLKVPNFRKLLLNRCQKEFEKDKAAKDKARRRSIGNIKFIGELFKLKLT--EAIHDCVVKLLKNH-
--------DEESLECLCRLLTTIGKDLDFEKAKPRDQYFN-QEKIVKE------------------RKTS
SRIRFLQDVIDLRLCNWVS*
>P1;gi|31243059|ref|XP_321964.1| ENSANGP00000013874 [Anopheles gambi... [ score 360 E 1e-98 ] [ range 54 .. 272 ]
sequence
-------EERLETLILRVGENSTSSLESNLEGLVSVLESDLGNFRSKILRILSDCPIKMPEKCTIYSTMV
GLMNAKN-YNFGGEFVEYMVKTFKDSLKQC--QWDAARYALRFLADLVNCHVISTNSLLQLLDSMVDAAN
EDNVPQVRRDWYVFAVLSTLPWVGRELYEKKESALENLLVRIEVFLNKRTKKHHNALRVWSVDAPHPQEE
YLDCLWAQIRKLRQDNWTE*
>P1;gi|24639719|ref|NP_726938.1| cap binding protein 80 CG7035-PA [D... [ score 355 E 3e-97 ] [ range 31 .. 249 ]
sequence
-------EDRLESLILRVGERSTSSVESNLEGLVSVLEADLGTFRLKILRILSDCAVRMPEKCTVYTTLV
GLLNAKN-YKFGGEFVDHMVKTFKESLKMC--RWDAARYSLRFLADLVNCHVISATSLLQLLDTMIDVSN
EDTVPQVRRDWFVFAVLSTLPWVGRDLYEKKESALESLLLRIEVYLNKRSKKHHNALRVWSSDAPHPQEE
YLDCLWAQIRKLRQDNWAE*
>P1;gi|25144342|ref|NP_491850.2| cap binding like (92.5 kD) (1H1) [C... [ score 320 E 1e-86 ] [ range 28 .. 247 ]
sequence
-------EKKLQGVIGKVGENTGSSIECNLDKLTAFLHDDLEKYRASIIDIIAGCAIYLPNRVTVYTTLV
GLLNSKN-FNFGGDVVEKLISEQQDLLSKQ--KYQEAQNLAIFLCDLGNSGVLTAQSIGEYLESFIAAAF
EENMPQVRNDYYIQTVLRCLPWIGKELTEKAPEQMENIGEAIGKYLELRNKNHVALLQVWEGSTDQKQED
YLESLSAQIEALRNADWVE*
>P1;gi|39595682|emb|CAE67185.1| Hypothetical protein CBG12621 [Caeno... [ score 318 E 5e-86 ] [ range 28 .. 248 ]
sequence
-------EKKLQEVIGKVGDKTGSSIEANLEKLTAFLHDDLEKYRSSIIDIVAGCAIYLPNRVTVYTTLV
GLLNAKN-FNFGGDVVEKLIAEQQDLLLKQ--KYQEAQNLAIFLCDLGNSGVLTAQSIGEYLESFIAAAF
EENMPQVRNDYYIQTVLRCLPWIGKELTEKAQEQMENIVEAVGKYLEMRNKNHVPLLRVWEGSTDQEQED
YLESLSAQIENLRTANWMQ*
>P1;gi|12621070|gb|AAG54079.1| nuclear cap-binding protein CBP80 [Or... [ score 300 E 2e-80 ] [ range 7 .. 233 ]
sequence
------------TLLLRIGDRGSVDHKEHIETCYGVLCREYEHSKDAMFEFLLQCADQLPHKIPFFGVLI
GLINLEN-EDFSKGIVDTTHANLQDALHNE--NRDRIRILLRFLCGLMCSKVVLPNSIIETFEALLSLDE
ETGNPQPRADFYVYCILASLPWGGSELFEQVPDEFERVLVGIQSYISIRRHFDDIAFSVFETDEGNNKKD
FIEDLWERIQVLSRNGWK-*
>P1;gi|24648749|ref|NP_650969.1| CG7907-PA [Drosophila melanogaster]... [ score 288 E 6e-77 ] [ range 26 .. 249 ]
sequence
------TVKTVEQLMRELSFPGHTPLELKLGNLGYLLGKGMSDLKENLINELVICLGYYPGQASAYATLV
GLINVAD-FEFGSECLLFMAHKVGESVHIR--DWNRCRGVVHCMVDLYHCQVLPSSYILKLLAAFLALKD
PDDLPQIRRDFLAYCVLSAMPLIGRDL--EGETAFDKLIVSLQIYIKKRSALHTNMLSVW---PDFNQRD
YLELLWQQVDGMRQNHWAE*
>P1;gi|17473509|gb|AAL38378.1| At2g13540/T10F5.8 [Arabidopsis thalia... [ score 281 E 5e-75 ] [ range 5 .. 233 ]
sequence
-----------KTLLLRIGEKGSSDYKDHIETCFGVIRREIERSGDQVLPFLLQCAEQLPHKIPLYGTLI
GLLNLEN-EDFVQKLVESVHANFQVALDSG--NCNSIRILLRFMTSLLCSKVIQPASLIVVFETLLSVDE
EKGNPQPQADFYVICILSSLPWGGSELAEQVPDEIERVLVGIQAYLSIRKNSSTSGLNFFEFESSLAEKD
FVEDLLDRIQSLASNGWK-*
>P1;gi|43821412|gb|EAF65127.1| unknown [environmental sequence] [ score 174 E 1e-42 ] [ range 44 .. 168 ]
sequence
-------EQRLINLIVKIGDKNVANVTSHLEGLAHALEGDMERHRRLIMDTIFDCAHWLQPKSGVYGALV
GLLNLAE-PKFGEAVAERAHKELQLALDDH--APLAIRGLARFVVELMNAHVLEPTAAIEVLETL-----
----------------------------------------------------------------------
-------------------*
>P1;gi|23619615|ref|NP_705577.1| hypothetical protein [Plasmodium fa... [ score 66 E 6e-10 ] [ range 9 .. 181 ]
sequence
----------IKNEIIKIGDK-LIDSEDIFE-----LCKKISKSKTKCIDTILECIFYMPVKIGIYATIL
GIITKNN-EKLKLDVVLKLNHNIEVFIKD---KPLQCLLWFRCIISLSCCHIYDFKYCLDLFNKLYELCV
EKEKKYIKGDNILYMLLSNFFYISKNIYDENKGVLDNLLHNSFDLIEKRQ--------------------
-------------------*
>P1;gi|23490669|gb|EAA22390.1| hypothetical protein [Plasmodium yoel... [ score 62 E 1e-08 ] [ range 9 .. 182 ]
sequence
----------IKNEIIKIGDK-----EIDSDDIFELSKRILKSRTNQCIDTLLECIFHMPVKIGIYATIL
GIITKGN-DKLKLQLILKLNHNISVFIKSN--SYH-CLLWFRCIIGISCCGVFDFSHCIKLFKNLYALCV
ENENKYIKADNILYLFLSNFFYISKQIYDANKVELDNILSNCFDLIDKRQA-------------------
-------------------*
>P1;gi|4586403|dbj|BAA76378.1| CaGCR3 [Candida albicans] [ score 53 E 5e-06 ] [ range 79 .. 271 ]
sequence
----------------------------------------IDNLRNSILSTIYALITEQPHKISAIANLI
LICNAKN-FVIAKYVIEYLHSKMQTMLDSQ--EFNDIKNILKFLSTL--TPIIEDNGIIQIFKQFLNFAI
EQEQTEVRNGLIYYNVLIAIPYVLSN------DNSDDLKKSINELIELARNFKIVATRMGNFELPYIPKQ
MVDLILPALIKLQNDDW--*
>P1;gi|43495633|gb|EAE02658.1| unknown [environmental sequence] [ score 48 E 1e-04 ] [ range 132 .. 213 ]
sequence
-----------------------------------------------------------PQFSPVFAALV
AVVNTKF-PELGELVLKRVILQFRRAFKRN--DKPVCVAATRFLAHLINQQVVHELTALELLTVLLASPT
DDSV------------------------------------------------------------------
-------------------*
>P1;gi|41019505|sp|Q04637|I4G1_HUMAN Eukaryotic translation initiati... [ score 293 E 1e-78 ] [ range 752 .. 992 ]
sequence
-DADGSKTQDLFRRVRSILNK-LTPQMFQM-KQVTQLAIDTEERLKGVIDLIFEKAISEPNFSVAYAN-C
RCLMALKVPNFRKLLLNRCQKEFEKDKEARDIARRRSLGNIKFIGELFKLKML--TIMHDCVVKLLKNH-
--------DEESLECLCRLLTTIGKDLDFEKAKPMDQYFN-QEKIIKE------------------KKTS
SRIRFMQDVLDLRGSNWV-*
>P1;gi|13399859|pdb|1HU3|A Chain A, Middle Domain Of Human Eif4gii [ score 243 E 1e-63 ] [ range 1 .. 243 ]
sequence
SDPENIKTQELFRKVRSILNK-LTPQFNQL-KQVSGLTVDTEERLKGVIDLVFEKAIDEPSFSVAYAN-C
RCLVTLKVPNFRKLLLNRCQKEFEKDKEAKDKARRRSIGNIKFIGELFKLKAL--TIAHDCVVKLLKNH-
--------DEESLECLCRLLTTIGKDLDFEKAKPRDQYFN-QEKIVKE------------------RKTS
SRIRFLQDVIDLRLCNWVS*
>P1;gi|1170504|sp|Q03387|IF41_WHEAT Eukaryotic initiation factor (is... [ score 227 E 7e-59 ] [ range 203 .. 438 ]
sequence
---NLSEKDRVLKTVKGILNK-LTPEFDLL-KQLLDSGITTADILKDVISLIFEKAVFEPTFCPMYAQ-L
CSELNDNLPTFKRVLLNNCQEAFEQEMEKRDKERIRTLGNIRLIGELLKQKMV--KIVHHIVKELLGSP-
--------DEEHVEAICQFFNTIGKQLD-ENPKSRDTYFV-QRELVAN------------------PQLT
PRSKFMRDLIDLRSNNWV-*
>P1;gi|29367393|gb|AAO72569.1| eukaryotic initiation factor-like pro... [ score 226 E 2e-58 ] [ range 199 .. 436 ]
sequence
---NLSEKDRVLKTVKGILNK-LTPEFDLL-KQLMESGITTADILKDVISLIFEKAVFEPTFCPMYAQ-L
CSDLNEKLPTFKRVLLNNCQEAFEQEMERRDKERIRTLGNIRLIGELLKQKMV--KIVHHIVQELLGSP-
--------EEENVEAICQFFNTIGKQLD-ENPKSRDTYFQ-MKELTTN------------------LQLA
PRLRFMRDVVDLRSNNWV-*
>P1;gi|1903416|gb|AAC53095.1| translation repressor NAT1 [Mus musculus] [ score 222 E 3e-57 ] [ range 70 .. 310 ]
sequence
---EKERHDAIFRKVRGILNK-LTPEFDKL-CELLNVGVESKLILKGVILLIVDKALEEPKYSSLYAQ-L
CLRLAEDAPNFRRLLISKLQDEFENREEQRAIAKIKMLGNIKFIGELGKLDLI--HILHKCIKTLLEKK-
--------KREDLECLCQIMRTVGPRLDHERAKSMDQYFA-RMSLMLS------------------KELP
ARIRFLQDTVELREHHWV-*
>P1;gi|32416192|ref|XP_328574.1| hypothetical protein [Neurospora cr... [ score 220 E 1e-56 ] [ range 1121 .. 1377 ]
sequence
--PGHLDPETVQRKVKAALNK-MTPESDQI-LEIAHQSKNEQDTLRQVIQLTFEKATDEAHWASMYAK-C
KRMLETMSPEFRKYLLNRCQEEFERGWEEGDKAKRRGLGLVQFIGELFKLGML--TIMHECVRKLLEFP-
--------DEAEIESLTKLLRTVGGNLDSEKGRPMEVYFG-RQQIMDL------------------PDLP
SRLKFMMDVVDLRKARWHS*
>P1;gi|8118607|gb|AAF73054.1| protein synthesis initiation factor 4G... [ score 219 E 3e-56 ] [ range 763 .. 994 ]
sequence
ADEEQAKQ----RQLKSILNK-LTPQFEKL-EQVKSVNIDNAVTLSGVISQIFDKALMEPTFCEMYAD-F
CFHLSGALPDFKRLLLNKCQEEFEEGQEKRLQVRRRMLGNIRLIGELYKKRML--KIMHACIQKLLQDP-
--------HEENIEALCKLMSTIGVMIDHNKAKFMDGYFE-KMKMLSK------------------QELS
SRVRFMINAIDLRKNKW--*
>P1;gi|34855470|ref|XP_218348.2| similar to Eif4g2 protein [Rattus n... [ score 219 E 4e-56 ] [ range 241 .. 484 ]
sequence
SSTNEILQDAIFRKVRGIINK-LTPEFDKL-CELLNVGIESTFILKWVILLILHKTVEEPKHSSLYAQ-L
CLALAEDAPNFRRLLISKLADEFENREEQRAIAKIKMLENIKFIGDLGKLELI--HILHKCIKTLLEKK-
--------MGEDLECLCQIMRTVGPLLDHERAKSMDQYFA-RMSLMLS------------------KELP
SRIHFLQDTVELQEHHWVS*
>P1;gi|38110749|gb|EAA56425.1| hypothetical protein MG06396.4 [Magna... [ score 216 E 3e-55 ] [ range 1099 .. 1353 ]
sequence
-----MEPEIVQRKVKAALNK-MTPEADQI-LEIAAQSKDEQDTLRQVIQLTFEKATDEAHWASMYAK-C
KRMLETMSAEFRKYLLNRCQEEFERGWEGDEKAKRRGLGLVQFIGELYKLGML--TIMHQCVQKLVDYP-
--------DEAEVESLCKLLRTIGANLDQNADKTMDAYFD-RNTMINL------------------PDLP
SRLQFMMDVVDLRKGGWVS*
>P1;gi|25083377|gb|AAN72067.1| eukaryotic initiation factor 4, eIF4-... [ score 214 E 8e-55 ] [ range 204 .. 439 ]
sequence
---NLSENDRVLKTVKGILNK-LTPEKYDL-LQLIESGITSADILKGVITLIFDKAVLEPTFCPMYAK-L
CSDINDQLPTFKRVLLNICQEAFEGASQLREELRQMSLGNIRLIGELLKQKMV--KIVHHIVQELLGAD-
--------EEENVEAICHFFKTIGKQLDGNVKSKRDVYFK-RLQLSKN------------------PQLE
LRLRFMQNIIDMRSNGWV-*
>P1;gi|42552396|gb|EAA75239.1| hypothetical protein FG05422.1 [Gibbe... [ score 213 E 2e-54 ] [ range 1104 .. 1357 ]
sequence
-----MEPDMVQRKVKAALNK-MTPEFDRI-AQILLIASQSKETLRQVIQLTFEKATDEAHWASMYAK-C
KRMLETMSSDFRKYLLNRCQEEFERGWTVNAAAKRRGLGLVQFIGELYKLGML--TIMHECVHKLVDYP-
--------DEAEVESLSKLLRTIGGNLDTEKGRPMDAYFQ-RQSMMDI------------------PELP
SRLKFMLDVIDLRRAKWVS*
>P1;gi|31206943|ref|XP_312438.1| ENSANGP00000021865 [Anopheles gambi... [ score 209 E 3e-53 ] [ range 186 .. 429 ]
sequence
-SAEQDETQKLLKSMRSILNK-LTPEFTKL-EQVKMLSIKTDEQFKGCIRLVFEKAISEPNFSEAYAK-C
REIGSLAVPDFRTQLLERCQCEFQERRKDAAKARRRAVGTVRFIGELYKLGML--QPMLQCFDALLEES-
--------NEESLECLCKLLTTVGANLEKMNESLTSYFTR-LGDIVKQ------------------FKIS
SRIRFMQDVIDLRRNNWV-*
>P1;gi|19115514|ref|NP_594602.1| putative eukaryotic translation ini... [ score 209 E 4e-53 ] [ range 998 .. 1246 ]
sequence
-DEEALLPPEVVRKVKGSLNK-MTEKFDKI-SQILEIAMQSRKTLKQVIQLTFEKATDEPNFSNMYAR-F
ARKMMDSIDDFRKYLLSRCQEDFERGWKANAAIKRRGLGLVRFIGELFKLSML--KIMHECIKRLLGNP-
--------EEEEIESLCRLLMTVGVNIDTEKGAAMDVYLR-METITKI------------------PNLP
SRIKFMMDVMDSRKNGW--*
>P1;gi|40738845|gb|EAA58035.1| hypothetical protein AN6060.2 [Asperg... [ score 207 E 9e-53 ] [ range 1007 .. 1255 ]
sequence
-------PDVVQRKVKAALNK-MTPESSQI-LEIVSQSKDESDTLRQVIQLTFEKATDEAHWASIYAK-F
CKTMNIKDKNFRKYLLNRCQEEFERGWKVNEEAKRRGLGLVKFIGELFKLGML--TIMHMCIKKLVDYP-
--------DEAEVESLTSLLRTIGAALDSQNRKFMDAYFQ-RINMVQT------------------PNLP
SRLKFMMDIIDLRNARWVS*
>P1;gi|7512011|pir||T09072 probable translation initiation factor eI... [ score 206 E 2e-52 ] [ range 744 .. 1000 ]
sequence
-----LEKDELVRRVRGILNK-LTPEFDTL-EEIIKLKIDTPDKVDEVIVLVFEKAIDEPNFSVSYAR-L
CQRLAAEVAHFRNALLDKTEQEFTQNKEKKDKIKKCSGGTVRFIGELFKISML--KIIYSCIDTLLNPH-
--------SEDMLECLCKLLTTVGAKFEKEKSITRMQAIA-SKTDKDG------------------ARVS
SRVRFMQDVIDLRKNKW--*
>P1;gi|15224087|ref|NP_179983.1| MIF4G domain-containing protein / M... [ score 202 E 5e-51 ] [ range 169 .. 402 ]
sequence
-----SDKDRVVKSVKGILNK-LTPEKYEL-LQLIDAGITSADILKEVIQLIFENAILQPTFCEMYAL-L
CFDINGQLPTFKRVLLNNCQEAFEGAGKLKEEIRQRTLGNIRLIGELLKQKMV--KIVHHIVQELLGDP-
--------AEGDVEALCQFFITIGKQLD-DSPRSRDTYFR-LKELARH------------------PQLE
LRLRFMQNVVDLRANKWV-*
>P1;gi|39587235|emb|CAE57703.1| Hypothetical protein CBG00709 [Caeno... [ score 198 E 7e-50 ] [ range 502 .. 751 ]
sequence
-SAEEAAVKEVCKKVRSLMNK-VTPTSQTA-EFISYNVSSNESQLTQVVGIVFDKAVEEPKFCALYAE-C
KAQVTHELAKFRNTILTRTQSFFQDKREEKQKFRRRKFGVMAFIGYLYRNNLT--KIVQSCSLELFEDF-
--------DEESIHCGLQLIETVGVILDKSKPAFLDQWFK-KLEDAKP------------------L-CS
NKIRFMMNLNELRKDKWV-*
>P1;gi|24649427|ref|NP_651188.1| CG10192-PA [Drosophila melanogaster... [ score 194 E 7e-49 ] [ range 1265 .. 1518 ]
sequence
--DEDDDVEGVLKKVRGILNK-LTPDNFEL-KEMSSIKMDNEAKMTNVMLLIFEKTISEPNFAPTYAR-F
CKVLEIKAENFTSSLITRIQHEFENDANAKSKFRRRAWGTVRFIGELFKLQTN--DRVLNCVESLLEHG-
--------CEEKLEYMCKLLTTVGHLLESEHYQLRDRIFR-RIQDIIN------------------RKIS
SRVRFMQDVLDLRLRNW--*
>P1;gi|32398744|emb|CAD98704.1| conserved MIF4G domain protein [Cryp... [ score 194 E 1e-48 ] [ range 694 .. 909 ]
sequence
-----------LRQYRAILNK-LTEKFDKL-EQILSVGINNEEEMIGLLKLVFDKATTQHHFIPMYVE-L
CDLKDVTTIETRRILVDLCQELFEDSFEWQLKYKNKMKGNMIFMASLVRKKVI--TVVLMCMEELLQFH-
--------LPHHLEALCVFLHHVGPFLDSERWKHYELFLQ-FEEFSTN------------------KEVP
IRIRFLIDVIDSRKNNWKS*
>P1;gi|6321389|ref|NP_011466.1| also called eIF4 (eIF-4) gamma; Tif4... [ score 191 E 8e-48 ] [ range 558 .. 814 ]
sequence
--TELFDKEEVERKMKSLLNK-LTLEMFEI-LDIANQSKWEDETLKIVIEQIFHKACDEPHWSSMYAQ-L
CKVVKDLDPNIKDYLVARCHEEFEKGWADKAAAKRRGLGLVRFIGYLYCLNLL--KMMFECFRRLMKDP-
--------SEETLESVIELLNTVGEQFEHDKVLLDNLFML-LQHIIDG------------------GTIS
NRIKFLIDVKELREKHWNS*
>P1;gi|45201052|ref|NP_986622.1| AGL044Cp [Eremothecium gossypii] >g... [ score 190 E 1e-47 ] [ range 657 .. 912 ]
sequence
--TELLDKEEAERKMKSLLNK-LTPISEEI-INIANQSKWEEESLKVVIEQIFNKATDEPHWSSMYAQ-L
CKVVKDLDKDIQDYLFDRCQTEFQKGWADKAAAKRRGLGLIRLIGPRSNLLTS--KMMFQCFRRLMKDP-
--------SEETLESVIELLTTVGEQFELEGSALLDQFFM-LDQVMED------------------CEIS
SRIRFLLDLKDMRNASW--*
>P1;gi|31221253|ref|XP_317024.1| ENSANGP00000019262 [Anopheles gambi... [ score 190 E 2e-47 ] [ range 74 .. 331 ]
sequence
ADPETEKTQKLSREFRSALNK-LTPEFGVL-EQIKALTIDTEERLTNCIKILFEKAIMEPNFSDTYAQ-L
CRELTGQVMSLKRVLISQCQAEFEKHEEQTNRIRRRALGTIRFIGALYKQEQL--SIMLKCIMQLLQDD-
--------DEESLECLCKLLTTIGVRIEQDSSGTLQECFN-KLQRISE------------------RQIC
NRIRFMMDLLDLRKDKW--*
>P1;gi|17535211|ref|NP_495729.1| initiation factor (129.3 kD) (2I511... [ score 188 E 6e-47 ] [ range 510 .. 750 ]
sequence
---EEAAVIEVCKKVRSLMNK-VTPTSQTE-EFISYNVSSNDAQLAQVVEIVFDKAVEEPKFCALYAE-C
KAQANHELSQFRNKVLTRTQMTFQDKKEEKQKFRRRKFGVMTFMGYLYRNQLT--KIVQTCTFELFEDV-
--------DEESIHCGLQLIETVGVMLDKSKDSTLDQWFQ-KLEAAKP------------------Y-CS
NKIRFMMNLMELRKDKWI-*
>P1;gi|31228503|ref|XP_318067.1| ENSANGP00000003468 [Anopheles gambi... [ score 184 E 8e-46 ] [ range 1 .. 223 ]
sequence
-------------QVRGILNK-LTPEFQKL-SELLKLDLNSSKILNGVILLIFDKALDEPKYSSMYAQ-L
CKRIKSKSSTFLQILLNVCRDKFENREEKKNVAKQKILGNVKFIGELYKLGML--VELHKMLRSLFTNK-
--------SSEDMECLAQLIRTCGKNLDTELGKLMDQYFE-RMEKYSQ------------------SQSP
PRIRFMRDLIELRKNNW--*
>P1;gi|6321601|ref|NP_011678.1| also called eIF4 (eIF-4) gamma; Tif4... [ score 180 E 1e-44 ] [ range 598 .. 854 ]
sequence
--TELLDKDEVERKMKSLLNK-LTLEMFEI-LAIANISVTNGETLKAVIEQIFLKACDEPHWSSMYAQ-L
CKVVKELNPDITDYLVARCHAEFDKGWTDKASAKRRGLGLVRFIGFLYRLNLL--KMMFECFRRLMKDP-
--------SEETLESVVELLNTVGEQFETEGSQLLDSLFG-LDNIIQT------------------AKIS
SRIKFLIDIKELRHDNWNS*
>P1;gi|17511255|ref|NP_006442.2| poly(A) binding protein interacting... [ score 174 E 1e-42 ] [ range 162 .. 377 ]
sequence
--------------VQDFLNH-LTEEIEQF-AETLNGCVTTDDALQELVELIYQQATSIPNFSYMGAR-L
CLTISPQSGNFRQLLLQRCRTEYEKDQAAKEVTRKRFHAFVLFLGELYLNLLQ--VGLRELLNALFSNP-
--------MDDNLICAVKLLKLTGSVLEKEKGKMDMEEII-QENVVLD------------------ANCS
RDVKMLLKLVELRSSNW--*
>P1;gi|39587237|emb|CAE57705.1| Hypothetical protein CBG00712 [Caeno... [ score 169 E 4e-41 ] [ range 331 .. 580 ]
sequence
-SAEEAAVKEVCKKVRSLMNK-VTPTSQTA-EFISYNVSSNESQLTQVVGIVFDKAVEEPKFCALYTE-C
KAQVIHELAKFRNTILTRTQSFFQDKREEKQKFRRRKFGVVAFIGYLYRNNLL--SAVHSCSLELFKDF-
--------DEESIHCGLQLIETVGVILDNSKPALLDQWFK-KFEDAKP------------------L-CS
NKIRFMMNLNELRKDKWV-*
>P1;gi|27882007|gb|AAH43861.1| Paip1-pending-prov protein [Xenopus l... [ score 168 E 6e-41 ] [ range 148 .. 363 ]
sequence
--------------VQDFLNH-LTEQPGSF-EDVLNNCVTTDESLQELVELIYQQAISVPNFSYTGAR-L
CLHINPQNQNFRQLLLKRCQTEFEKDQAAKGDARKQFHAFVLFLGELYKGQVT--RALQELLNSLFSNP-
--------VDDNLMCAVKLLKLTGSVLEKEKALSEEVMLR-MKNVVLD------------------ANCS
RDVKMLLKLVELRSSNW--*
>P1;gi|23508281|ref|NP_700950.1| hypothetical protein [Plasmodium fa... [ score 164 E 1e-39 ] [ range 2688 .. 2917 ]
sequence
----------MMRKLRGILNK-LTEKFDLL-EQIILVGITKLDEIIGLMKLVFEKAVTQHHFVQMYVQ-L
CKKLNVTTVQFKKILINQCQDSFENEQMHKNKVR----GNMLFVGELVKSGII--SIVFVCIKQLLEKR-
--------ESYHLEALCMFLNTVGEILDHEKAKVKELYNT-LNELVNN------------------ESIT
FRVRLIKDVIDNRNEKW--*
>P1;gi|23478233|gb|EAA15375.1| ERYTHROCYTE MEMBRANE PROTEIN PFEMP3 [... [ score 162 E 4e-39 ] [ range 861 .. 1090 ]
sequence
----------LMRKLRGILNK-LTEKFDLL-EQIILVDISKLEEIIGLMKLVFEKAVTQHHFVQMYVQ-L
CKKLNISVVQFKKILINQCQDSFENEQMHKNKVR----GNMLFVGELVKSGII--SIVFVCINQLLEKR-
--------DNYHLEALCMFLNTVGEILDTHEKSNQEEYNK-LNEIVND------------------ESIL
FRVRLIKDVIDNRNEKW--*
>P1;gi|23484113|gb|EAA19556.1| synthetic antigen of P.falciparum [Pl... [ score 150 E 2e-35 ] [ range 717 .. 950 ]
sequence
---ENMHPLEFMRQIKSLLNK-LTVETEKM-CQIMDSRINTDEI-QTVVNEVINKAVLEHDWSEMYAD-L
CQALKWRSPNFEMKLLKKIQEEYEKNDEAEQKQKKRLFGIVKLIGELFQRQVI--SITHDLLIA-YDEP-
--------KEYCIEAFLQLIYSTGFFIDKEKYKNLDTWFG-RLKELQR------------------KKMS
KRIKFIQDVFDLRLSEW--*
>P1;gi|23619075|ref|NP_705037.1| Plasmodium falciparum asparagine-ri... [ score 149 E 3e-35 ] [ range 890 .. 1123 ]
sequence
---ENMSPIEMERQVKSLLNK-LTVETEKM-CQIMESRLNTDEI-QTVVNQVIDKAVLEHDWSEMYAD-L
CQTLKWRSPNFEMKLLKKIQEQYENNEEEEQKQKKRLLGIVKLIGELFQRQIV--SISHDLLIA-YEEP-
--------KEYCIEAFLQLIYSTGFFIDKEKYKNLDTWFG-RLKELQR------------------KKMS
KRIKFIQDVFDLRSSEW--*
>P1;gi|34932444|ref|XP_344702.1| similar to Hypothetical protein KIA... [ score 144 E 2e-33 ] [ range 700 .. 909 ]
sequence
--PNKMDRLEILNSMRNNSSD-VDAKLTSF-MEEAQNSTNSEEMLGEIVRTIYQKAVSDRSFAFTAAK-L
CALFMVEGTKFRSLLLNMLQKDFTVREELQQQDVERWLGFITFLCEVFGTMLV--CPIYTCLRELLQSQ-
--------DEDAVLCCSMELQSTGRLLEEQLPEMMTELLA-RDKMLCP------------------SESM
LTRSLLLEVIELHANSW--*
>P1;gi|28380948|gb|AAO41441.1| RE34257p [Drosophila melanogaster] [ score 143 E 2e-33 ] [ range 12 .. 175 ]
sequence
---------------------------------------------------------EAPSFDKEPSN-S
STFLRLLIAVCRDKFNNRLKRENEADEEERRHAKQRMLGNVKFIGELNKLDML--SVLHQCIMELFDKK-
--------KKEDMECLAQLLKTCGKNLDSEQGKLMNQYFK-LERRSKS------------------SEYP
PRIRFMKDVIELRQNNWV-*
>P1;gi|41235722|ref|NP_958742.1| gene model 672, (NCBI); hypothetica... [ score 143 E 2e-33 ] [ range 390 .. 603 ]
sequence
SSPQPSKMDEILNIMRNNSSD-VDAKLTSF-MEEAQNSTNSEEMLGEIVRTIYQKAVSDRSFAFTAAK-L
CALFMVEGTKFRSLLLNMLQKDFTVREELQQQDVERWLGFITFLCEVFGTMLV--CPIYTCLRELLQSQ-
--------DEDAVLCCSMELQSTGRLLEEQLPEMMTELLA-RDKMLCP------------------SESM
LTRSLLLEVIELHANSW--*
>P1;gi|40788256|dbj|BAA24857.2| KIAA0427 [Homo sapiens] [ score 142 E 4e-33 ] [ range 376 .. 581 ]
sequence
-----DKLIEILNSMRNNSSD-VDTKLTTF-MEEAQNSTNSEEMLGEIVRTIYQKAVSDRSFAFTAAK-L
CALFMVEGTKFRSLLLNMLQKDFTVREELQQQDVERWLGFITFLCEVFGTMLV--CPIYTCLRELLQSQ-
--------DEDAVLCCSMELQSTGRLLEEQLPEMMTELLA-RDKMLCP------------------SESM
LTRSLLLEVIELHANSW--*
>P1;gi|43540044|gb|EAE24753.1| unknown [environmental sequence] [ score 140 E 1e-32 ] [ range 1 .. 242 ]
sequence
---------------------------------------DEAQTLIGLIGQLFDKALTEPTFAELYAM-M
CQQLSPRMINFKRVLLNKCQEEFEKGDSAEDRMRQRMLGNIRFIGELFKKEML--TIMHTCIMKLLKNP-
--------DEEDVEALCKLMATIGRLIDRPDAKSMDAYFK-RQGLSVN------------------KSIS
SRHRFMQDIMEMRSKGW--*
>P1;gi|7488393|pir||T01452 translation initiation factor homolog F24... [ score 131 E 1e-29 ] [ range 28 .. 207 ]
sequence
--------------------------------------------LQRLTTLIFDKAVLEPTFCPMYAQ-L
CFDIRHKMPSFKRVLLNTCQKVFERTDDLSEEIRKRTLGNLRFCGELFKRMLT--EKVVLAIQKLLEDP-
--------SEEKIIAICLFLNTVGKKLDSLNSKLMNEILR-RKNLSNH------------------PQLV
MSLRLM-------------*
>P1;gi|33589378|gb|AAQ22456.1| RE51676p [Drosophila melanogaster] [ score 110 E 2e-23 ] [ range 744 .. 857 ]
sequence
-----LEKDELVRRVRGILNK-LTPEFDTL-EEIIKLKIDTPDKVDEVIVLVFEKAIDEPNFSVSYAR-L
CQRLAAEVAHFRNALLDKTEQEFTQNSTAKEK--------------------------------------
----------------------------------------------------------------------
-------------------*
>P1;gi|43553544|gb|EAE31561.1| unknown [environmental sequence] [ score 106 E 3e-22 ] [ range 105 .. 220 ]
sequence
-DDEEQKRQRAF---KAILNK-LTPDFEKL-LEILDVGITEVETLVGLIGQLFEKALQEPTFSSLYAQ-L
CRVLSMQAITFKRVLLKKCQQEFESGDKAIAKA-------------------------------------
----------------------------------------------------------------------
-------------------*
>P1;gi|44128930|gb|EAH28289.1| unknown [environmental sequence] [ score 80 E 2e-14 ] [ range 10 .. 232 ]
sequence
-------------QMNKLMNQ-LTLENFQR-ISVKITEITTQKLIEELIKIIVDKSQIEHCFGNTYAK-L
CAEIVQQLKRFKSTLVSRCQCDFEREIEDQELLRKKNTGHLKFLGQLYLENIF--NMINYCIEELFENP-
--------DEEKIRSLAIILTIVGWKLENESGKSLKIFYR-LKELSES------------------NKLS
KLMSFMLDLVEMSSNNW--*
>P1;gi|19074240|ref|NP_584846.1| similarity to transcription initiat... [ score 76 E 6e-13 ] [ range 194 .. 428 ]
sequence
--PDNNRKDTCIEQARLEFNR-LTAKNLVI-KNLKAIRVGTIEEMKEIAKILFDKAISEPTFVKYYAL-L
VLDLKEKTRDITQTVFERWGDEYERRKEERYIKKRRTLGTIDFLSSLYSLNVI--SYVHMCINTLMKLD-
--------DSENVEVLCYLIENIGEKLVVSGKEHIISMVC-SSLAQKK------------------NSYT
NRIRYMIELLDKRSS----*
>P1;gi|41055259|ref|NP_956678.1| hypothetical protein MGC64152 [Dani... [ score 70 E 4e-11 ] [ range 6 .. 200 ]
sequence
----------------------------------TALDMETQTMLKTAITVDLEKAVVEHSFCKDAGR-M
CYAVKTASSVFRRNLLNRLQQEFIAREETRKRSMQEWVCVVTFICSIFKVNLV--DPVYDCLFRLAQPD-
--------SEEEVDCLVVQLHRVGEQLEQTNSERMNQYLL-RDGFLLQ------------------EDLS
SMTRLLLEILEFRASGW--*
>P1;gi|23510352|ref|NP_065730.2| AD023 protein [Homo sapiens] >gi|21... [ score 67 E 2e-10 ] [ range 109 .. 242 ]
sequence
----------------------------------------------------------------------
----------FRRGLLNRLQQEYQAREQLRARSLQGWVCYVTFICNIFDMALV--NPVYDCLFRLAQPD-
--------KEEEVDCLVLQLHRVGEQLEKMNGQRMDELFV-LIRLLPT------------------GLSS
LAQLLLLEIIEFRAAGWKT*
>P1;gi|31240929|ref|XP_320878.1| ENSANGP00000019142 [Anopheles gambi... [ score 66 E 6e-10 ] [ range 122 .. 287 ]
sequence
--------------------------------------------LSTTIETIFDQSIRESNFRYMGAR-L
CQLLDSKAPNLRELLLKMDHQNSEPEFMKQEQVKVR--GATLFLAELYGKTIS--EYIVSAIEILVAKK-
--------GPENLKCVCQCLKLCGFELDQDCPDKVDQIMK-NLDQARS------------------SVPS
AAEKIIGSVIELRKIAW--*
>P1;gi|19922420|ref|NP_611180.1| CG8963-PA [Drosophila melanogaster]... [ score 63 E 3e-09 ] [ range 303 .. 473 ]
sequence
---------------------------------------NNQFVLSIAMEDIFEKSIEQPNFRYMGAK-L
YNLLHMLNSKFHTLLLDYHQEEVTKRSNEQQKVRETAL----FLAELYRIQLI--NIVYS-LSKLLASE-
--------SNENVRCLCQTLKLAGYDLTADCPKDIQEIIT-ALQAIEL------------------KS-P
GKYPMAASVIALQQNNW--*
>P1;gi|31225812|ref|XP_317618.1| ENSANGP00000007281 [Anopheles gambi... [ score 59 E 6e-08 ] [ range 170 .. 356 ]
sequence
--------EALKKSIHGFINK-V---------NVDNIGVITRELLRENIRSIVQAQAASPTFTHVYAA-L
VAIINSKFPNIGELLLHRLVIQFKRGF--RRNDKSICLSASRFVAHLVNQRVA--HEILEILTLLVENP-
--------TDDSVEVAIAFLKEVGQKLTEVSGKGINAIFM-LKNILHE------------------GKLD
KRVQYMIEVVQIRKDG---*
>P1;gi|28981303|gb|AAH48773.1| MGC53513 protein [Xenopus laevis] [ score 58 E 9e-08 ] [ range 42 .. 207 ]
sequence
---------------------------------------------------IVDQSLRDSTFSREAGR-C
YTIIQVESKQFRSSLLNRLQVEYRNRKETRARSLQEWVCYVGFMCNVFDLALV--NPVYDCLFDLVQPK-
--------KEVEVDCLVLQLHRVGEQLEKMNCQRMDELFS-QLRLLQG------------------GLSS
LTQLLLLEMIEYRAAGW--*
>P1;gi|34875113|ref|XP_340937.1| similar to RIKEN cDNA 2310075G12 [R... [ score 56 E 4e-07 ] [ range 75 .. 228 ]
sequence
----------------------------------------------------------------------
----------FRRGLLNRLQKEYDAREQLRACSLQGWVCYVTFICNIFDMALV--NPVYDCLFQLAQPE-
--------SEEEVDCLVLQLHRVGEQLEKMNGQRMDELFI-L--IRDG------------------FLLP
IDRLLLLEIIEFRAAGWKT*
>P1;gi|19528255|gb|AAL90242.1| GH13383p [Drosophila melanogaster] [ score 55 E 7e-07 ] [ range 417 .. 603 ]
sequence
--------EALKKSIHGYINK-V---------NVTNIAIITRELLRENIRSIIQAQAASPTFTHVYAA-L
VSIINSKFPNIGELLLKRLVIQFRRAFRRNDKMV-CMSAT-RFIGHLVNQRVA--HEILEILTLLVETP-
--------TDDSVEVAIAFLKECGMKLTEVSSKGIGAIFE-MLNILHE------------------GKLD
KRVQYMIEVLQIRKDG---*
>P1;gi|40741734|gb|EAA60924.1| hypothetical protein AN4581.2 [Asperg... [ score 53 E 4e-06 ] [ range 281 .. 493 ]
sequence
SSSESESLTRLRRQAQGHLNK-LSEEFEKL-EYPRQNVTSTLVTL--LFGLICERSALQDTFIILHAG-F
IAAVKVMGMDFGAEIVQKIVETFDAGGDDRGKFEKEMINLISLLSQLYNFHVV--TLVFDYIRLFLQDI-
--------NEDNTELLLKVIRNSGPQLRQDDPSSLKDIVL-LIQPAVT------------------KSLS
VRTKFMIDTIDLKNNRLKS*
>P1;gi|31211821|ref|XP_314885.1| ENSANGP00000012355 [Anopheles gambi... [ score 51 E 1e-05 ] [ range 340 .. 518 ]
sequence
--------------------------------------------------QLLHRAVEGRRYSLPISR-L
CIIAKEKKETFLEALLNTCRQWYERDKNSKNPSRPRFTSFMAFLTEMFKRRQL--QLRTECLLTVLGKC-
--------CEDCIECLFFVLTCIGRDLETHLPQQLESLLA-RDAFLNS------------------AASA
PAIRTLLQLIELQASHW--*
>P1;gi|42554969|gb|EAA77812.1| hypothetical protein FG07214.1 [Gibbe... [ score 50 E 3e-05 ] [ range 148 .. 283 ]
sequence
-------------------------------------------------------------FTPIYAA-M
AAIVNTKLPQVGELLIRRLVLQFRKGFKRNDKAV--CLSSTTFLAHLINQQVQ--HEMLQILLLLLHKP-
--------TDDSVEIAVGFCREVGQYLEEMQSSIANVIFQ-FRNILHE------------------ADID
KRTQYMIEVLQVRKDK---*
>P1;gi|17533631|ref|NP_496363.1| nucampholin, LEThal LET-858 (104.3 ... [ score 50 E 4e-05 ] [ range 191 .. 382 ]
sequence
--------ERMKKKIHGLVNR-VNAKN--L-VQIVELLQENVIRSKGLLDIIQAQAFS-PGFSNVYAA-L
AAVINSKFPHVGELLLRRLIVQFKRSF--RRNDRGVTVNVIKFIAHLINQQVA--HEVLEIMILMLEEP-
--------TDDSVEVAIAFLKECGKLLEIAPAALNSVYDR-LRAILME------------------TERS
RRIQYMIETMQIRKDK---*
>P1;gi|25777553|pir||T39492 conserved hypothetical protein SPBC15D4.... [ score 50 E 4e-05 ] [ range 172 .. 307 ]
sequence
-------------------------------------------------------------FTPIYAA-M
TAVINTKFPQIGELLLTRLIVQFRKSFQRNDKS--MCISSSSFIAHLINQKIA--HEILQILAVLLERP-
--------TNDSIEIAVMLLREIGAYLAEVSTRAYNGVFE-RFRTILH------------------EQLE
RRTQFIIEVLQTRKDK---*
>P1;gi|7512562|pir||T12507 hypothetical protein DKFZp434D222.1 - hum... [ score 49 E 4e-05 ] [ range 47 .. 161 ]
sequence
-----------------------------------------------------------------YAR-L
VATLHPCMSDVAEDLCSMLRGDFRFHVRKKDQINIETKNTVRFIGELTKFKMF--TKTLHCLKMLLSDF-
--------SHHHIEMACTLLETCGRFLFRSPESHLRTSVL-LEQMMRK------------------KQ--
-------------------*
>P1;gi|43495633|gb|EAE02658.1| unknown [environmental sequence] [ score 49 E 5e-05 ] [ range 83 .. 259 ]
sequence
--------DALKKSINGLVNK-VNA--SNI-KNILP-ELFTENMIRG--RGLFARAVMSPQFSPVFAA-L
VAVVNTKFPELGELVLKRVILQFRRAFKRNDKPV--CVAATRFLAHLINQQVV--HELLELLTVLLASP-
--------TDDSVEVAIEFVKECGYTLNELTPQGLHGIFE-RFRGILH------------------EEID
KRVQFMI------------*
>P1;gi|37046889|gb|AAH57913.1| Eif4g3 protein [Mus musculus] [ score 49 E 6e-05 ] [ range 1 .. 32 ]
sequence
----------------------------------------------------------------------
----------------------------------------------------------------------
---------------------------------------Q-MEKIVKE------------------RKTS
SRIRFMQDVIDLRLCNWVS*
>P1;gi|7487046|pir||T02576 hypothetical protein At2g39260 [imported]... [ score 49 E 6e-05 ] [ range 363 .. 470 ]
sequence
-----------------------------------------------------------------YSR-M
VATLASCMKDIPSMLVQMLEDEFNSLVHKKDQMKIR---NIRFIGELCKFKIV--PAVFSCLKACLDEF-
--------THHNIDVACNLLETCGRFL----YRSPETTLR-MTNMLD-----------------------
-------------------*
>P1;gi|32403078|ref|XP_322152.1| hypothetical protein [Neurospora cr... [ score 49 E 6e-05 ] [ range 270 .. 406 ]
sequence
-------------------------------------------------------------FTPIYAC-L
AAICNTKLPQVGELLVKRLVLRFRKAFKRNDKAV--CLSSTMFIAHLVNNQVV--HEMIQILLLLLAKP-
--------TDDSVEIAVGLMREVGLFLEEMSPAAHAVFDQ-FRNILHE------------------ADID
RRTQYMIEVLQVRKDKY--*
>P1;gi|40747006|gb|EAA66162.1| hypothetical protein AN0289.2 [Asperg... [ score 48 E 1e-04 ] [ range 10 .. 146 ]
sequence
-------------------------------------------------------------FTPIYAA-M
AAIVNTKLPQVGELLLSRLIIQFRKAFKRNDKAV--CISSTTFIAHLCNQQVV--HEMLQILLLLLHKP-
--------TDDSVEIAVGLTREVGQHLEMSGPIALAVFDQ-FRNILHE------------------ADID
KRVQYMIEVLQVRKDRY--*
>P1;gi|28574539|ref|NP_609319.2| CG13124-PA [Drosophila melanogaster... [ score 47 E 2e-04 ] [ range 289 .. 495 ]
sequence
-----------------------TPEIQAL-IDTALEDPNNSRCLMELTSQFIKRAVESRRFALPISR-L
CLIAREQKETFLEALLNTCRQWYQEREKLKSPSRVRFTAFMAFLTEMFRRQLQ--LRTHHCVRPPIRSL-
--------SE--IECLFYVLTCIGQDMEQQLSLVRDAFLN-AGESAA----------------------S
IR-RTLLQLIELKASHW--*
>P1;gi|38112029|gb|EAA57505.1| hypothetical protein MG10180.4 [Magna... [ score 45 E 7e-04 ] [ range 207 .. 335 ]
sequence
-------------------------------------------------------------FTPIYAA-L
VAVVNTKLPQVGELLLRRLVLRFRKAFRRNDKAV--CLSATTFVAHLVNQQVA--HEMVQMLLLLLNKP-
--------TDDSVEIAVGLTREVGQFLEEMNAAIANVVFD-RFRDILH------------------ADIA
KRTQYMIEVL---------*
>P1;gi|42546001|gb|EAA68844.1| hypothetical protein FG01948.1 [Gibbe... [ score 45 E 9e-04 ] [ range 525 .. 656 ]
sequence
------------------------------------------------------KALTEPSWSRLVAT-L
GRY----MPDVPKGLVDYLDAEFRQRRKEKDFLGQVRLSNIRYLAELTKFGIV--HVVFHCLKVSLDDF-
--------SRMNIEILCNLIENCGRYLNPETAPRMMSFLE-TLQRKKS----------------------
-------------------*
