>P1;1q0na
structureX:1q0n:   1 :A: 158 :A:2-amino-4-hydroxy-6:Escherichia coli:1.25:11.5
-TVAYIAIGSNLASPLEQVNAALKALGDIPESHILTVSSFYRTPPLGPQDQPDYLNAAVALETSLAPEEL
LNHTQRIELQQGRVRKAERWGPRTLDLDIMLFGNEVINTERLTVPHYDMKNRGFMLWPLFEIAPELVFPD
GEMLRQILHTRAFDKLNKW--*
>P1;1cbka
structureX:1cbk:   1 :A: 160 :A:7,8-dihydro-6-hydroxymethylpterin-pyrophosphokinase:Haemophilus influenzae: 2.02: 16.2
MITAYIALGSNLNTPVEQLHAALKAISQLSNTHLVTTSSFYKSKPLGPQDQPDYVNAVAKIETELSPLKL
LDELQRIENEQGRVRL-RRWGERTLDLDILLYGNEIIQNERLTIPHYDMHNREFVIVPLFEIASDLVLPN
SQIITELVKQFADHKMIKLNP*
>P1;gi|26246086|ref|NP_752125.1| 2-amino-4-hydroxy-6-hydroxymethyldi... [ score 200 E 7e-51 ] [ range 2 .. 159 ]
sequence
-TVAYIAIGSNLASPLEQVNAALKALGDIPESRILAVSSFYRTPPLGPQDQPDYLNAAVALKTTLAPEEL
LNHTQRIELQQGRVRKAERWGPRTLDLDIMLFGNEVINTERLTVPHYDMKNRGFMLWPLFEIAPELVFPD
GLSLVEALQAKGFNELDKW--*
>P1;gi|24111580|ref|NP_706090.1| 7,8-dihydro-6-hydroxymethylpterin- ... [ score 196 E 9e-50 ] [ range 2 .. 159 ]
sequence
-TVAYIAIGSNLASPLEQVNAALKALGDIPESRILAVSSFYRTPPLGPQDQPDYLNAAVALETSPAPEEL
LNHTQRIELQQGRVRKAERWGPRTLDLDIMLFGNEVINTERLTVPHYDMKNRGFMLWPLFEIAPELAFPD
GETLREVLHTRAFDKLSKW--*
>P1;gi|37524868|ref|NP_928212.1| 7,8-dihydro-6-hydroxymethylpterin-p... [ score 196 E 1e-49 ] [ range 3 .. 159 ]
sequence
--RVYIAVGSNLAEPMQQVKNALAALKDLPETECIACSSLYRTKPMGPQNQPDFLNAAVALETTLAPEEL
LNHTQAIELTQGRVRKDERWGPRTLDLDIMLFGDQVINTERLTVPHYGLKQREFMLYPLAEIAPDLIFPD
GEALSERLKHIPENGLALW--*
>P1;gi|16123549|ref|NP_406862.1| 2-amino-4-hydroxy-6-hydroxymethyldi... [ score 196 E 2e-49 ] [ range 3 .. 159 ]
sequence
--RVYIALGSNLAMPLQQVSAAREALAHLPRSRLVACSPLYRTKPLGPQDQPDFLNAVVALDTSLPPEQL
LDHTQAIERNQGRVRKEQRWGPRTLDLDIMLYGDQVIKTDRLTIPHYGLKAREFMLYPLADIAPDLIFPD
GESLSECLKRVDKNGLVLW--*
>P1;gi|15799826|ref|NP_285838.1| 7,8-dihydro-6-hydroxymethylpterin-p... [ score 195 E 2e-49 ] [ range 2 .. 151 ]
sequence
-TVAYIAIGSNLASPLEQVNAALKALGDIPESHILTVSSFYRTPPLGPQDQPDYLNAAVALETTLAPEEL
LNHTQQIELQQGRVRKAERWGPRTLDLDIMLFGNETINTERLTVPHYDMKNRGFMLWPLFEIAPELVFPD
GETLREILTSL----------*
>P1;gi|16763573|ref|NP_459188.1| 7,8-dihydro-6-hydroxymethylpterin-p... [ score 194 E 5e-49 ] [ range 2 .. 151 ]
sequence
-TIAYIALGSNLASPLEQVNAALKAIADIPDSRIVAVSSFYRTPPLGPQDQPDYLNAAVALDTALAPEEL
LNHTQRIELQQGRVRKAERWGPRTLDLDIMLFGDEVINTDRLTVPHYDMKNRGFMLWPLFEIAPDLIFPD
GISLHQHLTHL----------*
>P1;gi|45528761|ref|ZP_00179931.1| hypothetical protein Mther216501 ... [ score 187 E 8e-47 ] [ range 10 .. 152 ]
sequence
--LAYLGLGSNLGNREENLKQAVALLDAIVGIEVERLSSWYETAPVGKIDQGWFLNGVARIKTTMPAREL
LRAVMAVEQRLGRVRRE-RWGPRTIDIDILLYDDIKVTEPDLEIPHPRMLERAFVLIPLAEIAPDLLLPD
GRRAAD---------------*
>P1;gi|24379413|ref|NP_721368.1| putative 2-amino-4-hydroxy-6-hydrox... [ score 185 E 2e-46 ] [ range 2 .. 159 ]
sequence
-TLVYLSLGSNIGERQTYLQRALEELAHLSHITLQAVSPIYETAAWGKTDQADFLNIVCQLETDLSPYDL
LEACQKIEKHLNRV-RHEHWGPRTIDIDILFYGNTIIKEDNLKIPHPYLQNRAFVLVPLNDIASELVHPV
LKTVAVLLEKVDKSGVKIW--*
>P1;gi|44448225|gb|EAJ33883.1| unknown [environmental sequence] [ score 185 E 3e-46 ] [ range 4 .. 160 ]
sequence
-TLVYVGLGANLAQPLQQLERAVIALQSIKHTSLVKVSGFYGSKPMGPQDQPDYVNAVAALHTRLAAEDL
LTELQKIELEQGRQRKDERWGPRTLDLDILLFGHEIIQTERLTVPHYGMKQREFVLYPLAELNSDLVLPD
GTRLTELLTTVPLNGLTR---*
>P1;gi|39998070|ref|NP_954021.1| 2-amino-4-hydroxy-6-hydroxymethyldi... [ score 184 E 7e-46 ] [ range 5 .. 155 ]
sequence
---VFIALGSNMGDRELNLLRAVAEIGKLPETRITALSGFYETEPVGPPEQPDFLNAVLRIETSLTPHRL
LEELQRIETGLFGRRREMYQGPRSMDLDILLYGSLTVAVEGLVIPHPRLHQRHFVLVPLAEIAPDMIHPV
QKPVRELLASLP---------*
>P1;gi|22537271|ref|NP_688122.1| 2-amino-4-hydroxy-6-hydroxymethyldi... [ score 181 E 5e-45 ] [ range 2 .. 155 ]
sequence
-TTVYLSLGSNIGDRETFLKQALFSIDHLQKTKVAQISAIYETAAWGNTNQEDFFNICCQVETDLAPFEL
LDYCQEIE-KCLKRVRHEHWGPRTIDIDILLFGNQVINQEDLVVPHPYMTKRAFVLVPLLEIAPQLSLPN
GSKLEDYLEKLNLGEV-----*
>P1;gi|15675083|ref|NP_269257.1| hydroxymethylpterin pyrophosphokina... [ score 180 E 8e-45 ] [ range 2 .. 158 ]
sequence
-TIVYLSLGTNMGDRAAYLQKALEALADLPQTRLLAQSSIYETTAWGKTGQADFLNMACQLDTQLTAADF
LKETQAIEQSLGRV-RHEKWGSRTIDIDILLFGEEVYDTKELKVPHPYMTERAFVLIPLLELQPDLKLPN
HKFLRDYLAALDQSDITL---*
>P1;gi|19112212|ref|NP_595420.1| dihydropteroate synthase [Schizosac... [ score 180 E 1e-44 ] [ range 250 .. 406 ]
sequence
--IAYLSFGSNIGDKFEQIQTALSMLHKIEGIRVLDVSPLYETEPMYYKDQPSFLNGVCKIETRMSPINL
LRACQSIEQEMGRIKTILK-GPRCIDLDIVLYEDCVYESEVLTIPHLGLQEREFVLRPLLALSPDLVHPT
HQPLQEALDKLPSQGIRLY--*
>P1;gi|15612658|ref|NP_240961.1| 2-amino-4-hydroxy-6-hydroxymethyldi... [ score 179 E 1e-44 ] [ range 4 .. 160 ]
sequence
--QCYIALGSNIGDRSRFLEEAIQQLAEHDKVTVTCCSSIYETDPVGYTDQSPFLNMVVEVSTSLPVEQL
LEVTQKIE-RYCGRERHIRWGPRTLDLDILLYDQENREMENLIIPHPRMWERAFVLIPLMELNPSIVAPS
GKTIEQVVRELKDKGVTLW--*
>P1;gi|23054411|ref|ZP_00080568.1| COG0801: 7,8-dihydro-6-hydroxymet... [ score 179 E 1e-44 ] [ range 5 .. 154 ]
sequence
---VFIALGSNQGDRELNLLRAVAEIGRLEQTRITALSGFYDTDPVGPVDQPNFLNAALRLETALSPRQL
LAELQRIETDVFRRVRDVPWGPRSMDLDILLYGDLILDEEGLVIPHPRLHERRFVLVPLAEIAPDVHHPL
GKRVDELLRSLP---------*
>P1;gi|42629246|ref|ZP_00154794.1| COG0801: 7,8-dihydro-6-hydroxymet... [ score 178 E 4e-44 ] [ range 3 .. 157 ]
sequence
--TAYIALGSNLNTPVEQLHAALKAISQLPNTHLVTTSSFYKSKPLGPQDQPDYVNAVVKIKTELSPLKL
LDELQRIENEQGRV-RLRRWGERTLDLDILLYGNEIIQNERLTIPHYDMHNREFVIVPLFEIASDLVLPN
SQIITELVKQFADHKMIK---*
>P1;gi|23019082|ref|ZP_00058794.1| COG0801: 7,8-dihydro-6-hydroxymet... [ score 176 E 1e-43 ] [ range 9 .. 164 ]
sequence
-SRVVLALGSNLGDRLAALQGALDALADPDALRLLAVSPVYETAPVGGPEQDDYLNAVAVAETVLAPEAL
LARAQQVE-KEFHRVRDVRWGPRTLDVDIIDYAALVRTDPELTLPHPRAHERAFVLRPWADIDPAAVLPG
RGAVRDLLAGVADQEVRR---*
>P1;gi|29831212|ref|NP_825846.1| putative 2-amino-4-hydroxy-6-hydrox... [ score 176 E 1e-43 ] [ range 37 .. 191 ]
sequence
--RAVISLGSNLGNRLETLQGAIDALEDTPGVRVKAVSPVYETEPWGVESQPAYFNAVVLLKTTLPPSSL
LERAHAVE-EAFHRVRDEHWGPRTIDVDIVAYADVVSDDPVLTLPHPRAHQRAFVLAPWYDVDPEAQLPG
RGPVEQLLAAVTRDGI-----*
>P1;gi|20804349|emb|CAD31132.1| hydroxymethylpterin pyrophosphokinas... [ score 176 E 2e-43 ] [ range 2 .. 158 ]
sequence
-TIVYLSLGTNMGDREEYLSQAVQSLAKIPNTHLLAQSSIYETAAWGKTDQADFLNMACQLDTQLTAADF
LKETQAIEQSLGRV-RHEKWGPRTIDIDILLFGEEVYDTKELKVPHPYMTERAFVLLPLLELNADLKLPV
RQPLSVDLAALDTSDITL---*
>P1;gi|19746051|ref|NP_607187.1| pyrophosphokinase [Streptococcus py... [ score 175 E 2e-43 ] [ range 2 .. 158 ]
sequence
-TIVYLSLGTNMRDRAAYLQKALETLADLPQTRLLAQSSIYETAAWGKTDQADFLNMACQLDTQLTAADF
LKETQAIEQSLGRV-RHEKWGSRTIDIDILLFGEEVYDTKELKVPHPYMTERAFVLIPLLELQPDLKLPN
HKFLRDYLAALDQSDITL---*
>P1;gi|13470947|ref|NP_102516.1| 2-amino-4-hydroxy-6-hydroxymethyldi... [ score 174 E 5e-43 ] [ range 7 .. 160 ]
sequence
--TVYLSLGGNLGDPAASMAAALRILDADTDTRVTAVSSLYRTPPWGKLDQPDFLNAAAELSTRLSPRAL
LDLCLDAERKL-KRVREERWGPRLIDIDILVFGDRVIHETGLEVPHPRMLERAFVLAPLAEIAPDLAV-G
GRSVSERLSAVDAAGIER---*
>P1;gi|27469185|ref|NP_765822.1| 2-amino-4-hydroxy-6-hydroxymethyldi... [ score 172 E 2e-42 ] [ range 4 .. 157 ]
sequence
---AYLGLGSNIGNRELQLNEAIKILHDYQGIQVTQVSHIYETEPVGYTNQPKFLNLCIEIETELNPQSL
LKCCLTTEQQL-HRKREIRWGPRTLDIDILLFGDQIIEQDNLSVPHPRMKERSFVLIPLNDIATKQIEPI
NKSIGQLV--VPDNSVKKY--*
>P1;gi|21221828|ref|NP_627607.1| putative hydroxymethyldihydropterid... [ score 171 E 4e-42 ] [ range 37 .. 191 ]
sequence
--RAVVALGANLGNRLETLQGAIDALEDTPGVRVKGVSPVYETEPWGPDSQPSYFNAVVILKTTLPPSSL
LERAHAVE-EAFHRVRDERWGPRTLDVDIVAYAEVVSDDPHLTLPHPRAHERAFVLAPWLDVDPEAALPG
RGRVADLLAAVTRDGV-----*
>P1;gi|23097542|ref|NP_691008.1| 2-amino-4-hydroxy-6-hydroxymethyldi... [ score 171 E 5e-42 ] [ range 4 .. 162 ]
sequence
---AYVALGTNIEPRENFINQALQFLDDHPNITIKEKSSIYETAPVGYTEQSNFLNMVVQVMTSLSANEL
LDACQWIEQELGRV-RTIRFGPRTIDLDILTYNQENSTVERLMLPHPRMHERAFVLIPLQEIAPGYIIPV
NKTVDSYVNELPKKDVKRW--*
>P1;gi|15793915|ref|NP_283737.1| putative 2-amino-4-hydroxy-6-hydrox... [ score 170 E 9e-42 ] [ range 7 .. 160 ]
sequence
---AVIALGSNLENPAQQVRAALDTLSSHPDIRLKQASSLYMTAPVGYDNQPDFVNAVCTVSTTLDGIAL
LAELNRIEADFGR-ERSFRNAPRTLDLDIIDFDGISSDDPRLTLPHPRAHERSFVIRPLAEILPDFILGK
HGKVAELSKRLGNQGIRL---*
>P1;gi|45513694|ref|ZP_00165260.1| hypothetical protein Selo146501 [... [ score 168 E 3e-41 ] [ range 10 .. 165 ]
sequence
-TAIAVALGSNLGNRVKHLQQAIAQLAALSSIRRLQVSPVYQTPPVGPP-QPDYYNACAIAETCLAPHDL
LQQLQAIEAAAGR-ERLQHWGPRTLDLDLLLYGDRQIQTPDLTVPHPYLTQRAFVLIPLAAIAPDWVEPV
GEAIATLAQRLDSTGIER---*
>P1;gi|17935254|ref|NP_532044.1| 6-hydroxymethyl-7,8-dihydropterin p... [ score 168 E 3e-41 ] [ range 9 .. 163 ]
sequence
-TVAALGLGGNIGDPAAAMARALRELDAHDDCRVQAVSGLYRTPPWGKTDQADFFNCCALVETSLTALAL
LQLCLDIERG-MKRVRTERWGPRTIDIDVLTYGNEAIVTESIEVPHPRMTERAFVLMPLADIAPDLEV-K
GKPVRQWLQQADRSGIVR---*
>P1;gi|20808733|ref|NP_623904.1| 7,8-dihydro-6-hydroxymethylpterin-p... [ score 167 E 8e-41 ] [ range 2 .. 153 ]
sequence
-TEVYLSLGSNLGDREKYLKEAVKRLKSNKNIVLKKLSPIYETKPVGYLEQDNFLNAAILIETDLTPYEL
LDVTTSIEAEL-KRERTIKWGPRTIDIDILLYDGLILNDEKLTIPHPHMWERAFVLIPLRDINPSLS-KN
GLSIDELIQGLIDKQ------*
>P1;gi|43546400|gb|EAE27916.1| unknown [environmental sequence] [ score 166 E 1e-40 ] [ range 5 .. 158 ]
sequence
--IVYLSLGSNIGDRESNLAQATMALSINFEISGIKSSVYYESEPLYNKDQPDFLNSVVKFSTTLKPFDV
LDVVQKVEKMLGRPEKREKNQPRIIDIDILFHGDAVLETEDLSIPHPMIALRKFILIPFAEIEPDFEIPH
SNTINDLINNCPDSS------*
>P1;gi|33519624|ref|NP_878456.1| 7, 8-dihydro-6-hydroxymethylpterin-... [ score 165 E 2e-40 ] [ range 4 .. 162 ]
sequence
---AWIGIGSNLLNPKKQVDQAIQALSQLPKTEFISCSKYYRSRPLGYHKQPDFLNTIVILYTDLRPELL
LDYMQEIENQQGRVRKFATCCPRTLDLDILLFGQYRICTPKLVIPHYDMMNREFIMYPLAELDQKLVLPN
GKCIADIIRGFPKKGLTIW--*
>P1;gi|15923506|ref|NP_371040.1| 2-amino-4-hydroxy-6-hydroxymethyldi... [ score 165 E 3e-40 ] [ range 3 .. 157 ]
sequence
--QAYLGLGSNIGDRESQLNDAIKILNEYDGISVSNISPIYETAPVGYTEQPNFLNLCVEIQTTLTVLQL
LECCLKTEECL-HRIRKERWGPRTLDVDILLYGEEMIDLPKLSVPHPRMNERAFVLIPLNDIAANVVEPR
SKKVKDLV--FVDDSVKRY--*
>P1;gi|44368262|gb|EAI77748.1| unknown [environmental sequence] [ score 164 E 5e-40 ] [ range 4 .. 162 ]
sequence
--LVYLGLGANIGDRESNLFTAIAALDVRDDIVVNRTASIYETDPLYNTDQPKFLNSVVEIDTSLQPESM
LQVCQGIEMMLGRPSNRKKNEPRLIDIDILAYETVSVELGELIIPHPELFSRKFVLVPWAEIAPKFVVQD
GKTVSDLLSLCPDSNVKKY--*
>P1;gi|22297722|ref|NP_680969.1| 2-amino-4-hydroxy-6-hydroxymethyldi... [ score 164 E 5e-40 ] [ range 16 .. 169 ]
sequence
--LVAIALGSNLGEPLRQLRSAVQELAQTPGIRVLACSPWYRTAPLGPP-QPDYWNGCLIARVQLSPWAL
LQRLQAIEVQFGRQ-RQAHWGPRTLDLDLLLYGDRVMTTAELTLPHPRLAERPFVLVPLAAISPHWRHPL
GETIQTLRERVGDAGII----*
>P1;gi|44480281|gb|EAJ56717.1| unknown [environmental sequence] [ score 163 E 1e-39 ] [ range 2 .. 157 ]
sequence
-TQVFVALGANLEDPKTQLDNAVAALSALAEHQSLKVSPYYGSAPMGDVVQPDYINAVASFETSLAPIAL
LDALQEIENTQGRVRKE-RWGPRTLDLDLLLYGDAIIDEPRLKVPHYGMKERSFVLVPLAAIAPDLVLPC
KTPLRSLISEKFLAELQL---*
>P1;gi|15965562|ref|NP_385915.1| PROBABLE 7,8-DIHYDRO-6-HYDROXYMETHY... [ score 163 E 1e-39 ] [ range 10 .. 161 ]
sequence
---AILGLGGNLGDPRRSMAEALRALDARSDCRVVAVSRLYRTPPWGKTDQDWFFNACAEVETTLDPEAL
LAACLDIE-RAMKRVRMERWGPRTIDIDLLTFGDLNRASATLTLPHPRMTERGFVLKPLADFAADLAV-E
GRTVIEWLGRADVTGIE----*
>P1;gi|44356442|gb|EAI69278.1| unknown [environmental sequence] [ score 162 E 2e-39 ] [ range 4 .. 157 ]
sequence
--LVILSLGSNLGDREENLAAAITLLGTFNGVKNIKSASFYESEPLYNTNQPNFLNTIISCDSSLNPFDF
LDKIKHIEFTLGRPKERDKNQPRIIDIDILCYGNSYIETDELIIPHPELIFRKFVLLPFCELIPDYIEKI
GSTISELLSSCPDKS------*
>P1;gi|44295220|gb|EAI26741.1| unknown [environmental sequence] [ score 162 E 2e-39 ] [ range 4 .. 157 ]
sequence
--LIYLGIGSNIGDRETNIFSAIAALDVRDDIKVMRTASIYETDPLYNLQQPKFLNTVVELKTSLDPEIM
LQVCQGVELMLGRSSNHKKNDPRVIDLDILAYETKSIDLDHLKIPHPDLITRKFVLVPWNEIAPDFMVQD
GRTVSDLLKICPDTS------*
>P1;gi|24372460|ref|NP_716502.1| 2-amino-4-hydroxy-6-hydroxymethyldi... [ score 162 E 2e-39 ] [ range 2 .. 157 ]
sequence
-TQVFVALGANLEDPKAQLDNALMALSSLAENQSLKVSPYYHSTPMGEVVQPDYINAVASFETKLTPLAL
LDALQHIENTQGRVRKE-RWGPRTLDLDLLLYGDAIIDEPRLKVPHYGMKERSFVLVPLAAIAPDLVLPC
KTPLQSLISEKFLAELQL---*
>P1;gi|15900226|ref|NP_344830.1| bifunctional folate synthesis prote... [ score 161 E 3e-39 ] [ range 121 .. 270 ]
sequence
--RAFIALGSNMGDKQANLKQAIDKLRAR-GIHILKESSVLATEPWGGVEQDSFANQVVEVETWLPAQDL
LETLLAIESELGRV-REVHWGPRLIDLDLLFVEDQILYTDDLILPHPYIAERLFVLESLQEIAPHFIHPI
LKPIRNLYDALKK--------*
>P1;gi|119838|sp|P29251|FAS_PNECA Folic acid synthesis protein [Incl... [ score 161 E 4e-39 ] [ range 296 .. 448 ]
sequence
---VYISLGSNLGNRIKFILDAIEKMS-IKGIKVLKTSMLYESKPMYFKDQPAFYNAVCKVQTSLHPEQL
LFELQLIEKELGRVKVIDK-GPRCIDLDIVFYGRKIINSESLIIPHPRVLERSFVLKPLLDISGDLVHPV
GLSIASYFEKIVDHDIK----*
>P1;gi|23501910|ref|NP_698037.1| 2-amino-4-hydroxy-6-hydroxymethyldi... [ score 161 E 4e-39 ] [ range 9 .. 167 ]
sequence
--RAWLGLGGNIDDPIISMASALRMLDGRSDTRVVSVSPVYRTPPWGKTDQAWFHNACAQIETALQPLEL
IAACLDVERSL-KRVRLERWGPRIIDIDILVMQDETMQEPALELPHPRMHERAFVLVPLNDIAPSL--PV
GRTVAEWAADCDRAEMEK---*
>P1;gi|28379662|ref|NP_786554.1| 2-amino-4-hydroxy-6-hydroxymethyldi... [ score 161 E 4e-39 ] [ range 7 .. 160 ]
sequence
--RVYLSVGSNIHPRVQNIQQALSRLRAVNGVNVIDESHWYETQPWGKRDQANFYNVSVSLTTNLTPEEL
LDELHTIE-QAGHRQRLVHWGPRTIDLDIIFWGDRQINTATLTIPHAQAAKRNFVLLPTAEIAKTDVL-V
GPQVAQLIAANQDQSWIK---*
>P1;gi|30018345|ref|NP_829976.1| 2-amino-4-hydroxy-6-hydroxymethyldi... [ score 160 E 8e-39 ] [ range 4 .. 157 ]
sequence
--IAYIALGSNIGERYTYLTEAIQFLNKNPYIQVDDISSVYETEPVGYTDQSCFLNLVIKISTNLSPQEL
LKVTQKVENDLGR-KREIRWGPRTIDLDILLYNQENIEAENLIVPHPRMFERAFVIVPLLEINQDIKQNI
SRSQVEEMKR--REGVTIW--*
>P1;gi|16945416|emb|CAB91336.2| probable multifunctional folic acid ... [ score 159 E 1e-38 ] [ range 20 .. 173 ]
sequence
--TAYIALGSNLGDRIGWIEKACKEMDAR-GIKVKRTSCLWETEPMYVLDQDRFVNGACEVETTLEPLEL
LDALQDIENSLGRKKIIDK-GPRNIDLDILLYENLKVDHERLKIPHIGIPEREFVLRPLAELIPDLDHTR
PWTLRDLLDALPPSS------*
>P1;gi|27378168|ref|NP_769697.1| 6-hydroxymethyl-7,8-dihydropterin p... [ score 159 E 2e-38 ] [ range 4 .. 158 ]
sequence
---VLIALGGNVGDVRATFGKAIAHICGMAQAALTARSSDYATPPWGDEEQDPFINACIEIETGLDPHAL
LFVLQKVEQKFGRTRKERPWGPRTLDLDMIAYDDVRLQKPDLTLPHPRLFERAFVLVPLAEIAPDRVI-S
GIRVRDGLSSISTQGIER---*
>P1;gi|42554916|gb|EAA77759.1| hypothetical protein FG09710.1 [Gibbe... [ score 157 E 6e-38 ] [ range 89 .. 239 ]
sequence
--TAYIALGSNMGDRVAEIERACNEMDRR-GIKVKRTSSLWETEPMYVTDQDRFVNGACEVETELEPIAL
LDQLQAIENDMGRKKVIDK-GPRNIDLDILLYGDETVDHERLKVPHIGILEREFVLRPLAELIPKSLDPR
KKLIQDNLNELP---------*
>P1;gi|22976708|ref|ZP_00022563.1| COG0801: 7,8-dihydro-6-hydroxymet... [ score 157 E 6e-38 ] [ range 76 .. 230 ]
sequence
-TLAFIGIGANLGDARQAVKDAIVCLAQQVGITVVAKSSFYRTAPV-DATGADYFNAVVKIETPFTAAQL
LRICHHIEDQFGR-ERPFRNAPRTLDLDLLLFGAESINTEALTVPHPRITERAFVLVPLVELDPAIEIPG
VGPAAGFLPDVQEQRIEK---*
>P1;gi|30248101|ref|NP_840171.1| 7,8-Dihydro-6-hydroxymethylpterin-p... [ score 157 E 7e-38 ] [ range 11 .. 151 ]
sequence
-SQVFIALGSNLENPLSQVRRGMMLLAGLEHSRLVKRSSLYRTAPVGHIDQPDFINAVVQMETNLTPHHL
LDALLEIERACGRVRTFP-NAPRILDLDILLFENLQHNDTKLVLPHPRMHERAFVLQPLLEIVADCVIPG
RGS------------------*
>P1;gi|23020603|ref|ZP_00060302.1| COG0801: 7,8-dihydro-6-hydroxymet... [ score 157 E 1e-37 ] [ range 5 .. 159 ]
sequence
---VFLSLGSNIEDREKYLLDAIDNISAVSGVSLEKISNIYETEPVGYTEQGRFLNMAAQISTSLEAEEL
LDKLLEIE-KLLKRERIIHWGPRTIDIDILTYGDLRIDTPKLKVPHPRMFERAFVLIPLMDICEKERLY-
GININDALDKCDKDGVRLY--*
>P1;gi|37362687|ref|NP_014143.2| Multifunctional enzyme of the folic... [ score 157 E 1e-37 ] [ range 299 .. 458 ]
sequence
--RAFLAFGSNIGDRFKHIQMALQLLSREKTVKLRNISSIFESEPMYFKDQTPFMNGCVEVETLLTPSEL
LKLCKKIEYEELQRVKHFDNGPRTIDLDIVMFEDIIVNEPDLNIPHPRMLERTFVLEPLCEISPVHLHPV
TEPIVDHLKQLYDKQ------*
>P1;gi|44412690|gb|EAJ09105.1| unknown [environmental sequence] [ score 156 E 1e-37 ] [ range 1 .. 141 ]
sequence
-------MGSNLGNPENFLEEAREALRKLP-LKKMKCSSILKSSPLLGMSQPDYLNQLVFGITQLKAEEL
LMECQAIEKRLGR-IREQRWGPRTIDIDIISYGQQTIDSPILKIPHPEMEKRAFVLMPLQEINPQWTHPV
GHTIDELLE------------*
>P1;gi|43311900|gb|EAD21689.1| unknown [environmental sequence] [ score 156 E 1e-37 ] [ range 26 .. 178 ]
sequence
--TIYLGIGSNLGNRKINLNIAKFMLSKC-NIKILESSSFYESLSWPDPNKPKFLNIVIKIRTDLPPINL
LHKCKEIEKNLGR-KKTKKNAPRVCDIDIIDYGKIKLNKD-IILPHPRMHNRNFVLLPLFEINKNWIHPT
LKKIKSLILSLSNKDIR----*
>P1;gi|44321239|gb|EAI44339.1| unknown [environmental sequence] [ score 156 E 2e-37 ] [ range 1 .. 147 ]
sequence
-------MGSNLGNPENFLEEAREALRKLP-LKKMKCSSILKSSPLLGMAQPDYLNQLVCGITQLEAEEL
LMECQAIEKRLGR-IREQRWGPRTIDIDIISYGQHTIDSPTLKIPHPELEKRAFVLMPLQEISPQWTHPV
GHTIDELLEDWKSNS------*
>P1;gi|44386157|gb|EAI90577.1| unknown [environmental sequence] [ score 156 E 2e-37 ] [ range 2 .. 137 ]
sequence
-TVAYLGLGANLGDARQTLKDAVVCLAQQHTITVLAKSSFYRTAPI-DAGGDDYFNCVVKVDTTLPVRHL
LALCHKIEHQFGR-ERPFRNAPRTLDLDILLYGDQSIDEADLIVPHPRLIERAFALVPLVEIDPALIIP-
---------------------*
>P1;gi|41017202|sp|Q8GJP4|FOKE_LACLC Bifunctional protein folKE [Inc... [ score 155 E 3e-37 ] [ range 3 .. 156 ]
sequence
--TTYLSMGSNIGDRQYYLHEAIRLLGKHPKIMIEKVSNFYESSPVGGVKQDDFTNLALKVATLLEPLEL
LDFIHEVELSLNRERKI-HWGPRTIDIDIIFYGNSEIQEENLIVPHKEAFNRLFVLKPIFELLSN-DFKY
YEPIREAIAKLSESEQEL---*
>P1;gi|43088287|gb|EAC10347.1| unknown [environmental sequence] [ score 154 E 5e-37 ] [ range 1 .. 141 ]
sequence
-------MGSNLGNPENFLEEAREALRKLP-LEKMKCSSILKSSPLLGMAQPDYLNQLVCGITQLEAEEL
LMECQSIEKRLGR-IREQRWGPRTIDIDIISYGQQTIDSPILKIPHPEIEKRAFVLMPLQEISPQWTHPV
GHTIDELLE------------*
>P1;gi|43251706|gb|EAC91540.1| unknown [environmental sequence] [ score 154 E 5e-37 ] [ range 10 .. 156 ]
sequence
--ISYVGLGSNQDDPIKQIDNALVNIGKIERTHLIKKSSFYETEPVGSIEQPNFINAVVALLTLLDPYEL
LIKLQQIEKIQKRERGSIRWGPRTIDLDILFYSNMVTNDDKLILPHPEIQNRDFVLFPLSEIAPELMVSE
YLNVVDLLE------------*
>P1;gi|23128012|ref|ZP_00109869.1| COG0801: 7,8-dihydro-6-hydroxymet... [ score 154 E 8e-37 ] [ range 16 .. 165 ]
sequence
-----VALGSNIGDSQTILEAAIKTLAQTPGILLEAQSRWYQTKAVGPP-QPDYLNGCVTLQVEMLPQQL
LEILLGIEQQFGRV-RQERWGPRTLDLDLLLFDDFIVDTPNLQIPHPRMRDRAFVLVPLAEIAPDWIEPV
SGCIKELLKEVDCSDV-----*
>P1;gi|45199166|ref|NP_986195.1| AFR647Cp [Eremothecium gossypii] >g... [ score 152 E 2e-36 ] [ range 305 .. 439 ]
sequence
--RVFLAFGSNIGDRFAHIERSLRLLAEDPKVKLLRSSSLFESEPMYFKEQSPFMNGVVEVQTRYSPHEL
LELCRRIEYEHLKRVKEFDNRPRSIDLDILLYEHVVLNSEDLVIPHPRMLERSFVIEPILEL--------
---------------------*
>P1;gi|43452228|gb|EAD80780.1| unknown [environmental sequence] [ score 151 E 7e-36 ] [ range 4 .. 149 ]
sequence
-SQIYFSLGSNVGDRKSHIEHALKHLDSKLNIN--AISSIYETSPQGYEEQSNFYNLVCSTNNMINMYEL
LEICKDIEIHCGRTPN-FINGPRILDIDIISYGNQLLENKDLIIPHPRMHLRLFVLIPLAEINPNWVHPK
LKPIKNLIE------------*
>P1;gi|43008302|gb|EAB70938.1| unknown [environmental sequence] [ score 149 E 2e-35 ] [ range 2 .. 152 ]
sequence
---VYIGLGSNIGNRINNIDKAKYLL-TLNGVNIIRSSGYYETLSWPDPTKPKFINTVVQTNTRLSPNKF
LLIFKSIEKKLGR-KNDLKNSPRTCDIDLISYDQKILSG-TINIPHKNMHKRNFVLIPLYELDKNWSHPK
NKSIEKLIFSLSIKDI-----*
>P1;gi|44249191|gb|EAH95475.1| unknown [environmental sequence] [ score 149 E 3e-35 ] [ range 2 .. 157 ]
sequence
-TQVFVALGANLEDPQAQLDNAVAALSTLAENQSLRVSPYYRSTPMGEVVQPDYINAVAGFETQLAPLAL
LDALQHIENTQGRV-RQERWGPRTLDLDLLLYGDTIIDEPRLKVPHYGMKERSFVLVPLAAIAPDLVLPC
KTPLHSLISEKFLAELQL---*
>P1;gi|98011|pir||A36704 2-amino-4-hydroxy-6-hydroxymethyldihydropte... [ score 148 E 3e-35 ] [ range 121 .. 270 ]
sequence
--RAFIALGSNMGDKQANLKQAIDKLRAR-GIHILKESQCLSDGALGWSGAGCFANQVVEVETWLPAQDL
LETLLAIESELGRV-REVHWGPRLIDLDLLFVEDQILYTDDLILPHPYIAERLFVLESLQEIAPHFIHPI
LKPIRNLYDALKK--------*
>P1;gi|44542967|gb|EAJ98673.1| unknown [environmental sequence] [ score 148 E 3e-35 ] [ range 3 .. 148 ]
sequence
--TVFIALGSNLHNPIYHLEKGIRQINHLPETNIVKRSSLYKSKPLGPKNQPNYINAVIKIKTKYEPIEL
LDELQKIENNH-HRKRIKKWGPRTLDLDILLFNEIEINHDRLIIPHPEMINRDFVLIPLFELNYNFNIPK
YGKLIRYI-------------*
>P1;gi|44290944|gb|EAI23895.1| unknown [environmental sequence] [ score 148 E 4e-35 ] [ range 2 .. 154 ]
sequence
-TCIYISLGSNI-ERERHIRAGLDALQAEFGE--LQVSRVFESEAVGFNGRP-FYNLVVGADTELPLATL
CQRLRAMEFAHGREPDAKKFAPRTLDLDLLLYGELVCETP-LVLPRGEILSNAFVLWPLAELAPTLRHPD
GRTLGELWERYDKASQRL---*
>P1;gi|23028535|ref|ZP_00066928.1| COG0801: 7,8-dihydro-6-hydroxymet... [ score 148 E 4e-35 ] [ range 16 .. 168 ]
sequence
---VYLSIGSNI-DRKMHIGRGIEALRNAFG--NIECSKVYESEAVGFSG-EDFYNLVVAINTSLCVGDL
SKTLRDIENANGRDRQSPKFSARTLDIDILTYDNLTGDIDGVQLPRAEILHNAFVLRPLAELAPHVLHPV
GASYKQLWAAYNQQKQKLW--*
>P1;gi|29377711|ref|NP_816865.1| 2-amino-4-hydroxy-6-hydroxymethyldi... [ score 147 E 7e-35 ] [ range 4 .. 130 ]
sequence
----YVALGSNVGDPYANLVKARNYLNEDPQIQVVASSKLYETDPYGYTDQDDFLNAVLKIDTSYTAEEL
LAVTQGIE-QAMKRKKLIHWGPRIIDIDILLLGGQSVTLPHLQVPHQELTKRSFVLIPLSDV--------
---------------------*
>P1;gi|23039965|ref|ZP_00071504.1| COG0801: 7,8-dihydro-6-hydroxymet... [ score 147 E 8e-35 ] [ range 17 .. 170 ]
sequence
---VAIGMGSNLGESLDTLKNAIQTLDEIAGIKLITYSSWYRTKPIGPP-QPDYINGCALLKVELTPHKL
LEVLLDVEQK-FKRVRLEHWGPRTLDLDLILYDDLILDTPNLQIPHPRMKERAFVLVPLAEIAPNWIDPV
GKAIALLQEEVECSGISK---*
>P1;gi|32491013|ref|NP_871267.1| folK [Wigglesworthia glossinidia en... [ score 146 E 1e-34 ] [ range 8 .. 149 ]
sequence
---CWISIGSNLKNPKEQANLALKHINKIPFTNILSCSSYYRSKPLGITSQPDFLNAVIKISTKLYPYEL
LKHIKIIEKKQKRKNNEIKWGPRSLDLDILLFGNKYFYSSDLIIPHYDLYNRCFFLYPLMEISPNLKFPD
GSSLI----------------*
>P1;gi|17547347|ref|NP_520749.1| PROBABLE 2-AMINO-4-HYDROXY-6-HYDROX... [ score 145 E 3e-34 ] [ range 2 .. 156 ]
sequence
-TVAYIGIGANLGDARQAVKDAVVCLAQQVGISITGKSSLYRSAPV-DATGDDYINAVVRIDTHFTAGQL
LRICHHIEDQFGR-ERPFRNAPRTLDLDLLLYGDQTLTSPELTVPHPRVGQRAFTLLPLHELAPDLVIPG
IGAVAALLPGVADQVIEK---*
>P1;gi|44527255|gb|EAJ87857.1| unknown [environmental sequence] [ score 145 E 3e-34 ] [ range 27 .. 183 ]
sequence
---IYLSIGTNLGDKKLNINKAKIHLEEI-GIKILSSSCIYESESWPNPKFPNFFNIVVKASTYFKPQKL
LKEIKRVEV-LIGRKSSLKNYPRVCDIDIIDYDNKHIKHKNLIIPHQRMHLRNFVLLPLYEICKDWKHPK
NKKIFELLQDLKIKNIR----*
>P1;gi|15642816|ref|NP_227857.1| 2-amino-4-hydroxy-6-hydroxymethyldi... [ score 145 E 3e-34 ] [ range 5 .. 125 ]
sequence
------------------------------NIKVEKVSSVIETEPYGYEDQPRFLNAVCIAQTPLSPHEL
LNTLLQIERNMGRV-RTIRWGPRIIDLDIVFYEDLVLSEEDLIIPHPDAHNRTFVLEPLCEIAPDLIHPV
GKTVRELLEDL----------*
>P1;gi|15233801|ref|NP_194729.1| dihydropterin pyrophosphokinase, pu... [ score 145 E 4e-34 ] [ range 89 .. 234 ]
sequence
---VVIALGSNIGNRMNNFREALRLM-KRGGICVTRHSCLYETAPVHVTDQPRFLNAAVRGVTKLGPHEL
LSVLKTIERDMGR-KDGIRYGPRPLDLDILFYGKMRISSDKLIIPHERLWERSFVLAPLVDLLGSAVDND
T---VAHWHSLAIH-------*
>P1;gi|44642307|gb|EAK69047.1| unknown [environmental sequence] [ score 144 E 7e-34 ] [ range 26 .. 183 ]
sequence
--LIYLSIGTNLGDKKFNINKAKLYLEQI-GIKILSSSQIYETKSWPNSNFPNFFNIVLKASTHFKPLKL
LKEVKRIEV-LIGRKSSLKNYPRVCDIDIIDYDKKYIEIKNLTIPHQRMHLRNFVLIPLYEICKDWKHPK
NKKIFELLHDLKIKNIR----*
>P1;gi|44495297|gb|EAJ66335.1| unknown [environmental sequence] [ score 144 E 7e-34 ] [ range 3 .. 154 ]
sequence
--LIYISIGSNI-ERDVHISAAYLELSALFGE--IRCSAVYESEAVGF-DGDAFYNLVAEANTHLSVADC
VAAFKAIEQKYGRPAKSPKFCGKRLDLDLLTYDQLICKTP-VELPRDEITKNAFVLLPLSELAPEQIHPT
GQSYQQMWQAY-QEPQKLW--*
>P1;gi|44494730|gb|EAJ65954.1| unknown [environmental sequence] [ score 144 E 8e-34 ] [ range 2 .. 154 ]
sequence
---IFIGIGSNLGNRFTNIDLAISLLQK-KGVKLLKKSSFYETFSQPNKNDPKFVNVVISADSNLSPIDL
MMFLISIEEKLGRKRK-KKNEPRICDMDIIDFNRLVIDNFELILPHERLINRNFVLHPLKEICSNWTHPK
TKKNIDILIN-----------*
>P1;gi|43255879|gb|EAC93654.1| unknown [environmental sequence] [ score 143 E 1e-33 ] [ range 1 .. 151 ]
sequence
-----MGIGSNLGLRRQNIEKAKFHLKE-NNIKFISVSKYYETPSWPNPNYPKYLNIILKIISHDDPLSL
LNICKKIEINLGR-KKSKKNSPRICDIDIIDFNGMKFNKSKLYLPHKRMHKRNFVLIPLFEIEKEWKHPS
KKLIKTLISMLPEDDI-----*
>P1;gi|23336230|ref|ZP_00121455.1| COG0801: 7,8-dihydro-6-hydroxymet... [ score 142 E 2e-33 ] [ range 135 .. 286 ] [ duplicate a ]
sequence
---AVVALGGNVGEVESTLRAAVREIDALLGTQVTGISPLYRTAAWGMADGPDFLNAVVELETTMGSHEL
LAALQNIEANHGR-IRENHWDSRPLDLDIIDFDGITSADPDLALPHPRAWQRAFVLAPWAALNPNAKLAH
EGPVADLLAAAPD--------*
>P1;gi|21241457|ref|NP_641039.1| 2-amino-4-hydroxy-6-hydroxymethyldi... [ score 142 E 2e-33 ] [ range 2 .. 150 ]
sequence
-TTVLLSLGSNV-QPTHYLRLAVAALRARFGQVV--VSPAYRTPAVGF-DGPDFVNNAAVLQTDLDLDAL
DHWLHALEDAHGRDRSGPRFSDRTLDLDVVFFGDRIVEGPHLRIPRPEL-KHAFVLKPLADIAPDFIDPL
GQTLATLWQAHPQ--------*
>P1;gi|15805207|ref|NP_293894.1| 2-amino-4-hydroxy-6-hydroxymethyldi... [ score 142 E 3e-33 ] [ range 2 .. 156 ]
sequence
-TRAFIALGANLGDPQATLRRALTELGAL--GEVRGVSALYRTAPVGPPGQPDYLNAVAELETALSAPAL
LAALHALEADAGRT-RDVRWEARVLDLDLIVYGEDVSDDPALTLPHPRAWERGFVLAPLSDLAPSLAHPT
GEMVAQALRRVDLAGVE----*
>P1;gi|43821014|gb|EAF64941.1| unknown [environmental sequence] [ score 141 E 5e-33 ] [ range 4 .. 158 ]
sequence
-TSYYIALGTNVGNYRNNLSRAVFELSKIGNI--SKLANIYKSKPYGYLKQNYFYNTMVSLKSEIHPSDL
IKKIHLIERKLHKNKRII-NGPRKIDLDIIFWDKKIFKNNNLVIPHPRLQERDFVLCPLLDIAPFFKDPV
SKSVKELIKNLKDHYVIK---*
>P1;gi|43233996|gb|EAC82591.1| unknown [environmental sequence] [ score 141 E 5e-33 ] [ range 26 .. 165 ]
sequence
--IAFLAIGSNLGNKKKNIENAKMLL-QSENIRILKSSNNYETLSWPDKKKPKFINVVIKIKTTLKAIDL
LKKCLNVEKILGRF-RSKKNEPRICDIDLIDFNGEIFSEKKLILPHPRMHSRNFVLVPLFELSKSWIHPN
K--------------------*
>P1;gi|43599251|gb|EAE54481.1| unknown [environmental sequence] [ score 141 E 5e-33 ] [ range 4 .. 154 ]
sequence
---IYLSIGSNKGSRYSFIKEALRLIQKNIGEVIL-ISKIYETKSWGFQS-DDFLNLCILIKSELIPTKL
MSKLKKIEERIGRKRNNDKIEAREIDIDILFYSDRIVNQKDLIIPHQRLHLRNFVLYPLNDIAADFIHPI
LKSVNELLKECEDDE------*
>P1;gi|33146871|dbj|BAC79869.1| putative dihydropterin pyrophosphoki... [ score 140 E 9e-33 ] [ range 70 .. 196 ]
sequence
---IVIALGSNVGDRISTFDRALRMM-KNSGVNITRHACLYETSPAYVTDQPRFLNSAVRGTTKLEPHEL
LKKLKEIEKDIGRTDGI-RYGPRPIDLDILLYGKSHISTENLTVPHERIHERPFVLAPLVDL--------
---------------------*
>P1;gi|25029094|ref|NP_739148.1| putative 2-amino-4-hydroxy-6-hydrox... [ score 140 E 1e-32 ] [ range 2 .. 154 ]
sequence
--RAVLSIGSNMDDRYALLQGVIDEFRDN----LVAVSSIYATPPWGVEDQDEFLNAVLVVDVDGIPIEL
LRRCQKLENDADRV-RTRKWGPRTLDVDIVQIRNLLSDDPVLTLPHPWAWQRAFVLIPWLEVEPNAVL-H
GTAVAALVENLDPTDIE----*
>P1;gi|42956511|gb|EAB45241.1| unknown [environmental sequence] [ score 139 E 2e-32 ] [ range 1 .. 155 ]
sequence
-----MALGSNLGNKRKNLELAKYKLN-ISGINILKTSRFYLTKSWPNKKFPDYYNLILLVKTKLKLVDL
FKKIKFIE-KYIGRKDSPKNHPRVCDIDIIDFNKECLCNNKINVPHISLHKRNFVLIPLYEINKRWIHPK
SKKIVRLISSLSTNDLR----*
>P1;gi|43988774|gb|EAG51926.1| unknown [environmental sequence] [ score 139 E 2e-32 ] [ range 16 .. 170 ]
sequence
---IYLNIGSNLPGRKTNILKAINY-LKKLKLNLIKISSFYETPSYPNNSDPKFINLCVKLESNLTASEL
LNEIKKIEKKLGR-IRINKNEPRTCDIDIIDFNGEIIKNDELIAPHPRLHLRNFVIYPLKEIEPNWSHPI
NKNIDSFFQELDKNS------*
>P1;gi|21232862|ref|NP_638779.1| 2-amino-4-hydroxy-6- hydroxymethyld... [ score 139 E 2e-32 ] [ range 2 .. 150 ]
sequence
-TTVLLSLGSNV-QPTHYLRLAVEALRARFG--PIDVSPAYRTAAVGF-DGPDFVNNGVQLQTDWELQAL
DDWLHALEDRHGRDRSGPRFSDRTLDVDVVFFGDRIVEGPHLRVPRPEL-KHAFVLKPLADIAPAFVDPL
GKTLAALWQAHPQ--------*
>P1;gi|43958496|gb|EAG35485.1| unknown [environmental sequence] [ score 139 E 2e-32 ] [ range 3 .. 154 ]
sequence
--LIYISIGSNI-ERDLHISAAYLELSALFGE--IRCSAVYESEAVGF-DGDAFYNLVAEANTHLSVADC
VAAFKAIEQKYGRPAKSPKFCGKRLDLDLLTYDQLVCKEP-VELPRDEITKNAFVLLPLSELAPEQIHPT
GQNYQQMWQNYQVPQ-KLW--*
>P1;gi|33591479|ref|NP_879123.1| 2-amino-4-hydroxy-6-hydroxymethyldi... [ score 139 E 2e-32 ] [ range 8 .. 160 ]
sequence
-TLAYVGLGASLGDAAATLRSVLAELAAAPGILACKASRLYRTAPV-EAQGPDFVNAVAALDTTLAPLDL
LDLLQALEQRHGR-ERPYRNAPRTLDLDLLLYGEQAIDHPRLSVPHPRMHERAFVLAPLCELVPALRLAQ
GDC-AALLAALEDQAIE----*
>P1;gi|42891251|gb|EAB12784.1| unknown [environmental sequence] [ score 139 E 3e-32 ] [ range 22 .. 148 ]
sequence
--IVYIGIGSNLGNKMKNIDLAKIELSK-NDIKIIKNSSYYETLSWPNPNYPKFLNVVLKISTNLSPLKL
LSLCKKIE-KLIGRSKRPKNSPRECDIDILDYDYKIYEN-GVNLPHPRMHKRNFVLIPLFEV--------
---------------------*
>P1;gi|44633003|gb|EAK62416.1| unknown [environmental sequence] [ score 138 E 3e-32 ] [ range 2 .. 151 ]
sequence
---IFLGIGSNLGNKIDNINSSILLLKK-NKIEVLKISSFYESVAYPNKNDPKFINIVVEVKTLLEPKDL
MINLLKIEEKLER-KRSKKNAPRTCDIDIIDYKRKTINNLQLQIPHKSLADRNFVLYPLKEICPNWSHPL
SNTSIDF--------------*
>P1;gi|34541201|ref|NP_905680.1| 2-amino-4-hydroxy-6-hydroxymethyldi... [ score 138 E 3e-32 ] [ range 5 .. 142 ]
sequence
--IVYLSLGSNLGDRHSLLSAALEMLQTRVG-RLLTLSRFYETEPWGFESPHPFLNAVVALRSELKPQDI
LHITQAIERELGRTQKSNGYHDRPIDIDILLHSYPKVQSPELELPHPQMWQRDFVRMPLSDVAP-WLHP-
---------------------*
>P1;gi|44490281|gb|EAJ63602.1| unknown [environmental sequence] [ score 138 E 3e-32 ] [ range 7 .. 149 ]
sequence
--QVYLVSGSNSGNSQNYLKKAILLIERIKNTKIITTSSIYQSKSYGPIKQRDYLNQAIHIETKLNPFEL
LDQVLSVEDNLGRV-REERWGPRIIDIDIVFYGDEEISTPNLTIPHYDWKNRDFFIACLEEISCPFVEGN
GLSLKK---------------*
>P1;gi|43591076|gb|EAE50405.1| unknown [environmental sequence] [ score 138 E 4e-32 ] [ range 5 .. 157 ]
sequence
--TILISIGSNI-EREYYTKQSLVALKQHFS--DVTVSSVYESEAVGFNGSP-FYNAAARATTSKSVEEV
CAILKAIEKDNGRVHTDKKFCARTLDLDLLTYDSKVTSTP-VVLPREEICYNAFVLWPLAELVPNDIHPE
TQTYAQMWQNFDKQKQQLW--*
>P1;gi|44100691|gb|EAH13041.1| unknown [environmental sequence] [ score 138 E 4e-32 ] [ range 4 .. 156 ]
sequence
---IIISLGSNIGDRKDFLYKALALLEGYP-ISIMELSKVYETSSWGFESTP-FYNACAIISTSLKPKAL
LKALLNVERKLGRERNLEKYQDRTIDLDLLFYNSEIIHSEELKIPHPKLHLRSFILTPLLDIAPELYHPI
LHKNLNELHKQVVNSLK----*
>P1;gi|39939066|ref|NP_950832.1| 7,8-dihydro-6-hydroxymethylpterin- ... [ score 138 E 4e-32 ] [ range 8 .. 159 ]
sequence
---AAIGLGSNLGAKKNNLQTALKMINLHPQCEVLKVSPLYATLPWGKTDQPLFLNAAALIKTFLPPLLF
LDFLLSVEMKL-KRKRLELWGPRTIDLDIFFLGNHTCKTPKLTIPHPYMLERIFVLAPLADILPNQII-Q
TKTILEWKNQLDQNAVK----*
>P1;gi|44598210|gb|EAK37488.1| unknown [environmental sequence] [ score 137 E 5e-32 ] [ range 1 .. 153 ]
sequence
-----MALGSNLGNRADNIEKTKFHLSHF--CYFLKVSKLYETPSWPNQSNPKFLNLIIECKTDLTIIDL
FEKIKKIETLLGR-KKSIKNAPRTCDIDIIDFNNTIHKGEKIITPHPRMHQRNFTLIPLYEIKKNWIHPK
NKKIDILIKKLNPKSI-----*
>P1;gi|43588917|gb|EAE49310.1| unknown [environmental sequence] [ score 137 E 6e-32 ] [ range 1 .. 152 ]
sequence
-----MALGSNLGDKKNNLNKCIDLIQKQ-GIFVKKKSKFYSTKSWPNENHPDFINSLILIETKLNIKEL
FLKIKKIEKKLGRT-KSKRNHPRVCDIDIIDYNREITHNHKLNTPHKRMHYRNFVLFPLYELDKNWVHPK
NKNIVILMSNLTSD-------*
>P1;gi|43520103|gb|EAE14737.1| unknown [environmental sequence] [ score 137 E 7e-32 ] [ range 2 .. 165 ]
sequence
---IYIGIGSNLGNKLKNIELALALLKE-KGIKLLKKSSFYETFSQPNKHDPKFLNIVISIDTKMSPVQL
MLNLISIEEKLGR-KRTKKNEPRICDIDILDFNGIVKNNLKLILPHLRIENRNFVLHPLKEISSNWSHPK
TKKNIDVLINYSNNEITK---*
>P1;gi|44571866|gb|EAK19098.1| unknown [environmental sequence] [ score 137 E 9e-32 ] [ range 2 .. 152 ]
sequence
-SLVYIGIGSNV-DREKNIRSCIKCL--HEKYSVISLSPLYETSSMGF-DGPNFYNLVCCFETSQDVVVL
KTELSVIEKNHGRSMNETKFSSRTLDIDILYYDDLIYEDDNLKLPRKEIIQYDFVLQPLVDIAPEFIHPI
KKTNKEIMDEFSIEK------*
>P1;gi|44262407|gb|EAI04614.1| unknown [environmental sequence] [ score 136 E 1e-31 ] [ range 2 .. 159 ]
sequence
---IFIGIGSNLGNRFKNIELAMSFL-KNKGIKIIKKSSFYETFSQPNKSDPKFINIAISVETEMQPVDL
MRTLITIEEKLGR-KREKKNDPRTCDLDIIDYNGLVINNFVLDLPHKRLTSRNFVLYPLKEICSDWIHPQ
TKKISILINNIKSD-------*
>P1;gi|44342336|gb|EAI59234.1| unknown [environmental sequence] [ score 136 E 1e-31 ] [ range 4 .. 151 ]
sequence
-STAYLSLGSNV-SPEKNIQFALDQLTKIFG--KIDSSSTYQTKSVGFEGS-DFLNLVVRINTDLDPAEL
IRQLHRIEEMTGRVTGTKAFNDRTLDIDVLIYEDLV--DLDLNIPRDEILKYGFVLEPLAELDPNGMHPT
EKTFLELWNMLKEN-------*
>P1;gi|23062005|ref|ZP_00086816.1| COG0801: 7,8-dihydro-6-hydroxymet... [ score 136 E 2e-31 ] [ range 4 .. 153 ]
sequence
-TQVYLGLGSNI-ERETHLQAGLDALSTF--LVDIRCSPVFESQPVGIKSGP-FFNFVVSAFTDLPLIEL
DRRLKFIEADNGRYAPDRKGLP--LDIDVLLYGDLAGNFDGLILPRAEILKNAFVLWPLSLIAPDRVHPG
GKSFATLWAEAQIDQV-----*
>P1;gi|44460750|gb|EAJ42876.1| unknown [environmental sequence] [ score 136 E 2e-31 ] [ range 5 .. 157 ]
sequence
--TILISIGSNI-EREHYTKQSLVALKQHFS--DVTVSSVYESEAVGFNGSP-FYNAAARATTSKSIKEV
CAILKAIEKDNGRVHTDKKFCARTLDLDLLTYDSKVTTTP-VVLPREEICYNAFVLWPLAELVPNDIHPE
TQTYAKMWQNFDKQKQQLW--*
>P1;gi|44418437|gb|EAJ12978.1| unknown [environmental sequence] [ score 135 E 3e-31 ] [ range 3 .. 155 ]
sequence
--RIYISLGSNI-EPSRYLKAGLQSLREHFG--PLQLSSMYESEAVGF-DGTNFLNMVACAQTSLNIAEV
VAQFKQIEQNHGRLVGAKKFSPRTLDIDLLLYDDVVCQTP-VVLPRAEIVTNAFVLWPLAEIAPDLVHPQ
QKTYAVMWDEYDKASQKLW--*
>P1;gi|15640547|ref|NP_230176.1| 2-amino-4-hydroxy-6-hydroxymethyldi... [ score 135 E 3e-31 ] [ range 30 .. 176 ]
sequence
--TAYIGVGSNQ-DRHQSIEAGLRALAELASQW--RLSTIYECPSVGFASHP-FFNLMVEMETELALPEL
MKQLKAIELRCGRLPNAQKYQDRTLDLDIVLYGDCVSEND-PVLPRPDIYRYPFVIQPLYELCPQRVIAD
GRTVEQIWQQAQD--------*
>P1;gi|44453984|gb|EAJ38084.1| unknown [environmental sequence] [ score 134 E 5e-31 ] [ range 3 .. 155 ]
sequence
--RIYISLGSNI-EPTRYLKAGLLSLREYFG--PLQLSSMYESEAVGF-NGTNFLNMVVCAQTSLNIAEV
VAQFKQIEQNHGRLVGAKKFSPRTLDIDLLLYDDVVCQTP-VVLPRAEIVSNAFVLWPLAEIAPNLIHPQ
LKTYAAMWDEYDKTSQKLW--*
>P1;gi|44306726|gb|EAI34456.1| unknown [environmental sequence] [ score 134 E 7e-31 ] [ range 27 .. 188 ]
sequence
--LVFLGIGSNLGDRFTNINLALEE-IKKNKIKILKKSNFYETPSYPVKNNPKFINIVISVITDLQPVDL
MINLLKIEEK-FQRKRTKKNEPRTCDIDIIDYKKFIFKNFNLKIPHTELKNRNFVLYPLSEIEPNWLHPE
TGENVELLIKNLSADDKK---*
>P1;gi|43187680|gb|EAC59378.1| unknown [environmental sequence] [ score 134 E 8e-31 ] [ range 2 .. 150 ]
sequence
----IIAIGANIKNPIETCESAMHELTK-FSIKILKISSWYLSEPIPKSNHPNYYNSVIQCSTFLDEKKV
LNVLKIIEKKLGRTRK-KKNYSRCIDLDIIDFNKRVKKSLMLTIPHPRMHERKFVLLPIHEINPFWTHPL
LKKNVKHLIK-----------*
>P1;gi|44637322|gb|EAK65345.1| unknown [environmental sequence] [ score 134 E 8e-31 ] [ range 2 .. 152 ]
sequence
-TQVFFGIGSNIK-PEENIVLAVREIKNIFDHVI--VSPVYKNKSVGFVGN-DFLNLAISCSTKMSVYEV
CDFIEQVHNLSGRERKPNKYLSRTLDIDLLMFGDHIIQDSKLHIPRDDILKYSFVLKPLVDIAPESIHPI
TKSFSEHWDRMDKAE------*
>P1;gi|29348625|ref|NP_812128.1| 2-amino-4-hydroxy-6-hydroxymethyldi... [ score 134 E 9e-31 ] [ range 4 .. 160 ]
sequence
---VYISLGTNLGDKEQNLRTAVQKIEEQVG-KVISLSAFYITAPWGFDSEHSFLNAAACVETELSPLEV
LQKTQEIERELGRTHKSVGYSDRLIDIDLLLYDDLILSGAALNLPHPLMAERDFVMRPLTEIAPELVHPV
GKAMKVLLAQIEK--------*
>P1;gi|44391442|gb|EAI94356.1| unknown [environmental sequence] [ score 134 E 9e-31 ] [ range 3 .. 149 ]
sequence
--QVFISIGSNI-DPLKNIDKVKILLNNLFECTF---SGLYETAAEGFEGN-DFVNCVVGFKTDITPTDL
NDILKNIEKNMGRTDRQKGMSNRIIDLDLILYGDLVLNDKYLSLPSDDIEKYSFILEPLVEIAGDIRHPV
SKSFKSLLMELQS--------*
>P1;gi|22997771|ref|ZP_00041998.1| COG0801: 7,8-dihydro-6-hydroxymet... [ score 134 E 9e-31 ] [ range 40 .. 188 ]
sequence
-TSVLLSLGSNVR-PRYYLSQAEAALHAFFGEVL--FSPVYRTLAVGF-DGPDFLNSAAMVHTAMSLSDL
LAWLHALEERYGRDRAEPRFGNRTLDVDVVFYGDLIVKEPEYCIPRREL-KHSFVLKPLVDVAPDFVDPV
GRTLAQLWAVHP---------*
>P1;gi|19553886|ref|NP_601888.1| 7,8-dihydro-6-hydroxymethylpterin-p... [ score 134 E 9e-31 ] [ range 3 .. 154 ]
sequence
---AVLSIGSNMDDRYALLNTVIEEFKD----EIVAQSAIYSTPPWGIEDQDEFLNAVLVVEVEETPIEL
LRRGQKLE-EAAERVRVRKWGPRTLDVDIVQIGEEILEDPELTLPHPWAWQRAFVLIPWLEAEPDAVL-H
GTTIAEHVDNLDPTDIE----*
>P1;gi|15835517|ref|NP_297276.1| 2-amino-4-hydroxy-6-hydroxymethyldi... [ score 133 E 1e-30 ] [ range 9 .. 169 ]
sequence
-----LGLGSNLGNRHEYIKRAYESLKK-AGIRNLKSSVILETKALLLEGSPPYFNCVAIGETQLSPDEL
VKEIKMIENRLSRD-SSLKWGPRSIDIDVLLYGDESCCSERCIIPHPRLLERPFLLSMMASLCPYRYFRD
GKTFAELAAIYPLTE------*
>P1;gi|28493553|ref|NP_787714.1| dihydropteroate synthase/dihydroneo... [ score 133 E 1e-30 ] [ range 494 .. 700 ]
sequence
-TRVYIGIGANVGNCLDNVQRAIKDIADHPMIELVSLGRLFRTTAVLDESLPVFLNTAIAIDTALSMQDL
LALMLCIEKKLGRTRHSDGFVNRHIDLDILLAEGVQITEHGLCIPHPRLSKRAFALLPLESIDPDLHIPG
HGPITDLIHGLPEDQI-----*
>P1;gi|44547242|gb|EAK01602.1| unknown [environmental sequence] [ score 133 E 1e-30 ] [ range 4 .. 151 ]
sequence
-STAYLSLGSNV-SPEKNIQFALDQLSKIFGE--ITSSSTYLTEAVGFKGS-DFLNLVVKIDTVLEPVEL
ISELHRIEEMTGRVTGTKAFNDRTLDIDVLLYDEVI--NIDLNIPRDEILKYGFVLEPLAELFPEGKHPI
EKTFLELWNRLKEN-------*
>P1;gi|23000976|ref|ZP_00044892.1| COG0801: 7,8-dihydro-6-hydroxymet... [ score 133 E 1e-30 ] [ range 1 .. 132 ]
sequence
------------------------MLDKQPHVTVTACSSWYRTEPLGPQ-QPDYINGAATLTTTLSPLAL
LALLLDVEQQMGRDRREQRWGPRALDLDLLFYADLLLDHPQLILPHPQLHLRRFVLQPLGEIIPTKRHPK
GKTVDTLLSEVEDRG------*
>P1;gi|41722770|ref|ZP_00149752.1| hypothetical protein Daro361401 [... [ score 195 E 3e-49 ] [ range 1 .. 158 ]
sequence
MNTAYIALGANLGDPAATVRAAFGALANLPESRVVHSSSLYRTAPVGITEQPEFVNAVAQLETSLAPEAL
LDALLDIEQRFGRVRA-ERNGPRTLDLDILLYNDQCIDLPRLTLPHPRLHLRAFVLYPLAEIAPGLVIPG
RGSISAWLPAVANQGIVKL--*
>P1;gi|42632033|ref|ZP_00157571.1| COG0801: 7,8-dihydro-6-hydroxymet... [ score 185 E 2e-46 ] [ range 1 .. 160 ]
sequence
MITVYIALGSNLNTPVEQLHAALKAISQLPSTDLVTTSSFYKSKPLGPQDQPDYVNSVAKIKTELSPLAL
LDELQRIENEQGRVRL-RRWGERTLDLDILLYGNEIIQNERLTIPHYDMHNREFVIVPLFEIASDLVLPN
TQPLANLVKQFADHEMIKLNP*
>P1;gi|23104760|ref|ZP_00091220.1| COG0801: 7,8-dihydro-6-hydroxymet... [ score 183 E 1e-45 ] [ range 115 .. 272 ]
sequence
MERVYIGLGSNLADPAMQLCVALDALRTLPGTRLVAVSAFYDSDPLGPADQPYYVNAVAALDSALAPLEL
LDALQAIERKQGRVRK-ERWGPRTLDLDILLFGNRQLHEKRLTVPHYHLHARPFVLYPLAEIAPGLRLPD
GRPLDELLAACPAQGLRR---*
>P1;gi|28899279|ref|NP_798884.1| 2-amino-4-hydroxy-6-hydroxymethyldi... [ score 181 E 4e-45 ] [ range 1 .. 159 ]
sequence
MITAYIAVGSNLADPVNQAQQAIEALKTLPNSEFVQASSLYSSTPMGPQNQPDYINAVVAIKTNLTPLEL
LDCTQAIEQEQGRVRK-DRWGPRTLDLDIVLYGNEVINSERLIVPHYGMREREFVLYPLAEIAPSLQLPD
GTEVSELLEQVDKNGLR-IW-*
>P1;gi|24379413|ref|NP_721368.1| putative 2-amino-4-hydroxy-6-hydrox... [ score 180 E 9e-45 ] [ range 1 .. 159 ]
sequence
MTLVYLSLGSNIGERQTYLQRALEELAHLSHITLQAVSPIYETAAWGKTDQADFLNIVCQLETDLSPYDL
LEACQKIEKHLNRVRH-EHWGPRTIDIDILFYGNTIIKEDNLKIPHPYLQNRAFVLVPLNDIASELVHPV
LKETVAVLLEKVDKSGVKIW-*
>P1;gi|25011231|ref|NP_735626.1| Unknown [Streptococcus agalactiae N... [ score 180 E 1e-44 ] [ range 1 .. 160 ]
sequence
MTTVYLSLGSNIGDRETFLKQALFSIDHLQKTKVAQISAIYETAAWGNTNQEDFFNICCQVETDLAPFEL
LDYCQEIEKRLKRVRH-EHWGPRTIDIDILLFGNQVINQEDLVVPHPYMTKRAFVLVPLLEIAPQLSLPN
GSKLEDYLEKLNLGEVHYLKP*
>P1;gi|45520353|ref|ZP_00171886.1| hypothetical protein Mflag230101 ... [ score 178 E 3e-44 ] [ range 1 .. 156 ]
sequence
MALAYIALGSNLRDPMHEVGQAMTELDTLPETRLVKASSLYCTAPVGYDNQPDFINAVAAIDTGLEPMAL
LQAILDLENRHGRERP-FPNAPRVLDLDLLLYEQVVMNTPALTLPHPRMHQRGFVLLPLAEIAPELHIAG
YGSVADLAKQCADQGVV----*
>P1;gi|29831212|ref|NP_825846.1| putative 2-amino-4-hydroxy-6-hydrox... [ score 178 E 3e-44 ] [ range 37 .. 193 ]
sequence
--RAVISLGSNLGNRLETLQGAIDALEDTPGVRVKAVSPVYETEPWGVESQPAYFNAVVLLKTTLPPSSL
LERAHAVEEAFHRVRD-EHWGPRTIDVDIVAYADVVSDDPVLTLPHPRAHQRAFVLAPWYDVDPEAQLPG
RGPVEQLLAAVTRDGIVP---*
>P1;gi|15640614|ref|NP_230243.1| 2-amino-4-hydroxy-6-hydroxymethyldi... [ score 178 E 4e-44 ] [ range 1 .. 159 ]
sequence
MMLAYIAIGSNLGDPVAQAQLAIQQLTLLPKSRLIAASSLYSSTPMGPQNQPDYINAVAAIETELTPLEL
LDCTQRIELEQGRVRS-ERWGPRTLDLDIVLYGNEVIETERLTIPHYGMKVREFVLYPLAEIAPNLTLPD
GTEIQALLQQVPLNGL-SIW-*
>P1;gi|6016246|sp|P71512|HPPK_METEX 2-amino-4-hydroxy-6-hydroxymethy... [ score 177 E 7e-44 ] [ range 1 .. 157 ]
sequence
MTRAYLGLGSNIGDKAAMLAGAVEHLAATPGIRVVARSADYRTPPWGDTDQDWFLNAAVAIDTELTPHGL
LEVCLSIEAALGRVRE-PRWGPRVIDIDVLAYEGAQVSDERLVLPHRFVRERAFVLVPLAEIAPDLVI-G
GETVREALAKLDPSGIERV--*
>P1;gi|23112307|ref|ZP_00097808.1| COG0801: 7,8-dihydro-6-hydroxymet... [ score 177 E 9e-44 ] [ range 2 .. 144 ]
sequence
--KAYLSIGSNLGDRGHYLQQSCQRLAEHPDVKIIKKSGTYETKPWGNVDQPDFWNQVLEIETSLAPLDL
LNLCQEVEKSLGRERL-IRWGPRTIDIDLLNYDNKVWEDERLILPHPRMEEREFVLAPLREIAPHYILPS
GKKVTE---------------*
>P1;gi|15612658|ref|NP_240961.1| 2-amino-4-hydroxy-6-hydroxymethyldi... [ score 176 E 1e-43 ] [ range 4 .. 160 ]
sequence
--QCYIALGSNIGDRSRFLEEAIQQLAEHDKVTVTCCSSIYETDPVGYTDQSPFLNMVVEVSTSLPVEQL
LEVTQKIERYCGRERH-IRWGPRTLDLDILLYDQENREMENLIIPHPRMWERAFVLIPLMELNPSIVAPS
GKTIEQVVRELKDKEGVTLW-*
>P1;gi|27365006|ref|NP_760534.1| 7,8-dihydro-6-hydroxymethylpterin-p... [ score 176 E 2e-43 ] [ range 1 .. 159 ]
sequence
MITAYIAIGSNLADPVSQAKSAIDALKTLPKSRLLVASQLYSSSPMGPQDQPDYINAVAAIETELTPLEL
LDCTQAIELEQGRVRK-ERWGPRTLDLDIILYGDEVIDSERLTIPHYGMKEREFVLYPLAEIAPNLTLPD
GTELSQLLTIVDKNGL-GIW-*
>P1;gi|43219747|gb|EAC75428.1| unknown [environmental sequence] [ score 176 E 2e-43 ] [ range 1 .. 158 ]
sequence
MTIVYIGLGSNMRSPEQQIKSAIKSIKAVVKIRVLKVSSLYKSRPVGPQNQNDYVNAVIKIDTNLMPLEL
LECMQDIENQHGRVRI-ERWGPRTLDLDILMFGEKIIKDNKLTVPHPEIENRSFVLVPLAEIDSNCLIPG
KGPVANLLNVVDQKDLEII--*
>P1;gi|23019082|ref|ZP_00058794.1| COG0801: 7,8-dihydro-6-hydroxymet... [ score 175 E 2e-43 ] [ range 10 .. 164 ]
sequence
--RVVLALGSNLGDRLAALQGALDALADPDALRLLAVSPVYETAPVGGPEQDDYLNAVAVAETVLAPEAL
LARAQQVEKEFHRVRD-VRWGPRTLDVDIIDYAALVRTDPELTLPHPRAHERAFVLRPWADIDPAAVLPG
RGAVRDLLAGVADQEVRR---*
>P1;gi|45533296|ref|ZP_00184287.1| hypothetical protein Exigu026301 ... [ score 175 E 3e-43 ] [ range 1 .. 156 ]
sequence
MNRAYIALGSNIGDKAGHLRAAIEAMRSLATTHALRPSSVYETAPVGYVDQDLFYNMVVELDTTEPADRL
LQALQRIEQQEGRKRL-FKNGPRTLDLDIILYNDETIQADGLTVPHPRMQDRAFVLAPLRELTPSYVVPG
LKTVEELYRALPEAER-----*
>P1;gi|16759182|ref|NP_454799.1| 2-amino-4-hydroxy-6-hydroxymethyldi... [ score 175 E 3e-43 ] [ range 1 .. 154 ]
sequence
MTIAYIALGSNLASPLEQVNAALKAIADIPDSRIVAVSSFYRTPPLGPQDQPDYLNAAVALDTALAPEEL
LNHTQRIELQQGRVRK-ERWGPRTLDLDIMLFGDEVINTDRLTVPHYDMKNRGFMLWPLFEIAPELVFPD
KGLLIELMSQMSP--------*
>P1;gi|23467048|ref|ZP_00122633.1| COG0801: 7,8-dihydro-6-hydroxymet... [ score 174 E 4e-43 ] [ range 1 .. 158 ]
sequence
MKTVYIALGSNLDTPIQQLNLALGSLAQLKSCKLSAVSSFYQSKPLGPQDQPDYVNAVACLKTELDPIAL
LDQLQHIENQQGRVRL-RRWGERTLDLDILLYGNEIIQNERLTIPHYDMKNREFVIIPLYEIAPHLILPH
GEKLADIMLNFTHHKMQKL--*
>P1;gi|23028956|ref|ZP_00067327.1| COG0801: 7,8-dihydro-6-hydroxymet... [ score 174 E 5e-43 ] [ range 51 .. 206 ]
sequence
-NTAYIGLGSNLASPMQQLTEACKAIRHSEGITLEAISPWYQSVAVG-PEQPDYINGAVKITTTLEPEAL
LDTLQAIELAHGRERK-IHWGPRTLDLDILLYGDQQINTDRLTVPHAYMCERNFVVYPLADIAPNLTLPN
GTTLTQLKLNLGEAGLRKL--*
>P1;gi|13470947|ref|NP_102516.1| 2-amino-4-hydroxy-6-hydroxymethyldi... [ score 174 E 6e-43 ] [ range 6 .. 161 ]
sequence
-NTVYLSLGGNLGDPAASMAAALRILDADTDTRVTAVSSLYRTPPWGKLDQPDFLNAAAELSTRLSPRAL
LDLCLDAERKLKRVRE-ERWGPRLIDIDILVFGDRVIHETGLEVPHPRMLERAFVLAPLAEIAPDLAV-G
GRSVSERLSAVDAAGIERL--*
>P1;gi|43326366|gb|EAD28770.1| unknown [environmental sequence] [ score 173 E 1e-42 ] [ range 50 .. 206 ]
sequence
---AYVGLGSNLQDPAAQLARAVSALASLPDTTLMAQSPFYASRPVGPQDQPDFVNGAVELRTALRPHQL
LDHLQAIEKAQGRERL-RHWGPRTLDLDLLLYGDQQLADKRLTVPHAELANRDFVLQPLLDLNPELSLPD
GRRIDQLRSRCPDNQLRKLPP*
>P1;gi|44485670|gb|EAJ60492.1| unknown [environmental sequence] [ score 173 E 1e-42 ] [ range 1 .. 161 ]
sequence
MHKVYIGVGSNLGDSRGKAQRAFDAIGQIEDTRVLKTSSLYSSKPMGPQDQPDYINAVCLIETSLKPHGL
LKQLQRIELEKGRERK-ERWGPRTLDLDILLYGSETIDTADLIIPHYGMAEREFVMVPLFEIAPNMVMHD
GKPISAWVANCSLDGLRRL--*
>P1;gi|15676643|ref|NP_273787.1| 2-amino-4-hydroxy-6-hydroxymethyldi... [ score 173 E 1e-42 ] [ range 5 .. 159 ]
sequence
-HFAVIALGSNLENPAQQVRAALDTLSSHPDIRLKQASSLYMTAPVGYDNQPDFVNAVCTVSTTLDGIAL
LAELNRIEADFGRERS-FRNAPRTLDLDIIDFDGISSDDTRLTLPHPRAHERSFVIRPLAEILPDFVLGK
HGKVAELSKRLGNQGIR----*
>P1;gi|29653639|ref|NP_819331.1| 2-amino-4-hydroxy-6-hydroxymethyldi... [ score 172 E 2e-42 ] [ range 1 .. 163 ]
sequence
MTIAYVGVGANLDNPLKQVQIAVSNLSTLPQTACLGYSSFYRSKPLGPTDQPDYINAVAAVETTLSPQML
LKALQRLEEKQGRCRG-KRWGPRIIDLDILLYGDLALQSDELCLPHPGLFVREFVLYPLAEVAEDLILPG
GESILELKAKCPDRGIERINP*
>P1;gi|16077147|ref|NP_387960.1| 7,8-dihydro-6-hydroxymethylpterin p... [ score 172 E 2e-42 ] [ range 3 .. 133 ]
sequence
-NIAYIALGSNIGDRETYLRQAVALLHQHAAVTVTKVSSIYETDPVGYEDQAQFLNMAVEIKTSLNPFEL
LELTQQIENELGRTRE-VRWGPRTADLDILLFNRENIETEQLIVPHPRMYERLFVLAPLAEIC-------
---------------------*
>P1;gi|39998070|ref|NP_954021.1| 2-amino-4-hydroxy-6-hydroxymethyldi... [ score 172 E 3e-42 ] [ range 5 .. 160 ]
sequence
---VFIALGSNMGDRELNLLRAVAEIGKLPETRITALSGFYETEPVGPPEQPDFLNAVLRIETSLTPHRL
LEELQRIEGLFGRRRE-MYQGPRSMDLDILLYGSLTVAVEGLVIPHPRLHQRHFVLVPLAEIAPDMIHPV
QKPVRELLASLPPGERV----*
>P1;gi|16329343|ref|NP_440071.1| 7,8-dihydro-6-hydroxymethylpterin-p... [ score 171 E 5e-42 ] [ range 16 .. 172 ]
sequence
---AVVGLGGNIGPVLDNLQGAIAELALVAGIEVERCSSWYRSRAFGPP-QPDYINGCVTLRVSLSPPEL
LQTLLAIEQKFGRIRL-EKWGPRTLDLDLIFYGDRQLEQARLTIPHPQMQYRPFVLVPLAEIAPDWVDPR
GKTIIQLIEQVDCTAVWPVAP*
>P1;gi|45517055|ref|ZP_00168607.1| hypothetical protein Raeut370701 ... [ score 170 E 7e-42 ] [ range 1 .. 158 ]
sequence
MTLAFIGIGANLGDARQALKDAIVCLAQQVGITVLARSSLYRTAPVDA-DGDDYYNAVVKVQTSFTAAQL
LRICHHIEDQFGRERP-FRNAPRTLDLDLLVFGDEQHNHEHLTVPHPRVTERAFTLVPLLELAPELVIPG
VGPAVDFLARVGGQRIDKVS-*
>P1;gi|22985537|ref|ZP_00030653.1| COG0801: 7,8-dihydro-6-hydroxymet... [ score 169 E 1e-41 ] [ range 1 .. 157 ]
sequence
MTVAYLGLGANLGDARQTLKDAVVCLAQQHTITVLAKSSLYRTAPIDA-GGDDYFNCVVKVDTTLPVRHL
LALCHKIEHQFGRERP-FRNAPRTLDLDILLFGDQSIDEADLIVPHPRLIERAFALVPLVEIDSALIIPQ
HGRAEALLSKVSDQRIEKV--*
>P1;gi|23054411|ref|ZP_00080568.1| COG0801: 7,8-dihydro-6-hydroxymet... [ score 169 E 2e-41 ] [ range 5 .. 159 ]
sequence
---VFIALGSNQGDRELNLLRAVAEIGRLEQTRITALSGFYDTDPVGPVDQPNFLNAALRLETALSPRQL
LAELQRIETDFRRVRD-VPWGPRSMDLDILLYGDLILDEEGLVIPHPRLHERRFVLVPLAEIAPDVHHPL
GKRVDELLRSLPPGERV----*
>P1;gi|21221828|ref|NP_627607.1| putative hydroxymethyldihydropterid... [ score 169 E 2e-41 ] [ range 37 .. 191 ]
sequence
--RAVVALGANLGNRLETLQGAIDALEDTPGVRVKGVSPVYETEPWGPDSQPSYFNAVVILKTTLPPSSL
LERAHAVEEAFHRVRD-ERWGPRTLDVDIVAYAEVVSDDPHLTLPHPRAHERAFVLAPWLDVDPEAALPG
RGRVADLLAAVTRDGV-----*
>P1;gi|27469185|ref|NP_765822.1| 2-amino-4-hydroxy-6-hydroxymethyldi... [ score 168 E 4e-41 ] [ range 1 .. 156 ]
sequence
MVKAYLGLGSNIGNRELQLNEAIKILHDYQGIQVTQVSHIYETEPVGYTNQPKFLNLCIEIETELNPQSL
LKCCLTTEQQLHRKRE-IRWGPRTLDIDILLFGDQIIEQDNLSVPHPRMKERSFVLIPLNDIATKQIEPI
SKSIGQLV--VPDNSVKK---*
>P1;gi|44590933|gb|EAK32341.1| unknown [environmental sequence] [ score 167 E 7e-41 ] [ range 1 .. 157 ]
sequence
MTVAYIGLGANLGDARQTLKDAVVCLAQQRTISILGKSSLYRTAPF-EAGGDDYYNCVVKLDTTLSAREL
LALCQKIEHHFGRERP-YRNAPRTLDLDILLFGDDSIDEPDLIVPHPRLTDRAFALVPLVEIEPALDIPA
RGRADAFLAAVADQRVEKV--*
>P1;gi|20808733|ref|NP_623904.1| 7,8-dihydro-6-hydroxymethylpterin-p... [ score 166 E 1e-40 ] [ range 1 .. 157 ]
sequence
MTEVYLSLGSNLGDREKYLKEAVKRLKSNKNIVLKKLSPIYETKPVGYLEQDNFLNAAILIETDLTPYEL
LDVTTSIEAELKRERT-IKWGPRTIDIDILLYDGLILNDEKLTIPHPHMWERAFVLIPLRDINPSLS-KN
GLSIDELIQGLIDKQGVWL--*
>P1;gi|21231216|ref|NP_637133.1| 2-amino-4-hydroxy-6-hydroxymethyldi... [ score 166 E 1e-40 ] [ range 1 .. 160 ]
sequence
MLTAFVGLGANLGQAEATVRAAIVALGTLPQSSVTAASRLYRTPAWGREDQPDFINAVAAVRTALAPLAL
LDGLLAIEQAFGRDRG-ERWGPRTLDLDVLLYAEQVIDLPRLQVPHPHLHARAFALVPLAELAPEAIIPG
HGTVRHALQGVDGCGLEPI--*
>P1;gi|45513694|ref|ZP_00165260.1| hypothetical protein Selo146501 [... [ score 166 E 1e-40 ] [ range 12 .. 166 ]
sequence
---IAVALGSNLGNRVKHLQQAIAQLAALSSIRRLQVSPVYQTPPVGPP-QPDYYNACAIAETCLAPHDL
LQQLQAIEAAAGRERL-QHWGPRTLDLDLLLYGDRQIQTPDLTVPHPYLTQRAFVLIPLAAIAPDWVEPV
TGAIATLAQRLDSTGIERL--*
>P1;gi|23097542|ref|NP_691008.1| 2-amino-4-hydroxy-6-hydroxymethyldi... [ score 166 E 2e-40 ] [ range 1 .. 155 ]
sequence
MNEAYVALGTNIEPRENFINQALQFLDDHPNITIKEKSSIYETAPVGYTEQSNFLNMVVQVMTSLSANEL
LDACQWIEQELGRVRT-IRFGPRTIDLDILTYNQENSTVERLMLPHPRMHERAFVLIPLQEIAPGYIIPV
KKTVDSYVNELPETE------*
>P1;gi|22976708|ref|ZP_00022563.1| COG0801: 7,8-dihydro-6-hydroxymet... [ score 166 E 2e-40 ] [ range 75 .. 232 ]
sequence
MTLAFIGIGANLGDARQAVKDAIVCLAQQVGITVVAKSSFYRTAPVDATG-ADYFNAVVKIETPFTAAQL
LRICHHIEDQFGRERP-FRNAPRTLDLDLLLFGAESINTEALTVPHPRITERAFVLVPLVELDPAIEIPG
VGPAAGFLPDVQEQRIEKFS-*
>P1;gi|32044064|ref|ZP_00141165.1| COG0801: 7,8-dihydro-6-hydroxymet... [ score 165 E 3e-40 ] [ range 59 .. 214 ]
sequence
--RVYVALGSNLAEPREQIQAALDAFERLPETRLVAVSPLYVSDPLGPADQPRFVNGVAALDTTLAPLDL
LDALQAIELEQGRVRD-LRWGPRTLDLDILLFGEQLLDLPRLKVPHYHMQARAFVLYPLADLAPDLRLPD
GRHLPELLAACPFEGIERL--*
>P1;gi|17935254|ref|NP_532044.1| 6-hydroxymethyl-7,8-dihydropterin p... [ score 164 E 4e-40 ] [ range 9 .. 165 ]
sequence
-TVAALGLGGNIGDPAAAMARALRELDAHDDCRVQAVSGLYRTPPWGKTDQADFFNCCALVETSLTALAL
LQLCLDIERGMKRVRT-ERWGPRTIDIDVLTYGNEAIVTESIEVPHPRMTERAFVLMPLADIAPDLEV-K
GKPVRQWLQQADRSGIVRAN-*
>P1;gi|28379662|ref|NP_786554.1| 2-amino-4-hydroxy-6-hydroxymethyldi... [ score 164 E 6e-40 ] [ range 7 .. 160 ]
sequence
--RVYLSVGSNIHPRVQNIQQALSRLRAVNGVNVIDESHWYETQPWGKRDQANFYNVSVSLTTNLTPEEL
LDELHTIEQAGHRQRL-VHWGPRTIDLDIIFWGDRQINTATLTIPHAQAAKRNFVLLPTAEIAKTDVL-V
GPQVAQLIAANQDQSWIK---*
>P1;gi|21674750|ref|NP_662815.1| 2-amino-4-hydroxy-6-hydroxymethyldi... [ score 163 E 1e-39 ] [ range 5 .. 170 ]
sequence
--TAYIGIGSNVGDRLGYLQQAVDHLAQLPGMRVSGASRVYMTEPFGDPNQERYFNAVIAVQTSLDPTDL
RTRCKAIEHDLGRDRY-QRWSPRTIDLDILLYSDLCIESDLLVIPHAEMHHRKFVLIPLLDLA-NPVHPR
LRSIAELLKSCEDHSVLKIRP*
>P1;gi|34763775|ref|ZP_00144691.1| Dihydroneopterin aldolase; 2-amin... [ score 163 E 1e-39 ] [ range 120 .. 272 ]
sequence
-NEVYISLGSNMGNKKENLEKAIKEIANIEDTFIIKESKIIETEPFGYKEQDDFLNSCIGVKTLLAPREI
LKELLSIEQKMGRERK-IKWGPRIIDLDIIFYGKEVIEEDDLIVPHPYMEYREFVLKPLEEIIPNFVHPL
LKRVSTLKKELENE-------*
>P1;gi|23058736|ref|ZP_00083768.1| COG0801: 7,8-dihydro-6-hydroxymet... [ score 163 E 1e-39 ] [ range 1 .. 159 ]
sequence
MERIYIGMGSNLADPAEQLRSAVDALKQLPDTELVGVSAFYQSDSLL-PGQPRYTNAVAALDSALAPLDL
LDALQAIENDQGRERL-ERWGPRTLDLDILLFGDRLIDEPRLKVPHYHMQERAFVLYPLAELAPDLRLAD
GRTLADLLAACPFVDLERLS-*
>P1;gi|15923506|ref|NP_371040.1| 2-amino-4-hydroxy-6-hydroxymethyldi... [ score 163 E 1e-39 ] [ range 1 .. 147 ]
sequence
MIQAYLGLGSNIGDRESQLNDAIKILNEYDGISVSNISPIYETAPVGYTEQPNFLNLCVEIQTTLTVLQL
LECCLKTEECLHRIRK-ERWGPRTLDVDILLYGEEMIDLPKLSVPHPRMNERAFVLIPLNDIAANVVEPR
SKKVKDL--------------*
>P1;gi|119838|sp|P29251|FAS_PNECA Folic acid synthesis protein [Incl... [ score 163 E 2e-39 ] [ range 296 .. 452 ]
sequence
---VYISLGSNLGNRIKFILDAIEKMS-IKGIKVLKTSMLYESKPMYFKDQPAFYNAVCKVQTSLHPEQL
LFELQLIEKELGRVKV-IDKGPRCIDLDIVFYGRKIINSESLIIPHPRVLERSFVLKPLLDISGDLVHPV
TGSIASYFEKIVDHDIKPVLP*
>P1;gi|18310004|ref|NP_561938.1| bifunctional folate synthesis prote... [ score 163 E 2e-39 ] [ range 120 .. 272 ]
sequence
-NEAYLSYGSNIGDKKYYIEEALKEINKAYHTEIIKKSNLIETEPWGYTEQDEFLNGACKIKTLLNPKEL
IKFLLSIEQKLKRERK-IKWGPRTIDLDVIFFNDLISEDEEIILPHPRMHERSFVLEPLNEIAPYKIHPL
YKRVFELLEELNKN-------*
>P1;gi|15602730|ref|NP_245802.1| FolK [Pasteurella multocida] >gi|12... [ score 162 E 2e-39 ] [ range 1 .. 158 ]
sequence
MKSVYIALGSNLQTPIAQLEAALAALANLPTTQLIHVSSFYQSKPLGPQDQPDYVNAVAHLRTTLPPLTL
LDHLQQIENTQGRVRL-RRWGERTLDLDILLYDNVVCQTERLTLPHYDMTNREFVIIPLFEIAPDLCLPS
GQPLLELRKKFEDHQMQKI--*
>P1;gi|33151793|ref|NP_873146.1| 2-amino-4-hydroxy-6-hydroxymethyldi... [ score 161 E 3e-39 ] [ range 1 .. 157 ]
sequence
MKTVYIALGSNLNNPLIQLRQAVASLQQFA--VNLEVSPFYCSQPIGPQDQPDYVNAVAKMETNLTAFQL
LDQLQAIEQQQGRVRL-RRWGERTLDLDILLYANEQIKTDRLTVPHIEMKNRVFVIVPLYDLAPQLVLPS
GEKLADIYALFKDHTMQILS-*
>P1;gi|28868182|ref|NP_790801.1| 2-amino-4-hydroxy-6-hydroxymethyldi... [ score 161 E 4e-39 ] [ range 10 .. 164 ]
sequence
--RVYIGLGSNLADPAEQLRSALKALAQLPDSTLIGVSSFYVSDSLL-PGQPRFTNAVAALDTTLPPLAL
LDALQAIELDQGRERH-ERWGPRTLDLDILLFGERVMDEPRLKVPHYHMQARAFVLYPLAELAPELTLAD
GRELTHLLSECPFTGLERL--*
>P1;gi|21398038|ref|NP_654023.1| HPPK, 7,8-dihydro-6-hydroxymethylpt... [ score 161 E 5e-39 ] [ range 3 .. 150 ]
sequence
-NIAYIALGSNIGERYTYLTEAIQFLNKNPYIKVEDVSSVYETEPVGYTDQSCFLNLVIKISTNLSPQEL
LKVTQKVENDLGRKRE-IRWGPRTIDLDILLYNQENIEAENLIVPHPRMFERAFVIVPLLEINQDIKQNI
SRSQVEEMKR-----------*
>P1;gi|44479481|gb|EAJ56095.1| unknown [environmental sequence] [ score 161 E 5e-39 ] [ range 159 .. 312 ]
sequence
---IYLGIGSNLGNKKRNIENTKSNLLK-NNINILECSSYYESLSWPNPKNPKFLNIVVKIKTHLTPSKL
IKKCKEIETRLGRKKM-PKNSPRVCDIDIIDFKNQRMENN-LILPHPRMHTRNFVLLPLFEIDKDWKHPV
LKNIKKLISSLSNSDIRSI--*
>P1;gi|23012253|ref|ZP_00052384.1| COG1539: Dihydroneopterin aldolas... [ score 160 E 8e-39 ] [ range 1 .. 160 ]
sequence
MTLVHLGLGTNLGDRPANLRAALDALGRVG--VITARSRVWETAPLYVTDQPAFLNMAAALKTQLAPLDL
LSCLKTMEDDLGRVAS-VRYGPRLIDLDILLYGDVVMESEILTLPHPRLPERHFALAPLAEIAGACLHPL
LGTIAGLLARLPEDDIRRLAP*
>P1;gi|32418400|ref|XP_329678.1| probable multifunctional folic acid... [ score 159 E 2e-38 ] [ range 166 .. 319 ]
sequence
--TAYIALGSNLGDRIGWIEKACKEMDAR-GIKVKRTSCLWETEPMYVLDQDRFVNGACEVETTLEPLEL
LDALQDIENSLGRKKI-IDKGPRNIDLDILLYENLKVDHERLKIPHIGIPEREFVLRPLAELIPDKPLDH
TRPTRDLLDALPPSS------*
>P1;gi|15896180|ref|NP_349529.1| Dihydroneopterin aldolase fused to ... [ score 158 E 3e-38 ] [ range 120 .. 260 ]
sequence
-HTVYIGLGSNIADKSQNLKDALKIIDDNYLCKITKTSNFYTTRPVGYLNQDNFLNCAAEVKTLMTPNEL
MDFFLETEKSLKRERK-IHWGPRTIDIDILLYDDLVTYDPHCTIPHPRMAERLFVITPLCDINPYLVHPI
SNK------------------*
>P1;gi|19703424|ref|NP_602986.1| 2-amino-4-hydroxy-6-hydroxymethyldi... [ score 158 E 4e-38 ] [ range 120 .. 272 ]
sequence
-NEVYISLGTNMGKKKKNMEKAIKEVANIKDTFIIKESTIIETEPFGYKEQDDFLNSCIGVKTLLAPREI
LKELLSIEKKMGRERK-IKWGPRIIDLDIIFYGKEVIEEDDLVVPHPYMEYREFVLKPLEEIIPNFVHPL
SKRISTLRKELENE-------*
>P1;gi|23472869|ref|ZP_00128190.1| COG0801: 7,8-dihydro-6-hydroxymet... [ score 157 E 5e-38 ] [ range 10 .. 164 ]
sequence
--RVYIGLGSNLADPAEQLRSALKAIAQLPDCQLSGVSSFYISDSLL-PGQPRFTNAVAAIDTALAPLAL
LDALQAIELDQGRERH-ERWGPRTLDLDILLFGDHLIDEPRLKVPHYHMQARAFVLYPLAELAPGLTLAD
GRPLNRLLDECPFTGLERL--*
>P1;gi|44386157|gb|EAI90577.1| unknown [environmental sequence] [ score 157 E 6e-38 ] [ range 1 .. 137 ]
sequence
MTVAYLGLGANLGDARQTLKDAVVCLAQQHTITVLAKSSFYRTAPIDA-GGDDYFNCVVKVDTTLPVRHL
LALCHKIEHQFGRERP-FRNAPRTLDLDILLYGDQSIDEADLIVPHPRLIERAFALVPLVEIDPALIIP-
---------------------*
>P1;gi|15965562|ref|NP_385915.1| PROBABLE 7,8-DIHYDRO-6-HYDROXYMETHY... [ score 157 E 9e-38 ] [ range 10 .. 161 ]
sequence
---AILGLGGNLGDPRRSMAEALRALDARSDCRVVAVSRLYRTPPWGKTDQDWFFNACAEVETTLDPEAL
LAACLDIERAMKRVRM-ERWGPRTIDIDLLTFGDLNRASATLTLPHPRMTERGFVLKPLADFAADLAV-E
GRTVIEWLGRADVTGIE----*
>P1;gi|27378168|ref|NP_769697.1| 6-hydroxymethyl-7,8-dihydropterin p... [ score 157 E 9e-38 ] [ range 1 .. 159 ]
sequence
MASVLIALGGNVGDVRATFGKAIAHICGMAQAALTARSSDYATPPWGDEEQDPFINACIEIETGLDPHAL
LFVLQKVEQKFGRTRT-RPWGPRTLDLDMIAYDDVRLQKPDLTLPHPRLFERAFVLVPLAEIAPDRVISG
IR-VRDGLSSISTQGIERL--*
>P1;gi|44469632|gb|EAJ49051.1| unknown [environmental sequence] [ score 157 E 1e-37 ] [ range 26 .. 185 ]
sequence
--TVFLGIGSNIGNKKRNIEKTKFLL-QRNSIKILKSSNIYETYAWPNKEQPKFYNIVIKVITNLKPENL
FYVIKNIEKKLGRKKA-LINEPRTCDIDILDYKGKIVNNNKLIIPHPRLHDRNFVLFPLFEIQKNWKHPI
KKKIKDLIKKLDDSAFYSI--*
>P1;gi|23953859|gb|AAN38834.1| folic acid synthesis protein [Pneumoc... [ score 157 E 1e-37 ] [ range 297 .. 453 ]
sequence
---IYIALGSNLGNKVKFISDAIEKMS-IKGIKILKTSMLYESKPMYFENQPVFYNAVCKVETSLSPEQL
LAELKTIEKELGRFRT-VDKGPRCIDLDIIFFRREIINSESLTIPHPQVLERPFVLKPLCDVSNNLVHPV
TGPIVFYLKKAVDLGIKPVLP*
>P1;gi|44281112|gb|EAI17324.1| unknown [environmental sequence] [ score 156 E 1e-37 ] [ range 7 .. 162 ]
sequence
-NTVYLGIGSNLGNRISNIEKAKYYLMQ-NNIKIISASRYYETPSWPNPKNPKFINIVLKAKCYYKPFDL
FNICKFIEKKLGRKRT-VKNSPRECDIDIIDFKGQVLK-KQLFLPHKLMHKRSFVLFPLFEIEREWVHPI
QNNIKKLILSLPNNDIRSI--*
>P1;gi|42554916|gb|EAA77759.1| hypothetical protein FG09710.1 [Gibbe... [ score 156 E 1e-37 ] [ range 89 .. 239 ]
sequence
--TAYIALGSNMGDRVAEIERACNEMDRR-GIKVKRTSSLWETEPMYVTDQDRFVNGACEVETELEPIAL
LDQLQAIENDMGRKKV-IDKGPRNIDLDILLYGDETVDHERLKVPHIGILEREFVLRPLAELIPAKSLPR
KKLIQDNLNELP---------*
>P1;gi|43910014|gb|EAG09658.1| unknown [environmental sequence] [ score 155 E 2e-37 ] [ range 34 .. 192 ]
sequence
---VYLSIGSNLGNRIHFLEKSKYLLETH-DIKIIKTSSYYETDSWPDPSFPKFINAVLLIKTKLNQFEL
FKIIKSIEKKLGRKIA-PKNHPRNCDIDILDFNGKITKSNNLEIPHPRMHNRNFVLMPLFEICKNWSHPK
LKKIVKLLTSLKKNNLRSI--*
>P1;gi|33519624|ref|NP_878456.1| 7, 8-dihydro-6-hydroxymethylpterin-... [ score 155 E 3e-37 ] [ range 1 .. 162 ]
sequence
MEYAWIGIGSNLLNPKKQVDQAIQALSQLPKTEFISCSKYYRSRPLGYHKQPDFLNTIVILYTDLRPELL
LDYMQEIENQQGRVRK-FATCPRTLDLDILLFGQYRICTPKLVIPHYDMMNREFIMYPLAELDQKLVLPN
GKCIADIIRGFPKKGLT-IW-*
>P1;gi|44262939|gb|EAI04948.1| unknown [environmental sequence] [ score 155 E 3e-37 ] [ range 5 .. 160 ]
sequence
--KVYLSIGSNIGDRESNIASSIAMLGSYIEISKIKSSSFYETEPLYNEDQPAFLNIVLEIETSLTPFKL
LDKIREIEKMLGREKR-IKNQPRTIDIDIVIFKDSFIDTSELQIPHPGALLRNFVLIPLAELIPNEFFPK
TNKIVDLLKKCPDTSVV----*
>P1;gi|23501910|ref|NP_698037.1| 2-amino-4-hydroxy-6-hydroxymethyldi... [ score 155 E 4e-37 ] [ range 9 .. 167 ]
sequence
--RAWLGLGGNIDDPIISMASALRMLDGRSDTRVVSVSPVYRTPPWGKTDQAWFHNACAQIETALQPLEL
IAACLDVERSLKRVRL-ERWGPRIIDIDILVMQDETMQEPALELPHPRMHERAFVLVPLNDIAP--SLPV
GRTVAEWAADCDRAEMEK---*
>P1;gi|23020603|ref|ZP_00060302.1| COG0801: 7,8-dihydro-6-hydroxymet... [ score 155 E 4e-37 ] [ range 1 .. 158 ]
sequence
MNKVFLSLGSNIEDREKYLLDAIDNISAVSGVSLEKISNIYETEPVGYTEQGRFLNMAAQISTSLEAEEL
LDKLLEIEKLLKRERI-IHWGPRTIDIDILTYGDLRIDTPKLKVPHPRMFERAFVLIPLMDICEKERLYG
IN-INDALDKCGDKDGVRL--*
>P1;gi|44560132|gb|EAK10724.1| unknown [environmental sequence] [ score 154 E 5e-37 ] [ range 25 .. 182 ]
sequence
-NIVFLGIGSNLGLRKRNIEKAKFLLADH-NLDFLSVSSYYETPSWPDPRKPKFLNIVLKMKCFYSPKEL
LKICKFIENQLGRKKA-KKNSPRTCDLDIIDFNNLVKKNSKINLPHKMMHKRNFVLFPLFEIQKNWIHPD
KQIVKTLISLLPDRDIRSI--*
>P1;gi|44321239|gb|EAI44339.1| unknown [environmental sequence] [ score 154 E 6e-37 ] [ range 1 .. 151 ]
sequence
-------MGSNLGNPENFLEEAREALRKLP-LKKMKCSSILKSSPLLGMAQPDYLNQLVCGITQLEAEEL
LMECQAIEKRLGRIRE-QRWGPRTIDIDIISYGQHTIDSPTLKIPHPELEKRAFVLMPLQEISPQWTHPV
SGTIDELLEDWKSNSSEPL--*
>P1;gi|44537173|gb|EAJ94616.1| unknown [environmental sequence] [ score 154 E 6e-37 ] [ range 32 .. 192 ]
sequence
-NIAFLSIGSNLGNKKRNIEKAKFLLAK-NSIKILKSSNFYETYAWPNKNHPKFYNIVIKIITNLKPTNL
FFIIKDIEKKLGRKKT-LINRPRICDIDILDYKGQVYNNNELIIPHPRLHNRNFVLFPLFEIEKNWKHPL
KKKIQDLIGKLDNSSLYSI--*
>P1;gi|44311488|gb|EAI37647.1| unknown [environmental sequence] [ score 154 E 7e-37 ] [ range 1 .. 160 ]
sequence
MNTVYLSLGSNIGDRESNLAQATMALSINFEISGIKSSAYYESEPLYKKDQPDFLNSVVKFSTTLKPFDV
LDVVQKVEKMLGREKR-EKNQPRIIDIDILFHGDAVLETEDLSIPHPMIALRKFILIPFAEIEPDFEIPH
SNTINDLINNCPDSSRV----*
>P1;gi|17547347|ref|NP_520749.1| PROBABLE 2-AMINO-4-HYDROXY-6-HYDROX... [ score 154 E 8e-37 ] [ range 1 .. 156 ]
sequence
MTVAYIGIGANLGDARQAVKDAVVCLAQQVGISITGKSSLYRSAPVDATG-DDYINAVVRIDTHFTAGQL
LRICHHIEDQFGRERP-FRNAPRTLDLDLLLYGDQTLTSPELTVPHPRVGQRAFTLLPLHELAPDLVIPG
IGAVAALLPGVADQVIEK---*
>P1;gi|39934907|ref|NP_947183.1| putative 2-amino-4-hydroxy-6-hydrox... [ score 154 E 9e-37 ] [ range 1 .. 159 ]
sequence
MPRALIALGGNVGDVRATFDKAIANICGMTQAELIARSPDYATPPWGDEQQDRFVNACVAIETALDPHAL
LFTLHKIEKRFGRDRE-RRWGPRTLDLDLIAYDDAVINRPDLTLPHPRLFERAFVLVPLLDVVPDPVIA-
GRSLKDALAGLSTAGIERL--*
>P1;gi|16799335|ref|NP_469603.1| similar to 7,8-dihydro-6-hydroxymet... [ score 154 E 9e-37 ] [ range 1 .. 153 ]
sequence
MAKAFLSIGTNIGERLDNLNDALRGLADSEKIKITNVSSVYETDAVGYEDQAAFLNIAAEVETDFTPNEL
LDFCLALELELGRVRL-FKWGPRLIDIDILLYDDVKIDTEKLKIPHPYMKERAFVMIPLIEISPE-----
KSNLLENPAILEEQGVRKI--*
>P1;gi|16802272|ref|NP_463757.1| similar to 7,8-dihydro-6-hydroxymet... [ score 153 E 9e-37 ] [ range 1 .. 153 ]
sequence
MAKAFLSIGTNIGERLENLNDALRGLAASNQINITNVSSVYETDAVGYEDQAAFLNIAVEIETDFPPIDL
LDFCLALELELGRVRL-FKWGPRLIDIDVLLYDDVKTDTEKLKIPHPYMKERAFVMIPLIEISPE-----
KSNLVENPALLEEQGVRKI--*
>P1;gi|28198115|ref|NP_778429.1| 2-amino-4-hydroxy-6-hydroxymethyldi... [ score 152 E 2e-36 ] [ range 8 .. 164 ]
sequence
---AYVGLGANLGPAEMTLRAAIAALDQLPFTRLRIASSLYRTPPWGRQDQAEFVNAVAALETRLAPLAL
LDALLEVECLHGRVRG-DRWGPRTLDLDLLLYGEHVLDLPRLRVPHPHLHERTFVVVPLAEIAAELVLPR
HGMVCELLEHMDTLGLVPI--*
>P1;gi|44610717|gb|EAK46344.1| unknown [environmental sequence] [ score 152 E 2e-36 ] [ range 13 .. 173 ]
sequence
-NLAYLALGSNLGDKKNNLNKCIDLIQK-EGVFIKKASKFYSTKSWPNENFPNFINSVILIETKLNLEQL
FLKIKRIEKKLGRTKS-KRNYPRVCDIDIIDFNGDIINNHKLSIPHKRMHNRNFVLFPLYELDKDWVHPK
LNNIVILMSNLTNEQLLGI--*
>P1;gi|38110045|gb|EAA55823.1| hypothetical protein MG01474.4 [Magna... [ score 152 E 2e-36 ] [ range 93 .. 257 ]
sequence
--TAYIALGSNMGDRIAMIEQACNEMDAR-GICVKRTSSLWETEPMYVLEQGRFVNGVCAVETSLEPLAL
LDQLQDIENSMGRQKV-IDKGPRNIDLDILLYEGVKLKHDRLEIPHKGIPEREFVLRPLTELIPDAVDPD
RKLAQDYLNELPLSSLTPLSP*
>P1;gi|43736856|gb|EAF23099.1| unknown [environmental sequence] [ score 152 E 3e-36 ] [ range 25 .. 180 ]
sequence
-NRIYLGIGSNLGNRRYKIEQAKYELS-LRNIRLVKSSNFYESLSWPDESKPKYLNIVLEVISDLNPLEL
LKVSKDIEISLGRKKS-YKNAPRECDIDIIDYKSKKI-SQKINLPHPRMHNRNFVLFPLFELNKNWKHPI
SKHIKKLIISLPNRDIRSI--*
>P1;gi|43311900|gb|EAD21689.1| unknown [environmental sequence] [ score 152 E 3e-36 ] [ range 26 .. 180 ]
sequence
--TIYLGIGSNLGNRKINLNIAKFMLSKC-NIKILESSSFYESLSWPDPNKPKFLNIVIKIRTDLPPINL
LHKCKEIEKNLGRKKT-KKNAPRVCDIDIIDYG-KIKLNKDIILPHPRMHNRNFVLLPLFEINKNWIHPT
LKKIKSLILSLSNKDIRTI--*
>P1;gi|44412690|gb|EAJ09105.1| unknown [environmental sequence] [ score 151 E 4e-36 ] [ range 1 .. 141 ]
sequence
-------MGSNLGNPENFLEEAREALRKLP-LKKMKCSSILKSSPLLGMSQPDYLNQLVFGITQLKAEEL
LMECQAIEKRLGRIRE-QRWGPRTIDIDIISYGQQTIDSPILKIPHPEMEKRAFVLMPLQEINPQWTHPV
SGTIDELLE------------*
>P1;gi|44555559|gb|EAK07437.1| unknown [environmental sequence] [ score 151 E 6e-36 ] [ range 26 .. 182 ]
sequence
--IVFLGIGSNLGIRKRNIEKAKFLLAEH-NLDVLSVSSYYETPSWPDPRNPKFLNIILKLKCYYNPQEL
LKICKSIENQLGRKKA-KKNAPRTCDLDIIDFNNLVKKNSKINLPHKMMHKRNFVLFPLFEIQKNWIHPD
KQIVKTLISLLPDRDIRSI--*
>P1;gi|34497088|ref|NP_901303.1| 2-amino-4-hydroxy-6-hydroxymethyldi... [ score 151 E 6e-36 ] [ range 1 .. 141 ]
sequence
MTLAYVALGSNLEQPQQQVRAALAALGHLDGATLLRHSSLYRTAPVGYADQPDFINAVALLDTELPPLRL
LDALLALEQRFGRQRS-FRNAPRVLDLDLLYYDGVFLEEPRLILPHPRMRERAFVMVPLAEIAAGATLPG
VG-------------------*
>P1;gi|15836833|ref|NP_297521.1| 2-amino-4-hydroxy-6-hydroxymethyldi... [ score 151 E 7e-36 ] [ range 15 .. 171 ]
sequence
---AYVGLGANLGPAEMTLRAAIAALDQLPLTRLRIASSLYRTPPWGRQDQAEFVNAVAALETGLAPLAL
LDALLEVECFHGRVRG-DRWGPRTLDLDLLLYGEQVLDLPRLRVPHPHLHVRAFVVVPLAEIAAELVLPR
HGMVCELLEHIDTLGLVPI--*
>P1;gi|43088287|gb|EAC10347.1| unknown [environmental sequence] [ score 150 E 8e-36 ] [ range 1 .. 141 ]
sequence
-------MGSNLGNPENFLEEAREALRKLP-LEKMKCSSILKSSPLLGMAQPDYLNQLVCGITQLEAEEL
LMECQSIEKRLGRIRE-QRWGPRTIDIDIISYGQQTIDSPILKIPHPEIEKRAFVLMPLQEISPQWTHPV
SGTIDELLE------------*
>P1;gi|43238496|gb|EAC84856.1| unknown [environmental sequence] [ score 150 E 9e-36 ] [ range 27 .. 180 ]
sequence
---IYLGIGSNLGNKKKNIELAKFKLTE-NNIKILQSSSFYKSKSWPNPKNPKFLNIVIKIKTNLKPSKL
LNLCKKIEKTLGRKKS-AINSPRICDIDILDYNKKILDKD-IILPHPRMYNRNFVLLPLFEINKHWVHPV
SKKIKRLILLLSNRDIRSI--*
>P1;gi|43940893|gb|EAG25914.1| unknown [environmental sequence] [ score 150 E 1e-35 ] [ range 27 .. 180 ]
sequence
---VYLGIGSNLGNRKKNINKAYYLLNKFCSIN--KLSNYYETNSWPNENYPKYLNIVLKCKTNLNPFAL
IKKLKNIEKKLGRKKN-IKNYPRTCDIDIIDYKGLKFQSKNLQIPHPHLSKRNFVLIPLFEIEKGWRYPE
TNTIDKLIKNLDIKSLRSI--*
>P1;gi|23336230|ref|ZP_00121455.1| COG0801: 7,8-dihydro-6-hydroxymet... [ score 150 E 1e-35 ] [ range 133 .. 292 ] [ duplicate a ]
sequence
-HNAVVALGGNVGEVESTLRAAVREIDALLGTQVTGISPLYRTAAWGMADGPDFLNAVVELETTMGSHEL
LAALQNIEANHGRIRE-NHWDSRPLDLDIIDFDGITSADPDLALPHPRAWQRAFVLAPWAALNPNAKLAG
EGPVADLLAAAPDRNAVQL--*
>P1;gi|23336230|ref|ZP_00121455.1| COG0801: 7,8-dihydro-6-hydroxymet... [ score 150 E 1e-35 ] [ range 318 .. 460 ] [ duplicate b ]
sequence
--KAIISLDSTSQDAERLFRETIVSIDSVPGNQVQGISPLYH---VSHFDSPDAMSAVIQIETKLPPADL
IAVLGSIE----------SVHDLAVDLDLVDMEGVTSDEPNCSIPWPSARNHASVLAPWLDMDPNASL-G
GDPVAFLLAMAPDAGQVGL--*
>P1;gi|32169734|emb|CAD90574.1| putative 2-amino-4-hydroxy-6-hydroxy... [ score 149 E 1e-35 ] [ range 1 .. 132 ]
sequence
MHCVYLGLGANLNSPKKQLDNAIAALKKLPDCEFISVSHYYASKPMGPQDQPDYINAVACINTTLSPEKL
LDLTQAIELEHGRVRK-ERWGPRTLDIDMLLFDAQTINTERLIVPHYGLTEREFVVYPLLEL--------
---------------------*
>P1;gi|41017202|sp|Q8GJP4|FOKE_LACLC Bifunctional protein folKE [Inc... [ score 149 E 1e-35 ] [ range 1 .. 153 ]
sequence
MQTTYLSMGSNIGDRQYYLHEAIRLLGKHPKIMIEKVSNFYESSPVGGVKQDDFTNLALKVATLLEPLEL
LDFIHEVELSLNRERK-IHWGPRTIDIDIIFYGNSEIQEENLIVPHKEAFNRLFVLKPIFELLSDFKY--
YEPIREAIAKLSESE------*
>P1;gi|15605733|ref|NP_213110.1| folate biosynthesis 7,8-dihydro-6-h... [ score 149 E 2e-35 ] [ range 1 .. 140 ]
sequence
MATVYLGLGSNVGDRISYILKAIEKLEEFLEIE--KISTVYESKAWGFENQGNFLNFVLKAKTSLLPQEL
LLKIKKVEKEVGRKER-FKWGPREIDIDILLYKDEVIRTKLLKVPHPFLEKRDFFVYPLLEIEPNVIHPI
YRK------------------*
>P1;gi|44319919|gb|EAI43417.1| unknown [environmental sequence] [ score 149 E 2e-35 ] [ range 26 .. 184 ]
sequence
--IVYLGIGSNLGDKIDNIQKAKFKLQS-NGINILKCSSNYESFSWPNKNNPKFINVVLKIQTVLLPNKL
LELCNSIEKELGRKRF-KKNQPRTCDIDILDFQQKIIKPSNLTLPHPAISQRNFVLLPLYEISKSWIHPK
SKNVTNLINKLNISDLRTI--*
>P1;gi|28932735|gb|AAO60159.1| 7,8-dihydro-6-hydroxymethylpterin-pyr... [ score 149 E 2e-35 ] [ range 1 .. 153 ]
sequence
-------MGSNLAEPAEQLRSAIQALAQLPDTQLVGVSAFYQSDSLL-PGQPRYTNAVAALDSRLAPLDL
LDALQAIETGQGRERL-ERWGPRTLDLDILLFGDRLIDEPRLKVPHYHMQARAFVLYPLAELAPDLHLAD
GRSLKDLLAACPFAGLERLPP*
>P1;gi|42881853|gb|EAB08123.1| unknown [environmental sequence] [ score 149 E 2e-35 ] [ range 25 .. 180 ]
sequence
-NRIYLGIGSNLGNRRYKIEQAKYELL-LRNIRLIKSSNFYESLSWPDESKPKYLNIVLEVISDLKPLEL
LKVSKDIEISLGRKKR-YKNAPRECDIDIIDYKSKKI-SQKINLPHPRMHNRNFVLFPLFELNKNWKHPI
SKHIKKLIISLPNRDIRSI--*
>P1;gi|23135114|ref|ZP_00116872.1| COG0801: 7,8-dihydro-6-hydroxymet... [ score 149 E 2e-35 ] [ range 7 .. 165 ]
sequence
-HSAVLLLGSNLGERKNFLEQAAGKIAQQIG-SITKISSYYETKSWGLEDQPDFLNQVLVCQTACTAEKT
LALCLSIEKELGRNRK-EKWGSRTIDIDILYFNRDIIASGILKVPHPFLQQRRFVLVPLCEVMPDFIHPI
YNSNQQLLERCTDLEVIKLN-*
>P1;gi|29377711|ref|NP_816865.1| 2-amino-4-hydroxy-6-hydroxymethyldi... [ score 149 E 2e-35 ] [ range 4 .. 157 ]
sequence
----YVALGSNVGDPYANLVKARNYLNEDPQIQVVASSKLYETDPYGYTDQDDFLNAVLKIDTSYTAEEL
LAVTQGIEQAMKRKKL-IHWGPRIIDIDILLLGGQSVTLPHLQVPHQELTKRSFVLIPLSDVYAEEQL-L
GAPIATWIQRSGNQEEVRVS-*
>P1;gi|23039965|ref|ZP_00071504.1| COG0801: 7,8-dihydro-6-hydroxymet... [ score 149 E 3e-35 ] [ range 17 .. 171 ]
sequence
---VAIGMGSNLGESLDTLKNAIQTLDEIAGIKLITYSSWYRTKPIGPP-QPDYINGCALLKVELTPHKL
LEVLLDVEQKFKRVRL-EHWGPRTLDLDLILYDDLILDTPNLQIPHPRMKERAFVLVPLAEIAPNWIDPV
SGKAIALLEEVECSGISKL--*
>P1;gi|43151404|gb|EAC41382.1| unknown [environmental sequence] [ score 148 E 3e-35 ] [ range 26 .. 182 ]
sequence
--IVFLGIGSNLGIRKKNIEKAKFLLVEH-NLDVLSVSSYYETPSWPDPQKPKFLNIILKLKCNYSPQEL
LKICKTVETQLGRKKA-KKNAPRICDLDIIDFNKLVKKNAKINLPHKRMHKRSFVLFPLFEIQKNWIHPD
KQIVKTLISLLPDRDIRSI--*
>P1;gi|43008302|gb|EAB70938.1| unknown [environmental sequence] [ score 148 E 3e-35 ] [ range 2 .. 155 ]
sequence
---VYIGLGSNIGNRINNIDKAKYLL-TLNGVNIIRSSGYYETLSWPDPTKPKFINTVVQTNTRLSPNKF
LLIFKSIEKKLGRKND-LKNSPRTCDIDLISYDQKIL-SGTINIPHKNMHKRNFVLIPLYELDKNWSHPK
SKSIEKLIFSLSIKDITSI--*
>P1;gi|44388959|gb|EAI92608.1| unknown [environmental sequence] [ score 148 E 4e-35 ] [ range 16 .. 176 ]
sequence
-NYVYLALGSNLGNKISNLIKTQELIIE-SNIQILKSSSFYKTESWPNKKFPFYVNSVILVKTSFNPVKL
FNIIKSIEIKIGRKKA-RKNHPRVCDIDIIDFNGKVKNNQNLSIPHKSMHLRNFVLFPLFEISKNWSHPI
LKNIKDLIFSLPTDELRTI--*
>P1;gi|43640849|gb|EAE75146.1| unknown [environmental sequence] [ score 148 E 4e-35 ] [ range 25 .. 185 ]
sequence
-NIVYLSIGSNLGNRKTNIEKAKFLI-ENSSMKILKTSSFFETLSWPNKKFPKYINIVLKIVTNLKPIEL
LKNIKKIEKKLGRLST-KKNYPRTCDIDILDYSRKVINFDSLKIPHPRLKNRNFVLIPLFEIDKNWSIPQ
KKKIKYLLQKLGTASLRSI--*
>P1;gi|43577483|gb|EAE43524.1| unknown [environmental sequence] [ score 148 E 4e-35 ] [ range 26 .. 182 ]
sequence
--IVFLGIGSNLGLRKTNIEKAKFLLAEY-NLDFLSVSSYYETPSWPDAKKPKFLNIILKLRCHYNPQEL
LKICKSIETQLGRKKA-KKNAPRICDLDIIDFNRLVSKKKAVVLPHKMMHKRNFVLFPLFEIQKNWIHPD
KQIVKTLISLLPDRDIRSI--*
>P1;gi|43158582|gb|EAC44908.1| unknown [environmental sequence] [ score 148 E 4e-35 ] [ range 32 .. 192 ]
sequence
-NIAFLAIGSNLGSKKRNIEKAKFLLEK-NSIKIIKSSNIYETYSWPNRSDPKFYNIVIKIVTKLKPIKL
FFIIKDIEKKLGRKKT-LVNKPRTCDIDIIDYKGQIYNNNKVIIPHPRLHSRNFVLFPLFEIEKNWKHPS
KKKIQDLIGKLNNSSLYSI--*
>P1;gi|44210031|gb|EAH71740.1| unknown [environmental sequence] [ score 148 E 4e-35 ] [ range 2 .. 168 ]
sequence
--KATISLGSNLGDSLHILNEAASLINSITSTKILKTSSIFRSAPLLPDNAPSFLNCAALIETGLNPIEL
LSFLQEIERKMGRQRG-KRWSPRTVDIDIISFGGLKIKQPNLTIPHPEALKRNFVLSPLCEICPDLTI-N
GKTILEHKRALPSQQIVNVTP*
>P1;gi|43718279|gb|EAF14163.1| unknown [environmental sequence] [ score 148 E 5e-35 ] [ range 2 .. 155 ]
sequence
---IYLAVGSNLGNRKKNIEKAKYRMIQ-NEINIVQSSNYYESLSWPDIKNPKFLNIVLKIKTHLTPLNL
IRKCKEIEKSLGRKKA-PKNSPRVCDIDIIDYNKKLIKNG-LIIPHPRLHKRNFVLLPLFELDKNWQHPV
LKKIKKLILSLSNEDIRSI--*
>P1;gi|44336903|gb|EAI55408.1| unknown [environmental sequence] [ score 147 E 5e-35 ] [ range 11 .. 166 ]
sequence
-ARCLIGCGANVGARREQLDQAIDMLRFMPGIQLMHVSQFLETRVGGPPGQPPYLNAACLIETTFEPIEV
LDMLLAVENTLQRSRE-TRWGPRTIDLDLLIYDDCVLKTERLQVPHPRMTTRRFVLEPAAEIAADLEHPV
SRSIHELLENISQRHL-----*
>P1;gi|44368262|gb|EAI77748.1| unknown [environmental sequence] [ score 147 E 5e-35 ] [ range 1 .. 160 ]
sequence
MNQVYLGLGANIGDRESNLFTAIAALDVRDDIVVNRTASIYETDPLYNTDQPKFLNSVVEIDTSLQPESM
LQVCQGIEMMLGRPSN-RKNEPRLIDIDILAYETVSVELGELIIPHPELFSRKFVLVPWAEIAPKFVVQD
GKTVSDLLSLCPDISNVK---*
>P1;gi|15233801|ref|NP_194729.1| dihydropterin pyrophosphokinase, pu... [ score 147 E 5e-35 ] [ range 87 .. 251 ]
sequence
-HEVVIALGSNIGNRMNNFREALRLM-KRGGICVTRHSCLYETAPVHVTDQPRFLNAAVRGVTKLGPHEL
LSVLKTIERDMGRKDG-IRYGPRPLDLDILFYGKMRISSDKLIIPHERLWERSFVLAPLVDLLAHWIHPG
G--IFQAWERLGGESLI----*
>P1;gi|44542967|gb|EAJ98673.1| unknown [environmental sequence] [ score 147 E 6e-35 ] [ range 1 .. 148 ]
sequence
MNTVFIALGSNLHNPIYHLEKGIRQINHLPETNIVKRSSLYKSKPLGPKNQPNYINAVIKIKTKYEPIEL
LDELQKIENNHHRKRI-KKWGPRTLDLDILLFNEIEINHDRLIIPHPEMINRDFVLIPLFELNYNFNIPK
YGKLIRYI-------------*
>P1;gi|43299390|gb|EAD15470.1| unknown [environmental sequence] [ score 147 E 7e-35 ] [ range 24 .. 180 ]
sequence
--IVFLGIGSNLGLRKKNIEKAKFLLSDH-NLDFLSISSYYETPSWPDPKKPKFLNIILKIKCYYSPKEL
LKICKTIEIQLGRKKA-KKNAPRTCDLDIIDFNKSVKKNSKINLPHKMMHKRNFVLFPLFEIQKNWIHPD
KQIVKTLISLLPDRDIRSI--*
>P1;gi|44402287|gb|EAJ01927.1| unknown [environmental sequence] [ score 147 E 9e-35 ] [ range 25 .. 185 ]
sequence
-NYVYLAFGSNLGDRKKNLNKALKLLDK-ENIIIKKKSKLYTSKSWPNEKFPEFINFVIFIETSLNLKKL
FLKIKNIESKVGRVKS-KRNFPRVCDIDIIDFNGRIIKNNEINIPHERMHSRNFVLLPLFEINKDWFHPK
LKNIVFLLSNLTSEQLLGI--*
>P1;gi|43930340|gb|EAG20180.1| unknown [environmental sequence] [ score 147 E 1e-34 ] [ range 25 .. 185 ]
sequence
-NYVYLALGSNLGNKINNLIKTQQLILE-SNIQIVKSSNFYKTESWPNKNFPFYVNSVILVKTPLNPIKL
LNTIKSIEVMIGRKKA-RKNHPRVCDIDIIDFNGKVYNNKKLSIPHKSMHLRNFVLFPLFEISKNWSHPI
SKNIKDLIFSLPTKELRTI--*
>P1;gi|43229318|gb|EAC80223.1| unknown [environmental sequence] [ score 147 E 1e-34 ] [ range 26 .. 182 ]
sequence
--IVFLGIGSNLGIRKRNIEKAKFLLSEH-NLDFLSVSSYYETPSWPDPRKPKFLNIILKLKCFYSPPEL
LKICKFIENQLGRKKA-KKNAPRTCDLDIIDFNNLVKKNSKINLPHKMMHKRNFVLFPLFEIQKNWSHPD
KQIVKTLISLLPDRDIRSI--*
>P1;gi|26991382|ref|NP_746807.1| 2-amino-4-hydroxy-6-hydroxymethyldi... [ score 146 E 1e-34 ] [ range 1 .. 159 ]
sequence
MTRAYVGLGSNLDAPAEQLRSALQALDQVEATRLVAASALYTSDSLL-PGQPRYTNAVAALDTALAPLAL
LDALQAIENDQGRVRK-ERWGPRTLDLDILLFGDQVLDQPRLKVPHYHMHARPFVLYPLAELVPDFRLAD
GRALAQLLDECPFVGLERL--*
>P1;gi|21242529|ref|NP_642111.1| 2-amino-4-hydroxy-6-hydroxymethyldi... [ score 146 E 2e-34 ] [ range 1 .. 160 ]
sequence
MQTAFVGLGANLGPAEASVRAAIAALGAVPQTTLIAASRLYRTPAWGREDQPDFINAVAQLRTELAPLPL
LEALLGIEQAFGRERG-ERWGPRTLDLDLLLYADQVIDLPQLQVPHPHLHARAFALLPLSELAPEAIIPG
HGTVRRALHAIDTCGLEPI--*
>P1;gi|44609283|gb|EAK45306.1| unknown [environmental sequence] [ score 146 E 2e-34 ] [ range 26 .. 185 ]
sequence
--IVFLGIGSNLGNKKYNLERTKYFLEQEP-IKILKISNIYETYSWPNRNHPKFYNMVIKVLTDLSPTKL
FIKIKEIEKYLGRKAN-KINTPRVCDIDILDYDNLKLNNNSIIIPHPRIDNRNFVLFPLYEIEKNWVHPQ
NKKIQHLIQNLDDFSLYTI--*
>P1;gi|37362687|ref|NP_014143.2| Multifunctional enzyme of the folic... [ score 146 E 2e-34 ] [ range 299 .. 458 ]
sequence
--RAFLAFGSNIGDRFKHIQMALQLLSREKTVKLRNISSIFESEPMYFKDQTPFMNGCVEVETLLTPSEL
LKLCKKIEEELQRVKH-FDNGPRTIDLDIVMFEDIIVNEPDLNIPHPRMLERTFVLEPLCEISPVHLHPV
TEPIVDHLKQLYDKQ------*
>P1;gi|44385305|gb|EAI89954.1| unknown [environmental sequence] [ score 145 E 3e-34 ] [ range 33 .. 189 ]
sequence
--TVYLAVGSNLGVRKENIEKAKFFLKQ-NNINFLSVSNYYETPSWPNPKYPKYLNILLKVKCNHSPLKL
LNICKEIEVNLGRKKS-KKNSPRICDIDIIDYNGMKLNIKKLNLPHARMHKRNFVLIPLFEIEKKWKHPS
KKLIKTLISSLPMDDITSI--*
>P1;gi|44629792|gb|EAK60189.1| unknown [environmental sequence] [ score 145 E 3e-34 ] [ range 2 .. 161 ]
sequence
---IIIGLGSNLNNPQKNCQLALEKMREV-NIFPIKVSSFFESAPLPVSTQPWFVNLAVSVKTDLDPHKL
LNVLLSIESEMGRKRG-GKNAPRVIDLDILVFNNMIIKTENLVLPHPRIVDRAFVLYPIQELNPSWEHPV
GKNIEHLISNLGNGQLIRV--*
>P1;gi|44527255|gb|EAJ87857.1| unknown [environmental sequence] [ score 145 E 3e-34 ] [ range 27 .. 185 ]
sequence
---IYLSIGTNLGDKKLNINKAKIHLEEI-GIKILSSSCIYESESWPNPKFPNFFNIVVKASTYFKPQKL
LKEIKRVEVLIGRKSS-LKNYPRVCDIDIIDYDNKHIKHKNLIIPHQRMHLRNFVLLPLYEICKDWKHPK
KKKIFELLQDLKIKNIRSI--*
>P1;gi|44656739|gb|EAK77689.1| unknown [environmental sequence] [ score 144 E 6e-34 ] [ range 23 .. 176 ]
sequence
---IYLGIGSNLGNRIKNIEHAKFKLLQ-NDIKILQSSNYYESLSWPNPKNPKFINIIIEIYTNHSPINL
LKKCKQIEFELGRKKT-LKNSPRKCDIDIIDYKNEQF-NQKITLPHPRMHVRNFVLLPLFELNKYWEHPV
LNNIKKLISLLNDKDIRSI--*
>P1;gi|44094268|gb|EAH09531.1| unknown [environmental sequence] [ score 144 E 6e-34 ] [ range 7 .. 167 ]
sequence
-NFAYLALGSNLGDKKNNLNKSIDLIQE-EGMFIKKRSKFYITKSWPNENFPNFINSIILVKTKLNIAEL
FLKIKKIENKLGRTKS-KRNHPRICDIDIIDFNSEIIHNHKLNTPHKRMHNRNFVLFPLFELDKDWVHPK
LKNIVILMSNLTSDQLLGI--*
>P1;gi|44478665|gb|EAJ55514.1| unknown [environmental sequence] [ score 144 E 7e-34 ] [ range 9 .. 167 ]
sequence
---IILAIGSNLGNKQHNILKAKYLINTDKKIKIISSSSFYKTESWPNKNDPYFLNIVLKCTTILNPEEL
FVFIKKIEKSLGRSKS-YKNAPRTCDIDIIDYSQKNMTNIDLKIPHPRMHNRSFVLFPLFEIDKNWKHPK
NKKITQLLNNLPSTSLRSIN-*
>P1;gi|42936312|gb|EAB35173.1| unknown [environmental sequence] [ score 144 E 7e-34 ] [ range 27 .. 180 ]
sequence
---VYLGIGSNIGNRINNISNACYLLRNF--CSIIKISSIYETSSWPNNKFPKYLNIILKCNTSLDHFTL
LHNIKIIEKKLGRKIK-KRNFPRTCDIDIIDFKSINFKNKCIEIPHPRLCDRNFVLIPLFEIEKTWNHPK
TKSIDKLLENLDLISLRGI--*
>P1;gi|44642307|gb|EAK69047.1| unknown [environmental sequence] [ score 143 E 1e-33 ] [ range 27 .. 185 ]
sequence
---IYLSIGTNLGDKKFNINKAKLYLEQI-GIKILSSSQIYETKSWPNSNFPNFFNIVLKASTHFKPLKL
LKEVKRIEVLIGRKSS-LKNYPRVCDIDIIDYDKKYIEIKNLTIPHQRMHLRNFVLIPLYEICKDWKHPK
KKKIFELLHDLKIKNIRSI--*
>P1;gi|44150021|gb|EAH39988.1| unknown [environmental sequence] [ score 143 E 1e-33 ] [ range 1 .. 156 ]
sequence
-----MAIGSNLGNKIINIEKAKYKLQNNF-IKILKSSSNYESLSWPDTTKPKYINTVIKIKTTLSPIKL
LQLCNKIEHELGRKRF-GKNEPRVCDIDIIDYDQKIISPENLIIPHPRMKKRNFVLLPLHEISKNWKHPV
NKKIAKLISFLTYDDLRTI--*
>P1;gi|44060514|gb|EAG91037.1| unknown [environmental sequence] [ score 143 E 1e-33 ] [ range 8 .. 168 ]
sequence
-NYAYLALGSNLGNKLQNLELTKILLKEL-NINIIKNSNYYETESWPNKSFPSYCNSVVLIKTKHDLINL
FKKTKLIEKKLGRTKT-KKNHPRICDIDIIDFNGKRYDKINIQVPHVRMHKRNFVLFPMFDINKHWIHPK
KKNIVNLLFKLPHKDLRGI--*
>P1;gi|45199166|ref|NP_986195.1| AFR647Cp [Eremothecium gossypii] >g... [ score 142 E 2e-33 ] [ range 304 .. 464 ]
sequence
-NRVFLAFGSNIGDRFAHIERSLRLLAEDPKVKLLRSSSLFESEPMYFKEQSPFMNGVVEVQTRYSPHEL
LELCRRIEEHLKRVKE-FDNRPRSIDLDILLYQNVVLNSEDLVIPHPRMLERSFVIEPILEL--EAFHEV
QESVQSHLKELYRKG------*
>P1;gi|33591479|ref|NP_879123.1| 2-amino-4-hydroxy-6-hydroxymethyldi... [ score 142 E 3e-33 ] [ range 8 .. 162 ]
sequence
-TLAYVGLGASLGDAAATLRSVLAELAAAPGILACKASRLYRTAPVEAQG-PDFVNAVAALDTTLAPLDL
LDLLQALEQRHGRERP-YRNAPRTLDLDLLLYGEQAIDHPRLSVPHPRMHERAFVLAPLCELVPALRLAQ
GDC-AALLAALEDQAIEPL--*
>P1;gi|7427953|pir||T06595 2-amino-4-hydroxy-6-hydroxymethyldihydrop... [ score 142 E 3e-33 ] [ range 46 .. 208 ]
sequence
---VVIALGSNVGDRLHNFKEALKLMRK-SGIHITRHASLYETAPAYVTDQPRFLNSAVRADTKLGPHEL
LAALKRIEKDMGRTDG-IRYGPRPIDLDILFYGKFKVRSDILTVPHERIWERPFVMAPLMDLLGTAIDSD
TGGLNALWEKLGGESLI----*
>P1;gi|42956972|gb|EAB45472.1| unknown [environmental sequence] [ score 141 E 4e-33 ] [ range 1 .. 157 ]
sequence
MNQALVGLGSNVETPLTQLADAYRRLDADPNITVETASSVYLSAPHGPHDQPDFYNAAISLHTTMPPQEL
LTTLLSTETKMGRKRL-RHWGERCIDLDLLTYNKLEITSQDLVLPHPRAHQRRFVLDPLIELLGDYCLPG
TGTLQSLQAQCAGQAIR----*
>P1;gi|44251855|gb|EAH97390.1| unknown [environmental sequence] [ score 141 E 5e-33 ] [ range 7 .. 162 ]
sequence
-NSIYLGIGSNLGNKRLNIERTKFNLI-MNNIKILKCSSYYESLSWPNTNNPKFLNIVLEIDTNFTPLEL
IKKCKEIEKKLGRKKL-PKNSPRECDIDIIDFRYKKTDGD-LILPHPRMDTRNFVLLPLFEINKDWKHPI
LKNIRKLISTLSNSDIRSI--*
>P1;gi|42877263|gb|EAB05851.1| unknown [environmental sequence] [ score 141 E 6e-33 ] [ range 25 .. 168 ]
sequence
-NIVYLGLGSNLGNKILNLNKAMHLIID-NNTKIIKVSSFYETVSWPNKFFPKYVNIVIKLKTDLNPLSL
FKKIKKIEKYLGRKNR-PKNYPRECDIDILDFNQKKINNDKISIPHQRMQNRSFVLLPMFEITKNWIHPI
SGK------------------*
>P1;gi|44494730|gb|EAJ65954.1| unknown [environmental sequence] [ score 140 E 1e-32 ] [ range 2 .. 167 ]
sequence
---IFIGIGSNLGNRFTNIDLAISLLQK-KGVKLLKKSSFYETFSQPNKNDPKFVNVVISADSNLSPIDL
MMFLISIEEKLGRKRK-KKNEPRICDMDIIDFKNFKIDNFELILPHERLINRNFVLHPLKEICSNWTHPK
TKKIDILINNLENNQITKLS-*
>P1;gi|44528317|gb|EAJ88566.1| unknown [environmental sequence] [ score 140 E 1e-32 ] [ range 35 .. 189 ]
sequence
----YLAIGSNLGDRLSNIELAKKML-VLNNIYIKDISSYYETPSWPNRKFPKYFNTVLKVKTDMSLVNL
FEIVKNIEKKVGRKKA-LKNYPRTCDIDIIDFNGINLKTEFIETPHPKMHTRNFVIFPLYELNKNWIHPI
KKKINHIINQFKGVDL-----*
>P1;gi|44304388|gb|EAI32895.1| unknown [environmental sequence] [ score 139 E 2e-32 ] [ range 4 .. 160 ]
sequence
-NKVYLSIGSNIGDKESNIASSIAILGSYIEISKIKSSSFYKTEPLYNENQPSFLNIVIELETTFTAFQL
LDKIREIEKMLGREER-QKNHPRTIDIDIIIFKDSFINTPELQIPHPGALLRKFVLIPLAELASDEIFPK
TNKIVDLLEKCPDTSVV----*
>P1;gi|45524156|ref|ZP_00175459.1| hypothetical protein Cwat465501 [... [ score 139 E 2e-32 ] [ range 4 .. 159 ]
sequence
--KCAIALGSNLGDSLNILETTITLLSQHPYLELIGHSPWYKTTPIGPL-QPNYLNGCAILETSLTPEDL
LQTLLSIEQKFGRIRR-EKWGPRTLDLDLLLYGDLILDTPNLTIPHPLMLDRAFVLVPLADIAATWVHPM
TKKIQEHLKGLNCEGVQPL--*
>P1;gi|25029094|ref|NP_739148.1| putative 2-amino-4-hydroxy-6-hydrox... [ score 139 E 3e-32 ] [ range 2 .. 156 ]
sequence
--RAVLSIGSNMDDRYALLQGVIDEFRDN----LVAVSSIYATPPWGVEDQDEFLNAVLVVDVDGIPIEL
LRRCQKLENDADRVRT-RKWGPRTLDVDIVQIRNLLSDDPVLTLPHPWAWQRAFVLIPWLEVEPNAVLHG
T-AVAALVENLDPTDIEGV--*
>P1;gi|15805207|ref|NP_293894.1| 2-amino-4-hydroxy-6-hydroxymethyldi... [ score 139 E 3e-32 ] [ range 1 .. 156 ]
sequence
MTRAFIALGANLGDPQATLRRALTELGALGEVR--GVSALYRTAPVGPPGQPDYLNAVAELETALSAPAL
LAALHALEADAGRTRD-VRWEARVLDLDLIVYGEDVSDDPALTLPHPRAWERGFVLAPLSDLAPSLAHPR
TGEVAQALRRVDLAGVE----*
>P1;gi|43923347|gb|EAG16514.1| unknown [environmental sequence] [ score 138 E 4e-32 ] [ range 25 .. 185 ]
sequence
-NLVYLALGSNLGDKKNNLNNSIDLIQK-EGIFIKKRSKFYITKSWPNENFPSFINSIILVKTKLNIVEL
FLKIKKIEKKLGRTKS-KRNYPRVCDIDIIDYNGEIIHKHKLNTPHKRMHNRNFVLFPLYELDKDWVHPK
LKNIVILMSNLTSDQLLGI--*
>P1;gi|43255879|gb|EAC93654.1| unknown [environmental sequence] [ score 137 E 6e-32 ] [ range 1 .. 154 ]
sequence
-----MGIGSNLGLRRQNIEKAKFHLKE-NNIKFISVSKYYETPSWPNPNYPKYLNIILKIISHDDPLSL
LNICKKIEINLGRKKS-KKNSPRICDIDIIDFNGMKFNIKKLYLPHKRMHKRNFVLIPLFEIEKEWKHPS
KKLIKTLISMLPEDDITSI--*
>P1;gi|39939066|ref|NP_950832.1| 7,8-dihydro-6-hydroxymethylpterin- ... [ score 137 E 6e-32 ] [ range 6 .. 161 ]
sequence
-NVAAIGLGSNLGAKKNNLQTALKMINLHPQCEVLKVSPLYATLPWGKTDQPLFLNAAALIKTFLPPLLF
LDFLLSVEMKLKRKRL-ELWGPRTIDLDIFFLGNHTCKTPKLTIPHPYMLERIFVLAPLADILPNQIIQ-
TKTILEWKNQLDQNAVKII--*
>P1;gi|41406550|ref|NP_959386.1| FolK [Mycobacterium avium subsp. pa... [ score 137 E 7e-32 ] [ range 1 .. 163 ]
sequence
MTRVVLSIGSNLGDRLARLQSVVDGL----GGAVRAISPVYETQPWGRVDQAPFLNAVLIADDPACDGQW
LRRAQEFERAAGRVRG-ERWGPRTLDVDIACYGDVISRENNLTLPHPLAHLRAFVLIPWLAVDPDAQLTV
PQPVARLLAQLDQADRDGVRP*
>P1;gi|44377860|gb|EAI84532.1| unknown [environmental sequence] [ score 137 E 8e-32 ] [ range 1 .. 157 ]
sequence
-----MALGSNLGNKKTNLNKCIDLIKK-EEIFIKKRSKFYSTKSWPNENFPNFINAIILVETKFSLTEL
FLKIKKIEKKLGRTRS-KRNHPRVCDIDIIDYNGEIIHKHKLNIPHKRMHNRNFVLFPLYEIDKDWVHPK
LKNIVILMSNLASDQLLGV--*
>P1;gi|44294742|gb|EAI26410.1| unknown [environmental sequence] [ score 137 E 8e-32 ] [ range 33 .. 189 ]
sequence
--IVYLGIGSNLGIRKENIEKAKFQLKE-NNIKFISVSKYYETVSWPNPQYPKYLNIILKIVCLHDPLTL
LSICKKIEIDLGRKKT-KKNSPRICDIDIIDYHGMNLNIKKLKLPHERMHKRNFVLIPLFEIEKNWKHPS
KKLIRTLISLLPMDDITSI--*
>P1;gi|43890006|gb|EAF98964.1| unknown [environmental sequence] [ score 137 E 8e-32 ] [ range 2 .. 167 ]
sequence
---IFLGIGSNLGNRFKNINLAISLIEK-NNIKLIKKSSFYESTSFPNPKYPKFINIVIEVNTSLKPIDL
MKILLKIEHDLERERK-NKNDPRTCDIDIIDYKNESMNELQLKIPHVSMKERDFVLLPLKEICPYWSHPL
TKSIDHLINNLKNNNITKLS-*
>P1;gi|43538789|gb|EAE24098.1| unknown [environmental sequence] [ score 137 E 8e-32 ] [ range 8 .. 168 ]
sequence
-NFAYLALGSNLGDKKNNLNKSIDLIQE-EGIFIKKRSKFYITKSWPNENFPNFINSIILVKTKLNIAEL
FLKIKKIEKKLGRTKS-KRNHPRICDIDIIDFNGEIIHNYKLNTPHKRMHYRNFVLFPLFELNKDWVHPK
LKNIVILMSNLTSDQLLGI--*
>P1;gi|23028535|ref|ZP_00066928.1| COG0801: 7,8-dihydro-6-hydroxymet... [ score 137 E 1e-31 ] [ range 14 .. 168 ]
sequence
-ANVYLSIGSNI-DRKMHIGRGIEALRNAFG--NIECSKVYESEAVGFSG-EDFYNLVVAINTSLCVGDL
SKTLRDIENANGRDRS-PKFSARTLDIDILTYDNLTGDIDGVQLPRAEILHNAFVLRPLAELAPHVLHPV
LGASYKQLWAAYNQQKQKLW-*
>P1;gi|43802598|gb|EAF55870.1| unknown [environmental sequence] [ score 137 E 1e-31 ] [ range 1 .. 153 ]
sequence
MSFVFIGLGANLRNPREGCEAALVALRE-EGVFLEQISNWYETAPVPISDQPWYLNAVALATTSGDAAMT
LAALHRIELRFGRVRG-IRNEARVLDLDLLDFDSQRNQSPSLMLPHPRMHQRAFVLLPLRELSPKWRHPV
SGSIDDLIS------------*
>P1;gi|42956511|gb|EAB45241.1| unknown [environmental sequence] [ score 136 E 1e-31 ] [ range 1 .. 157 ]
sequence
-----MALGSNLGNKRKNLELAKYKLN-ISGINILKTSRFYLTKSWPNKKFPDYYNLILLVKTKLKLVDL
FKKIKFIEKYIGRKDS-PKNHPRVCDIDIIDFNKECLCNNKINVPHISLHKRNFVLIPLYEINKRWIHPK
SKKIVRLISSLSTNDLRSI--*
>P1;gi|43845000|gb|EAF76803.1| unknown [environmental sequence] [ score 136 E 2e-31 ] [ range 1 .. 157 ]
sequence
-----MALGSNLGDKKNNLNNSIDLIQK-EGILIKKKSKFYSTKSWPNENFPNFINAIILIETKLNINEL
FLKIKKIEKKLGRTKS-KRNHPRLCDIDIIDFNGEIINNHKLNIPHKRMRNRNFVLFPLYELDKDWVHPK
YKNIVFLMSNLTSEQLLGI--*
>P1;gi|43188597|gb|EAC59815.1| unknown [environmental sequence] [ score 136 E 2e-31 ] [ range 1 .. 157 ]
sequence
-----MALGSNLGDKKNNLNNSIDLIQK-EGIFLKKRSKFYCTKSWPNENFPNFINAIILIETKLNITEL
FLKIKKIEKKLGRTKS-IRNHPRVCDIDIIDYNGEIIHNHELNIPHKRMHNRNFVLFPLYELDKDWVHPI
NKNIVFLMSNLTLDQLLGI--*
>P1;gi|44332311|gb|EAI52226.1| unknown [environmental sequence] [ score 135 E 4e-31 ] [ range 1 .. 149 ]
sequence
-------MGTNVGNYRNNFSRAVFELSKIGNIS--KIANIYKSKPYGYLKQNYFYNTMVYLKSEIHPNEL
IKKIHLIERKLHKNKR-IINGPRKIDLDIIFWDQKIFKNNNVVIPHPRAQERDFVLFPLYDITPLFKHPV
SKSVKELIQNLKDHYVVE---*
>P1;gi|43599251|gb|EAE54481.1| unknown [environmental sequence] [ score 135 E 4e-31 ] [ range 1 .. 154 ]
sequence
MRKIYLSIGSNKGSRYSFIKEALRLIQKNIGEVIL-ISKIYETKSWGFQS-DDFLNLCILIKSELIPTKL
MSKLKKIEERIGRKRN-NDKEAREIDIDILFYSDRIVNQKDLIIPHQRLHLRNFVLYPLNDIAADFIHPI
LKSVNELLKECEDDE------*
>P1;gi|44375893|gb|EAI83086.1| unknown [environmental sequence] [ score 135 E 4e-31 ] [ range 7 .. 153 ]
sequence
-NKIILSLGSNIGDKKSNLETAINQINQFSTIK--KISSIYESDPILLKDQDNFFNLVLEIDYKKTVIEL
LETTKDVERRMGRKKT-VKYGPRIIDIDIVFFNNQIVNSKDLVIPHYDWSNRVFVVKPLCELFKEFNMQD
YKLDIQKINKV----------*
>P1;gi|22968543|ref|ZP_00016130.1| COG0801: 7,8-dihydro-6-hydroxymet... [ score 134 E 4e-31 ] [ range 16 .. 163 ]
sequence
---IYIALGANLGSPRDTLDAALVALED-AGVVVAARSAWYRTSPVPPSDQPDYVNGVARLVTDLDPVAL
LGLLHRLEDQFGRRRG-EINAARTLDLDLLDYDELRRTGAPPLLPHPRMAERGFVLFPLREIAPDWRHPV
LQPIDTLI-------------*
>P1;gi|21241457|ref|NP_641039.1| 2-amino-4-hydroxy-6-hydroxymethyldi... [ score 134 E 7e-31 ] [ range 1 .. 151 ]
sequence
MTTVLLSLGSNV-QPTHYLRLAVAALRARFGQVV--VSPAYRTPAVGF-DGPDFVNNAAVLQTDLDLDAL
DHWLHALEDAHGRDRS-PRFSDRTLDLDVVFFGDRIVEGPHLRIPRPEL-KHAFVLKPLADIAPDFIDPL
SGQTLATLWQAHPQY------*
>P1;gi|37522216|ref|NP_925593.1| 2-amino-4-hydroxy-6- hydroxymethyld... [ score 134 E 7e-31 ] [ range 27 .. 173 ]
sequence
MARAAIALGANLGERLETLTRAVRSLHRPGGLAVTAISSWYETEPVGPV-QPLYINGCLTLQTELAPVSL
LGELQQREAAAGRTRE-VHWGARTLDLDLLWYDDWVQADTVLTLPHPRLEERPFVLVPLAQIAPDWRHPL
TKRVADL--------------*
>P1;gi|43520103|gb|EAE14737.1| unknown [environmental sequence] [ score 134 E 8e-31 ] [ range 2 .. 167 ]
sequence
---IYIGIGSNLGNKLKNIELALALLKE-KGIKLLKKSSFYETFSQPNKHDPKFLNIVISIDTKMSPVQL
MLNLISIEEKLGRKRT-KKNEPRICDIDILDFKNFKDNNLKLILPHLRIENRNFVLHPLKEISSNWSHPK
TKKIDVLINELSNNEITKLS-*
>P1;gi|43187680|gb|EAC59378.1| unknown [environmental sequence] [ score 134 E 9e-31 ] [ range 2 .. 160 ]
sequence
----IIAIGANIKNPIETCESAMHELTK-FSIKILKISSWYLSEPIPKSNHPNYYNSVIQCSTFLDEKKV
LNVLKIIEKKLGRTRK-KKNYSRCIDLDIIDFNKRVKKSLMLTIPHPRMHERKFVLLPIHEINPFWTHPL
LKKVKHLIKKNYFQAILKI--*
>P1;gi|43185321|gb|EAC58215.1| unknown [environmental sequence] [ score 133 E 1e-30 ] [ range 1 .. 183 ]
sequence
MNNYVVVLGSNLGNSAETLKKCVDEIRSNPDIVSLSESNWYLSSSFLDKREPKYVNVGIRFITKLNPIRL
LHFTSALENKYGRKRQ-ERWGPRTCDIDILLCDQLILPSKMLILPHPRLQERTFFLKPLIDLQPDWIHPF
LKKAKEMLDSLPSHELENI--*
>P1;gi|21232862|ref|NP_638779.1| 2-amino-4-hydroxy-6- hydroxymethyld... [ score 133 E 1e-30 ] [ range 1 .. 151 ]
sequence
MTTVLLSLGSNV-QPTHYLRLAVEALRARFGP--IDVSPAYRTAAVGF-DGPDFVNNGVQLQTDWELQAL
DDWLHALEDRHGRDRS-PRFSDRTLDVDVVFFGDRIVEGPHLRVPRPEL-KHAFVLKPLADIAPAFVDPL
SGKTLAALWQAHPQY------*
>P1;gi|44262407|gb|EAI04614.1| unknown [environmental sequence] [ score 132 E 2e-30 ] [ range 2 .. 166 ]
sequence
---IFIGIGSNLGNRFKNIELAMSFL-KNKGIKIIKKSSFYETFSQPNKSDPKFINIAISVETEMQPVDL
MRTLITIEEKLGRKRE-KKNDPRTCDLDIIDYNGLVINNFVLDLPHKRLTSRNFVLYPLKEICSDWIHPQ
TKKISILINNIDNNQITKL--*
>P1;gi|44290944|gb|EAI23895.1| unknown [environmental sequence] [ score 132 E 2e-30 ] [ range 1 .. 156 ]
sequence
MTCIYISLGSNIE-RERHIRAGLDALQAEFGE--LQVSRVFESEAVGFNGRP-FYNLVVGADTELPLATL
CQRLRAMEFAHGREPD-KKFAPRTLDLDLLLYGELVCETP-LVLPRGEILSNAFVLWPLAELAPTLRHPL
DGRTLGELWERYDKASQRLCP*
>P1;gi|19553886|ref|NP_601888.1| 7,8-dihydro-6-hydroxymethylpterin-p... [ score 132 E 2e-30 ] [ range 1 .. 156 ]
sequence
MH-AVLSIGSNMDDRYALLNTVIEE----FKDEIVAQSAIYSTPPWGIEDQDEFLNAVLVVEVEETPIEL
LRRGQKLEEAAERVRV-RKWGPRTLDVDIIIKDGEEIEDPELTLPHPWAWQRAFVLIPWLEAEPDAVLHG
T-TIAEHVDNLDPTDIEGV--*
>P1;gi|37526689|ref|NP_930033.1| hypothetical protein [Photorhabdus ... [ score 131 E 4e-30 ] [ range 7 .. 156 ]
sequence
--IAAVAIGSNLSQPYYNLLTAENHLLALKESTNFRFSPIYKTAPIDSTGAPDYLNAVVVFETSLTPVVL
LTELLSIETLNGRKRS-FVNAPRTLDLDLLLYGDKVISTENLIVPHPRFHKRFFVLTPLNDLLPETQHPL
LKSINELEQRLQ---------*
>P1;gi|43004827|gb|EAB69268.1| unknown [environmental sequence] [ score 131 E 7e-30 ] [ range 7 .. 150 ]
sequence
-NTVFLGIGSNLGNKKNNINKAKLFLQEKNNLMIEKSSNFYKTKSWPDPKKPEYLNIVLKIKTNLAPLNL
FHFIKKIEKKLGRKIS-EKNSPRECDIDILDYDHKCLKLDCIIIPHPRLHKRNFVLIPLYEISKKWTHPK
YK-------------------*
>P1;gi|42891251|gb|EAB12784.1| unknown [environmental sequence] [ score 131 E 7e-30 ] [ range 22 .. 148 ]
sequence
--IVYIGIGSNLGNKMKNIDLAKIELSK-NDIKIIKNSSYYETLSWPNPNYPKFLNVVLKISTNLSPLKL
LSLCKKIEKLIGRSKR-PKNSPRECDIDILDYDYKIYENG-VNLPHPRMHKRNFVLIPLFEV--------
---------------------*
>P1;gi|44145714|gb|EAH37591.1| unknown [environmental sequence] [ score 130 E 8e-30 ] [ range 2 .. 160 ]
sequence
---IYLSIGSNLGNRFDNILKSIQSIKKY-NVKILNISSFYESPSYPNKTFPKFLNVCLKLKSSYNEHEF
LQIIKKIEKHIGRTKS-PKNYPRVCDIDIIDYNKIVTSVNKLKLPHPRLHLRNFVLFPLKEIEPQWFHPV
RQKLDFYLSQLNIISRVEI--*
>P1;gi|44100691|gb|EAH13041.1| unknown [environmental sequence] [ score 130 E 9e-30 ] [ range 4 .. 161 ]
sequence
---IIISLGSNIGDRKDFLYKALALLEGYP-ISIMELSKVYETSSWGFESTP-FYNACAIISTSLKPKAL
LKALLNVERKLGRERN-LEKGDRTIDLDLLFYNSEIIHSEELKIPHPKLHLRSFILTPLLDIAPELYHPI
HKNLNELHKQVVNSKITKLN-*
>P1;gi|34541201|ref|NP_905680.1| 2-amino-4-hydroxy-6-hydroxymethyldi... [ score 130 E 9e-30 ] [ range 3 .. 142 ]
sequence
MAIVYLSLGSNLGDRHSLLSAALEMLQTRVG-RLLTLSRFYETEPWGFESPHPFLNAVVALRSELKPQDI
LHITQAIERELGRTQK-SNGGDRPIDIDILLHSVYKVQSPELELPHPQMWQRDFVRMPLSDVAP-WLHP-
---------------------*
>P1;gi|3970811|emb|CAA10221.1| 7,8-dihydro-6-hydroxymethylpterin -py... [ score 130 E 9e-30 ] [ range 8 .. 122 ]
sequence
------------GCPDQQLRSAIEALAELPGTTVAGVSAFYQSDSLL-PGQPRYTNAVAALDSSLAPLEL
LDALQAIENDQGRERL-ERWGPRTLDLDILLFGDHLIDEPRLKVPHYQMHLRAFVLYPL-----------
---------------------*
>P1;gi|44174606|gb|EAH52797.1| unknown [environmental sequence] [ score 130 E 1e-29 ] [ range 1 .. 182 ]
sequence
MSSCMVAFGANIGGPLETVKRAIKELNN-FNIFKINQSKIYISKSFPDKSKPEYINGCLHLECNFDPYEL
LKRLKKIEEIVGRSRA-MRWDSRVCDFDILSYENRVIPNNTLVLPHPRLQDRAFVLKPLADLAPNWTHPI
LNKPMEMLNALPKTERLSV--*
>P1;gi|15673136|ref|NP_267310.1| GTP cyclohydrolase I [Lactococcus l... [ score 130 E 1e-29 ] [ range 1 .. 149 ]
sequence
MQTTYLSMGSNIGDRQYYLHEAIRLLGKHPKIMIEKVSNFYESTPVGGVKQDDFTNLALKVATLLEPLEL
LSFIHEVELSLNRERK-IHWGPRTIDIDIIFYDDLEMQVENLVIPHKEAFNRLFVLKPIFEIDKDFKYSI
EKAIAEL--------------*
>P1;gi|43853793|gb|EAF81086.1| unknown [environmental sequence] [ score 129 E 2e-29 ] [ range 2 .. 167 ]
sequence
---IYLGIGSNLGNRLDNINQSIFLLKQR-QIKVIKKSSFYESFSFPNKNNPKFLNVVIEIETSLKPKDL
IKTLLEIEKKLERKRK-KKNDPRTCDIDIIDYKGETINNFELNIPHKSLNERDFVLYPLKEICPYWSHPL
SKSIDLLIKNLKNNGITKLS-*
>P1;gi|43756601|gb|EAF32737.1| unknown [environmental sequence] [ score 129 E 2e-29 ] [ range 2 .. 159 ]
sequence
---IYLGIGCNLKEKLKNIDIIIKNLSKLVIIK--KISNLYLTPSYPDKTKPKFINFCVRVETKMSAKKL
LINLKKIENKMGRIRK-YKNAPRTCDIDILDFKKKIMKTNKLVIPHPQMHLRNFVLYPLNEISPGWKHPV
YNKIDYFIKSLTSKSRLEI--*
>P1;gi|29348625|ref|NP_812128.1| 2-amino-4-hydroxy-6-hydroxymethyldi... [ score 129 E 2e-29 ] [ range 1 .. 154 ]
sequence
MAKVYISLGTNLGDKEQNLRTAVQKIEEQVG-KVISLSAFYITAPWGFDSEHSFLNAAACVETELSPLEV
LQKTQEIERELGRTHK-SVGGIDLLLYDDLILSVTSPSGAALNLPHPLMAERDFVMRPLTEIAPELVHPV
LGKAMKVL-------------*
>P1;gi|43943093|gb|EAG27094.1| unknown [environmental sequence] [ score 129 E 2e-29 ] [ range 2 .. 153 ]
sequence
------SLKSKFGDRYANIKKAINFISG-ENIIVKKISSYYETPSYPNKFDPKFINVVIEIDFKGSSEDL
MKKLLFIEKRLERIRQ-FKNEPRTCDIDIIDFNGNVSNKNDILLPHPKISERNFVLIPLREICPLWIHPI
LNKIDDLINNLTLKTRNEI--*
>P1;gi|42977686|gb|EAB55786.1| unknown [environmental sequence] [ score 129 E 2e-29 ] [ range 1 .. 183 ]
sequence
MNNYVVVLGSNLGNSAETLKKCVDEIRSNPSIKSLLESNWYISLSFLDKRDPRYVNVGIRFSTKLTPIKL
LNFTSVLENKYGRKRQ-ERWGSRTCDIDILLCDQQILPNNELILPHPRLQERTFFLKPLNDLQPDWIHPF
LKKAKEMLDSLPPYELDNI--*
>P1;gi|44217036|gb|EAH75694.1| unknown [environmental sequence] [ score 129 E 2e-29 ] [ range 2 .. 143 ]
sequence
-----------------NIEKAKFLLAEH-NLDVLSVSSYYETPSWPDPQKPKFLNIILKLRCYYSPQEL
LKICKSIENQLGRKKA-KKNAPRTCDLDIIDFNNLVKKNSKINLPHKMMHKRNFVLFPLFEIQKNWIHPD
KQIVKTLISLLPDRDIRSI--*
>P1;gi|43435867|gb|EAD73769.1| unknown [environmental sequence] [ score 128 E 4e-29 ] [ range 7 .. 144 ]
sequence
-NKIILSLGSNIGDKKSNLETAINQINKFSTIK--KISSIYQSDPILLKDQENFFNLVLEIEYKKSAIEL
LETTKDVERRMGRKKT-VKYGPRIIDIDIVFFNNQIINSKDLVIPHYDWSNRIFVVKPLCELFREFNMQD
YK-------------------*
>P1;gi|44630857|gb|EAK60909.1| unknown [environmental sequence] [ score 128 E 5e-29 ] [ range 2 .. 160 ]
sequence
---IHLNIGSNLGSKFDNISIAIQLLIE-AKIQIEKISNFYETPSYPNQKLPKFLNVGILVNKNLNLLRL
FKDINLIQKKIGRNKT-KKNDPRVIDIDIVDFNGLIKDSKDLVLPHPRAHLRNFVLYPILEIDPKWSHPI
FKKNAQLINNLSQKSRIEI--*
>P1;gi|40738817|gb|EAA58007.1| hypothetical protein AN6032.2 [Asperg... [ score 127 E 6e-29 ] [ range 8 .. 140 ]
sequence
-HRAFIALGSNVGERVEMIEKACLEMD-RAGIKVQRTSSLFETAPMYYLDQEPFMNGVCE----------
-----SIEVSLGRKKL-IDKGPRSIDLDILLYDQQVFTHDRLNIPHKLMLERDFVLRPLSQLIPNEVPPF
KGHKTTYLSHL----------*
>P1;gi|38234561|ref|NP_940328.1| Putative 7,8-dihydro-6-hydroxymethy... [ score 127 E 6e-29 ] [ range 2 .. 149 ]
sequence
--RAVLSIGSNMDDRYALLRTVVEEFAG----QIVAASSIYSTPPWGVEDQYEFLNAVVIVDVDSSPLEL
LRRGQRLEEAACRRRL-RHWGPRTLDVDVVIYNDMRSTDPELTLPHPYAHERAFVLVPWAEADPEAEL-L
GQKVAQRAAAL----------*
