>P1;1c9fa
structureX:1c9f:   1 :A:  87 :A:CAD domain of caspase-activated DNAse:Mus musculus: -1: -1
M----------------------------CAVLRQPKCVKLRALHSACKFGVAARSCQELLRKGCVRFQL
PMPGSRLCLYEDGTEVTDDCFP-GLPNDAELLLLTAGETWHGYVS--------D*
>P1;1d4ba
structureX:1d4b:   1 :A: 122 :A:cide-n domain of human cide-b:Homo sapiens: -1: -1
MEYLSALNPSDLLRSVSNISSEFGRRVWTSAPP-PQRPFRVCDHKRTIRKGLTAATRQELLAKALETLLL
NG-VLTLVLEEDGTAVDSEDFFQLLEDDTCLMVLQSGQSWSPTRSGVLHHHHHH*
>P1;gi|16758090|ref|NP_445814.1| DNA fragmentation factor, 40 kD, be... [ score 174 E 4e-43 ] [ range 1 .. 87 ]
sequence
M----------------------------CAVLPQPKCVKLRALHSSCKFGVAARSCQELLRKGCIRFQL
PVPGSRLCMYEDGTEVTDDCFP-SLPNDSELLLLTAGETWHGYVS--------D*
>P1;gi|3056727|gb|AAC39709.1| caspase-activated nuclease [Homo sapiens] [ score 154 E 3e-37 ] [ range 1 .. 84 ]
sequence
-------------------------------MLQKPKSVKLRALRSPRKFGVAGRSCQEVLRKGCLRFQL
PERGSRLCLYEDGTELTEDYFP-SVPDNAELVLLTLGQAWQGYVS--------D*
>P1;gi|35903034|ref|NP_919385.1| DNA fragmentation factor, beta poly... [ score 144 E 5e-34 ] [ range 6 .. 86 ]
sequence
----------------------------------KPKLVKIRSANQARKYGIAAVNLKELIKKGCQLLKV
SSSGVLVCLYEDGTVVTEEYFQ-NLPDNTDLVLLPHGQSWNGFAD--------E*
>P1;gi|45383564|ref|NP_989616.1| DNA fragmentation factor, 40kDa, be... [ score 134 E 6e-31 ] [ range 9 .. 84 ]
sequence
---------------------------------------RLRRPGSAQKFGAAAGSLRGLLRKGCRLLQL
PLAGSRLCLYEDGTELSEAFFR-TLPPQTELVLLRPGESWPGCCG--------D*
>P1;gi|16758492|ref|NP_446131.1| DNA fragmentation factor, alpha sub... [ score 54 E 1e-06 ] [ range 23 .. 94 ]
sequence
----------------------------------------LRRNHSREQHGVAASSLEELRSKACELLAI
SLTPVTLVLAEDGTIVDEDYFL-CLPSNTKFVALACNEKW--------------*
>P1;gi|6680944|ref|NP_031728.1| cell death-inducing DNA fragmentatio... [ score 52 E 2e-06 ] [ range 44 .. 108 ]
sequence
--------------------------------------------RSSRR-GVMASSLQELISKTLDVLVI
TTGLVTLVLEEDGTVVTEEFFQ-TLRDNTHFMILEKGQKW--------------*
>P1;gi|9257152|pdb|1F2R|I Chain I, Nmr Structure Of The Heterodimeri... [ score 52 E 2e-06 ] [ range 23 .. 94 ]
sequence
----------------------------------------LRRNHSRDQHGVAASSLEELRSKACELLAI
SLTPITLVLAEDGTIVDDDYFL-CLPSNTKFVALACNEKW--------------*
>P1;gi|34396082|gb|AAQ65241.1| cell death activator [Homo sapiens] [ score 52 E 4e-06 ] [ range 44 .. 108 ]
sequence
--------------------------------------------RSSRR-GVMASSLQELISKTLDALVI
ATGLVTLVLEEDGTVVTEEFFQ-TLGDNTHFMILEKGQKW--------------*
>P1;gi|31210409|ref|XP_314171.1| ENSANGP00000003838 [Anopheles gambi... [ score 51 E 9e-06 ] [ range 21 .. 81 ]
sequence
--------------------------------------------------GLVVGSFEELIVRGKDKLGV
PASEVRLVLECDGTQVEDEYFR-TLANNTVLLLLRQGERW--------------*
>P1;gi|31232655|ref|XP_318738.1| ENSANGP00000016554 [Anopheles gambi... [ score 50 E 1e-05 ] [ range 127 .. 184 ]
sequence
----------------------------------------------SRKYGVAADSLRMLRAKASEKFKI
PE--CRVYLAQDGVEVTEDYFR-TLP--AQILFVVAGK----------------*
>P1;gi|14278227|pdb|1IBX|B Chain B, Nmr Structure Of Dff40 And Dff45... [ score 49 E 2e-05 ] [ range 60 .. 139 ]
sequence
--------------------------------IRTLKPCLLRRNYSREQHGVAASCLEDLRSKACDILAI
SLTPVTLVLAEDGTIVDDDYFL-CLPSNTKFVALASNEKW--------------*
>P1;gi|6066229|gb|AAF03218.1| Drep2 [Drosophila melanogaster] [ score 49 E 3e-05 ] [ range 24 .. 84 ]
sequence
--------------------------------------------------GVVVGTFEELLVRGKDKLGV
PASEVRVVLECDGTQIEDEYFR-TLANNTVLLLLRQGERW--------------*
>P1;gi|20141193|sp|O70303|CIDB_MOUSE Cell death activator CIDE-B (Ce... [ score 49 E 3e-05 ] [ range 50 .. 108 ]
sequence
--------------------------------------------------GLTAASLQELLDK--VLETL
LLRGVLLVLEEDGTAVSEDFFQ-LLEDDTCLMVLEQGQSW--------------*
>P1;gi|2829467|sp|P56198|FS27_MOUSE Fat-specific protein FSP27 >gi|2... [ score 45 E 5e-04 ] [ range 40 .. 116 ]
sequence
---------------------------------PRARPCRVSTADRKVRKGIMAHSLEDLLNKVQDILKL
KDKPFSLVLEEDGTIVTEEYFQ-ALAKDTMFMVLLKGQKW--------------*
>P1;gi|23943904|ref|NP_071377.2| cell death activator CIDE-3 [Homo s... [ score 44 E 7e-04 ] [ range 35 .. 117 ]
sequence
---------------------------------PSPKAPRARADRSVRK-GIMAYSLEDLLLKVRDTLML
ADKPFFLVLEEDGTTVTEEYFQ-ALAGDTVFMVLQKGQKWQ-------------*
>P1;gi|6753422|ref|NP_034024.1| cell death-inducing DNA fragmentatio... [ score 199 E 1e-50 ] [ range 1 .. 117 ]
sequence
MEYLSAFNPNGLLRSVSTVSSELSRRVWNSAPP-PQRPFRVCDHKRTVRKGLTAASLQELLDKVLETLLL
RG-VLTLVLEEDGTAVDSEDFFQLLEDDTCLMVLEQGQSWSP-KSGMLSY----*
>P1;gi|34875073|ref|XP_344411.1| similar to cell death-inducing DNA ... [ score 192 E 1e-48 ] [ range 1 .. 117 ]
sequence
MEYLSALSSNGLLRSVSTMSSELSRRVWNSAPP-PQRPFRVCDHKRTVRKGLTAATRQELLDKVVETLLL
SG-VLTLVLEEDGTAVETEDFFELLEDDTCLMALEQGQSWSP-KSGMLSY----*
>P1;gi|4557465|ref|NP_001270.1| cell death-inducing DFFA-like effect... [ score 171 E 3e-42 ] [ range 7 .. 115 ]
sequence
-------YAGALIRPLTFMGSQTKRVLFTPLMH-PARPFRVSNHDRSSRRGVMASSLQELISKTLDALVI
TG-LVTLVLEEDGTVVDTEEFFQTLGDNTHFMILEKGQKWMPGSQHV-------*
>P1;gi|38158011|ref|NP_938031.1| cell death-inducing DFFA-like effec... [ score 168 E 2e-41 ] [ range 42 .. 149 ]
sequence
--------PAEPSRPLTFMGSQTKRVLFTPLMH-PARPFRVSNHDRSSRRGVMASSLQELISKTLDALVI
TG-LVTLVLEEDGTVVDTEEFFQTLGDNTHFMILEKGQKWMPGSQHV-------*
>P1;gi|6680944|ref|NP_031728.1| cell death-inducing DNA fragmentatio... [ score 167 E 5e-41 ] [ range 7 .. 110 ]
sequence
-------YAGALIRPLTFMGLQTKKVLLTPLIH-PARPFRVSNHDRSSRRGVMASSLQELISKTLDVLVI
TG-LVTLVLEEDGTVVDTEEFFQTLRDNTHFMILEKGQKWTP------------*
>P1;gi|23943904|ref|NP_071377.2| cell death activator CIDE-3 [Homo s... [ score 166 E 6e-41 ] [ range 5 .. 126 ]
sequence
MKSLSLLYPKSLSRHVSVRTSVVTQQLLSPKAP-RARPCRVSTADRSVRKGIMAYSLEDLLLKVRDTLML
DK-PFFLVLEEDGTTVETEEYFQALAGDTVFMVLQKGQKWQPSEQGTRH-----*
>P1;gi|34932098|ref|XP_214551.2| similar to cell death activator CID... [ score 165 E 2e-40 ] [ range 100 .. 206 ]
sequence
------LPSGALSRPLTFMGLQTKKVLLTPLIH-PARPFRVSNHDRSSRRGVMASSLRELISKTLDVLVI
TG-LVTLVLEEDGTVVDTEEFFQTLRDNTHFMILEKGQKWTPGN----------*
>P1;gi|2829467|sp|P56198|FS27_MOUSE Fat-specific protein FSP27 >gi|2... [ score 156 E 1e-37 ] [ range 5 .. 118 ]
sequence
MKSLSLLYPRSLSRHVA-VSTAVVTQQLVSKPP-RARPCRVSTADRKVRKGIMAHSLEDLLNKVQDILKL
DK-PFSLVLEEDGTIVETEEYFQALAKDTMFMVLLKGQKWKP------------*
>P1;gi|31210409|ref|XP_314171.1| ENSANGP00000003838 [Anopheles gambi... [ score 131 E 3e-30 ] [ range 6 .. 89 ]
sequence
-----------------------------------KRPLKIWDSWRNVRKGLVVGSFEELIVRGKDKLGV
PA-SVRLVLECDGTQVEDGEYFRTLANNTVLLLLRQGERWYPTGVDVI------*
>P1;gi|19921904|ref|NP_610478.1| CG1975-PA [Drosophila melanogaster]... [ score 129 E 8e-30 ] [ range 9 .. 92 ]
sequence
-----------------------------------KRPLKIWDSWRNVRKGVVVGTFEELLVRGKDKLGV
PA-SVRVVLECDGTQIEDGEYFRTLANNTVLLLLRQGERWYPTGVDVI------*
>P1;gi|24652882|ref|NP_610721.2| CG8357-PA [Drosophila melanogaster]... [ score 122 E 2e-27 ] [ range 9 .. 98 ]
sequence
--------------------------------D-SKKPFKVKDVTRNIKKAVCASSLEEIRSKVAEKFKC
DH-LPTIHLDSDGTEIDDEEYFRTLDENTELVAVFPGEHWDPTHYVTITTPH--*
>P1;gi|6753628|ref|NP_034174.1| DNA fragmentation factor, alpha subu... [ score 118 E 4e-26 ] [ range 8 .. 100 ]
sequence
-----------------------------SAPD-PDRPLKPCNHSRD-QHGVAASSLEELRSKACELLAI
DK-SLTLVLAEDGTIVDDDDYFLCLPSNTKFVALACNEKWTYNDSD--------*
>P1;gi|16758492|ref|NP_446131.1| DNA fragmentation factor, alpha sub... [ score 115 E 2e-25 ] [ range 8 .. 100 ]
sequence
-----------------------------SAPD-PDDPLKPCNHSRE-QHGVAASSLEELRSKACELLAI
DK-SVTLVLAEDGTIVDDEDYFLCLPSNTKFVALACNEKWAYNDSD--------*
>P1;gi|31211163|ref|XP_314550.1| ENSANGP00000016940 [Anopheles gambi... [ score 111 E 3e-24 ] [ range 1 .. 71 ]
sequence
--------------------------------------FQVKDVTRAIKKAVVAGTLEEVRSKAAEKFGR
TD-LPNIHLDSDGTEVDDEDYFQTLEPNAELIAVFSGEQW--------------*
>P1;gi|14278227|pdb|1IBX|B Chain B, Nmr Structure Of Dff40 And Dff45... [ score 108 E 3e-23 ] [ range 61 .. 145 ]
sequence
------------------------------------RTLKPCLLRRNYQHGVAASCLEDLRSKACDILAI
DK-SVTLVLAEDGTIVDDDDYFLCLPSNTKFVALASNEKWAYNNSD--------*
>P1;gi|21955245|ref|NP_610723.2| CG8364-PA [Drosophila melanogaster]... [ score 96 E 1e-19 ] [ range 119 .. 190 ]
sequence
------------------------------------KPFKIKDITRNIRKAVVATTLSELRTKVSLKFER
-A-QPAIHLDCDGTEVDDEEYFSTLEPNAELIAVFPGEQW--------------*
>P1;gi|6066232|gb|AAF03219.1| Drep3 [Drosophila melanogaster] [ score 95 E 3e-19 ] [ range 119 .. 190 ]
sequence
------------------------------------KPFKIKDITRNIRKAVVATTLSELRTKVSLKFER
-A-QRRLHLDCDGTEVDDEEYFSTLEPNAELIAVFPGEQW--------------*
>P1;gi|35903034|ref|NP_919385.1| DNA fragmentation factor, beta poly... [ score 86 E 1e-16 ] [ range 11 .. 81 ]
sequence
---------------------------------------KIRSANQARKYGIAAVNLKELIKKGCQLLKV
SS-SGVLVLYEDGTVV-TEEYFQNLPDNTDLVLLPHGQSWN-------------*
>P1;gi|10436826|dbj|BAB14920.1| unnamed protein product [Homo sapien... [ score 83 E 1e-15 ] [ range 1 .. 52 ]
sequence
-------------------------------------------------------------------MLA
DK-PFFLVLEEDGTTVETEEYFQALAGDTVFMVLQKGQKWQPSEQGTRH-----*
>P1;gi|45383564|ref|NP_989616.1| DNA fragmentation factor, 40kDa, be... [ score 65 E 3e-10 ] [ range 4 .. 78 ]
sequence
----------------------------------PLRGFRLRRPGSAQKFGAAAGSLRGLLRKGCRLLQL
PA-GSRLCLYEDGTEL-SEAFFRTLPPQTELVLLRPGESW--------------*
>P1;gi|31232655|ref|XP_318738.1| ENSANGP00000016554 [Anopheles gambi... [ score 64 E 8e-10 ] [ range 115 .. 181 ]
sequence
----------------------------------PLQGYKVTDVERSRKYGVAADSLRMLRAKASEKFKI
PE-C-RVYLAQDGVEVTDEDYFRTLPAQILFVV---------------------*
>P1;gi|13516475|dbj|BAB40447.1| DNA fragmentation factor 40 kDa subu... [ score 60 E 9e-09 ] [ range 14 .. 88 ]
sequence
---------------------------------------------RSPRKGVAGRSCQEVLRKGCLRFQL
PE-RGRLCLYEDGTEL-TEDYFPSVPDNAELVLLTLGQAWQGYVSDIRRF----*
>P1;gi|19921238|ref|NP_609631.1| CG9414-PA [Drosophila melanogaster]... [ score 57 E 1e-07 ] [ range 46 .. 112 ]
sequence
----------------------------------PMRGYKVTDNERTRKYGIGANSLEMLIAKAKSKFPL
LE--PHLYLASDGFEVSDDEYLKSLPAQTLFIV---------------------*
>P1;gi|7245762|pdb|1C9F|A Chain A, Nmr Structure Of The Cad Domain O... [ score 56 E 1e-07 ] [ range 26 .. 84 ]
sequence
--------------------------------------------------GVAARSCQELLRKGCVRFQL
PM-PGRLCLYEDGTEV-TDDCFPGLPNDAELLLLTAGETW--------------*
>P1;gi|16758090|ref|NP_445814.1| DNA fragmentation factor, 40 kD, be... [ score 55 E 3e-07 ] [ range 23 .. 81 ]
sequence
--------------------------------------------------GVAARSCQELLRKGCIRFQL
PV-PGRLCMYEDGTEV-TDDCFPSLPNDSELLLLTAGETW--------------*
>P1;gi|9635288|ref|NP_059186.1| ORF38 [Xestia c-nigrum granulovirus]... [ score 49 E 2e-05 ] [ range 3 .. 60 ]
sequence
------------------------------------KPFKVFNSEK--QTGVMASSLADLRNAIRRTFNI
LE-DVIPCLA-DGTRIENEEYYQSLAAN--------------------------*
