>P1;1evua
structureX:1evu:  30 :A: 190 :A:coagulation factor XIII A chain:Homo sapiens: 2.01: 20.8
EEFLNVTSVHLFKERWDTNKVDHHTDKYENNKLIVRRGQSFYVQIDFSRPYDPRRDLFRVEYVIGRYPQE
NKGTYIPVPIVSELQSGKWGAKIVMREDRSVRLSIQSSPKCIVGKFRMYVAVWTPYG--VLRTSRNPETD
TYILFNPWCED*
>P1;1g0da
structureX:1g0d:   6 :A: 140 :A:protein-glutamine gamma-glutamyltransferase:Pagrus major: 2.50: 20
---GLIVDVNGRSH---ENNLAHRTREIDRERLIVRRGQPFSITLQCSDSLPP-KHHLELVLHLGKRD-E
---VVIKVQKE-HGARDKWWFNQ-QGAQDEILLTLHSPANAVIGHYRLAVLVMSPDGHIVERADKI---S
FHMLFNPWCRD*
>P1;gi|26331368|dbj|BAC29414.1| unnamed protein product [Mus musculus] [ score 237 E 4e-62 ] [ range 43 .. 191 ]
sequence
KDYLNVTAVHLFKERWDSNKIDHHTDKYDNNKLIVRRGQTFYIQIDFNRPYDPRKDLFRVEYVIGRYPQE
NKGTYIPVPVVKELQSGKWGAKVIMNEDRSVRLSVQSSPECIVGKFRMYVAVWTPYG--ILRTRRDPETD
TYILFNPWCEE*
>P1;gi|11067435|ref|NP_067730.1| coagulation factor XIIIa [Rattus no... [ score 235 E 2e-61 ] [ range 43 .. 191 ]
sequence
KDYLNVTAVHLFKERWDSNKIVHHTDKFDNNKLIVRRGQTFYIQIDFNRPYDPRKDLFRVEYVIGRYPQE
NKGTYIPVPVVTELQSGKWGAKVIMNEDRSVRLSVQSSPECIVGKFRMYVAVWTPYG--ILRTQRDPETD
TYILFNPWCEE*
>P1;gi|627816|pir||A54269 protein-glutamine gamma-glutamyltransferas... [ score 218 E 1e-56 ] [ range 127 .. 273 ]
sequence
EGMLVVTGVDLLSSRSDQNRREHHTDEFEYEELIVRRGQPFHLVLFLSRPYESS-DRIALELQIGNNPEV
GKGTHVIIPV-GKGNSGGWKAQVTKASGQTLNLRVHSPASAIIGKFQFTVRTRTEAG--EFQLPFDPRNE
IYILFNPWCPE*
>P1;gi|10178635|gb|AAG13662.1| transglutaminase 1 [Canis familiaris] [ score 216 E 5e-56 ] [ range 105 .. 251 ]
sequence
EGMLVVTGVDLLSSRSDQNRREHHTDEFEYDELIIRRGQPFHMVLHFSRPYESS-DRVALELLIGNNPEV
GKGTHVIIPV-GKGGSGGWKAQVTKASGQNLNLRVHTSPNAIIGKFQFTVRTHSEAG--EFQLPFDPHNE
IYILFNPWCPE*
>P1;gi|7081495|gb|AAF35986.1| transglutaminase type 1 [Mus musculus] [ score 216 E 9e-56 ] [ range 106 .. 252 ]
sequence
EGMLVVTGVDLLCSRSDQNRREHHTDEFEYDELIVRRGQPFHMILFLNREYESS-DRIALELLIGSNPEV
GKGTHVIIPV-GKGGSGGWKAQVTKNNGHNLNLRVHTSPNAIIGKFQFTVRTRSEAG--EFQLPFDPRNE
IYILFNPWCPE*
>P1;gi|339604|gb|AAA61166.1| transglutaminase K enzyme [ score 214 E 3e-55 ] [ range 104 .. 250 ]
sequence
EGMLVVNGVDLLSSRSDQNRREHHTDEYEYDELIVRRGQPFHMLLLLSRTYESS-DRITLELLIGNNPEV
GKGTHVIIPV-GKGGSGGWKAQVVKASGQNLNLRVHTSPNAIIGKFQFTVRTQSDAG--EFQLPFDPRNE
IYILFNPWCPE*
>P1;gi|45382729|ref|NP_990016.1| coagulation factor XIIIA [Gallus ga... [ score 214 E 4e-55 ] [ range 50 .. 197 ]
sequence
KDYLRVVDIHMFKEPNEINKQQHHTDKYYNPKLIVRRGQPFQIQIDFSRPYDPEKDQIWLEYLIGRYPQP
NKGTYIPILIGDVLKPGEWGAKITHRENNSIRLSIMSSATCIIGKFRLYIAIWTPYG--IIRTHRNSATD
TYILFNPWCQ-*
>P1;gi|13928912|ref|NP_113847.1| transglutaminase type 1; transgluta... [ score 213 E 5e-55 ] [ range 115 .. 261 ]
sequence
EGMLVVNGVDLLCSRSDQNRREHHTDEFEYDELILRRGQPFHIILFLNREYESS-DRIALELLIGNNPEV
GKGTHVIIPV-GKGGSGGWKAQVTKTNGHNLTLRVHTSPNAIIGKFQFTVRTRSEAG--EFQLPFDPRNE
IYILFNPWCPE*
>P1;gi|34419182|dbj|BAC84967.1| embryonic transglutaminase [Oryzias ... [ score 193 E 8e-49 ] [ range 60 .. 206 ]
sequence
-EFLDIWDVDMIRRIDESNKLEHHTELYNSENLIVRRGQEFQIKLTFNRPYKPDEDKFAVEFTIGSSPQF
SKGTYIPVFFTKERQSS-WAGRAIANSDNIVTVGITPATNCIVGKYNLYVAVVTPYG--VRRQRPDKSRE
MYILFNPWAKD*
>P1;gi|28278274|gb|AAH44684.1| Tgm2-prov protein [Xenopus laevis] [ score 191 E 3e-48 ] [ range 5 .. 147 ]
sequence
-EELYLESFDL---DCSGNNRSHRTAEASCEQLIVRRGQPFQITLNFSRGYEEGVDKLSLNAITGPCPSE
ESGTRSHIPVSDALQDGTWSAAVKSTDGGTVILSITSPPDARIGDYNLTLETSTEY-----QGSSFQLGS
FKLLFNPWCPE*
>P1;gi|5326787|gb|AAD42046.1| tissue-type transglutaminase [Rattus n... [ score 188 E 2e-47 ] [ range 3 .. 144 ]
sequence
-EELNLERCDL---EIQANGRDHHTADLCQQKLVLRRGQRFRLTLYFERGYEASVDRLTFGAVTGPDPSE
EAGTKARFSLSDDVEEGSWSASVLDQQDNVLSLQLCTPANAPVGQYRLSLETSTGY-----QGSSFMLGH
FILLFNAWCP-*
>P1;gi|107479|pir||A39045 protein-glutamine gamma-glutamyltransferas... [ score 187 E 3e-47 ] [ range 4 .. 144 ]
sequence
---------ELVLERCDTNGRDHHTADLCREKLVVRRGQPFWLTLHFERNYQASVDSLTFSVVTGPAPSQ
EAGTKARFPLRDAVEEGDWTATVVDQQDCTLSLQLTTPANAPIGLYRLSLEASTGY-----QGSSFVLGH
FILLFNAWCP-*
>P1;gi|743818|prf||2013370A GTP-binding protein Gh [ score 186 E 9e-47 ] [ range 4 .. 144 ]
sequence
---------ELVLERCDANGRDHHTADLCQQKLVLRRGQRFRLTLYFERGYEASVDRLTFGAVTGPDPSE
EAGTKARFSLSDDVEEGSWSASVLDQQDNVLSLQLCAPANAPVGQYRLSLESSTGY-----QGSSFMLGH
FILLFNAWCP-*
>P1;gi|6678329|ref|NP_033399.1| transglutaminase 2, C polypeptide; C... [ score 185 E 2e-46 ] [ range 4 .. 144 ]
sequence
---------ELLLERCDANGRDHHTADLCQEKLVLRRGQRFRLTLYFERGYEASVDSLTFGAVTGPDPSE
EAGTKARFSLSDNVEEGSWSASVLDQQDNVLSLQLCTPANAPIGLYRLSLEASTGY-----QGSSFVLGH
FILLYNAWCP-*
>P1;gi|16445035|ref|NP_443187.1| transglutaminase Z [Homo sapiens] >... [ score 185 E 2e-46 ] [ range 7 .. 147 ]
sequence
---LRLESVDLQSSR---NNKEHHTQEMGVKRLTVRRGQPFYLRLSFSRPFQSQNDHITFVAETGPKPSE
LLGTRATFFLTRVQPGNVWSASDFTIDSNSLQVSLFTPANAVIGHYTLKIEISQGQG--HSVTY--PLGT
FILLFNPWSPE*
>P1;gi|27229194|ref|NP_083075.1| transglutaminase 5 [Mus musculus] >... [ score 184 E 3e-46 ] [ range 12 .. 150 ]
sequence
--------VALTDLQSSQNNVRHHTEEISVDRLVVRRGQAFSITLYFNRGFQPGMDSIMFVAETGPLPDL
AKGTRAVFSFTGSGGPSPWIASLEANRANSLEVSLCAPPIAAVGRYLLKIRIDSYQG--FVTAYQ--LGE
FILLFNPWCP-*
>P1;gi|2148922|gb|AAB58463.1| tissue transglutaminase [Gallus gallus] [ score 181 E 3e-45 ] [ range 3 .. 145 ]
sequence
-EELVLETCDLQCER---NGREHRTAEMGSQQLVVRRGQPFTITLNFARGYEEGVDKLAFDVETGPCPVE
TSGTRSHFTLTDCPEEGTWSAVLQQQDGATLCVSLCSPSSARVGRYRLTLEASTGY-----QGSSFHLGD
FVLLFNAWHPE*
>P1;gi|93011|pir||A29996 protein-glutamine gamma-glutamyltransferase... [ score 180 E 4e-45 ] [ range 4 .. 144 ]
sequence
---------DLILERCDLNGRDHRTADLCRERLVLRRGQPFWLTLHFERGYEAGVDTLTFNAVTGPDPSE
EAGTMARFSLSSAVEGGTWSASAVDQQDSTVSLLLSTPADAPIGLYRLSLEASTGY-----QGSSFVLGH
FILLYNPRCP-*
>P1;gi|29135313|ref|NP_803473.1| transglutaminase 2 [Bos taurus] >gi... [ score 180 E 4e-45 ] [ range 4 .. 144 ]
sequence
---------ELVLERCDANGRDHHTADLCRERLVVRRGQPFWLTLHFERNYEASVDSLTFCAVTGPDPSE
EAGTKALFRLSDATEEGAWAAVAADQRDSTLSLHLSTPANAPVGHYRLSLEASTGY-----QGSSFMLGQ
FTLLFNSWCP-*
>P1;gi|13021663|gb|AAK11508.1| protein-glutamine gamma-glutamyltrans... [ score 178 E 3e-44 ] [ range 3 .. 144 ]
sequence
-EELYLESFDL---DCSGNNRSHRTAEASCEQLIVRRGQPFQITLNFSRGYEEGVDKLSLNAITGPCPSE
ESGTRSHIPVSDALQDGTWSAAVKSTDGGTVILSITSPPDARIGDYNLTLETSTEY-----QGSSFQLGS
FKLAVNPWCQ-*
>P1;gi|34857658|ref|XP_345425.1| similar to transglutaminase Z [Ratt... [ score 173 E 7e-43 ] [ range 33 .. 170 ]
sequence
---LELRSVELQIPR---NNKDHHTQDLGSSKLILRRGQIFILTIVFSRPFQPQKDHLTFVAETGPEPTE
LLGTRATFFLVQTRPENVWSASDFVIDSNSLQVSIFSPASAVIGHYTLKLEISRDQG--PGVTY--PLGN
FILLFNPW---*
>P1;gi|19702209|emb|CAD28789.1| transglutaminase-like protein [Parac... [ score 171 E 2e-42 ] [ range 58 .. 199 ]
sequence
---LKVTSLDLCNA---ANKKAHHTDEYEVEQLIVRRGQVMDISVTFDRAYNSSKDTLSLELLMGSRPSV
AAGSRVPIDLVTRAPPDDFGLQVVGSSGNKVTLKLHLACDALIGEYELVVCTQTEQE--DEYRYEHDE-D
LIILFNPWCK-*
>P1;gi|29244202|ref|NP_808394.1| hypothetical protein A030011P16 [Mu... [ score 170 E 4e-42 ] [ range 1 .. 142 ]
sequence
-----MAGVRITKVDWQKNGAAHHTQDYPCSELVVRRGQLFSLTLDLSRVLDSEEALI-FTVETGPHASE
ALHTKAVF-QTAELEIGDWTAAKEEQTENTITVSLSSPSNAVIGRYLLSVR---PSS--RRKHSDRKLGQ
FILLFNPWCPE*
>P1;gi|27805815|ref|NP_776737.1| erythrocyte membrane protein band 4... [ score 170 E 5e-42 ] [ range 5 .. 143 ]
sequence
---LGIKSCDFQAAR---NNAEHHTNDISSQRLFVRRGQPFTISLHFQAPVHTFLRALKLIAQTGKQPSK
ANGTQATFSVSSLGDRKWWSAMVEERDDQSWTISVTTPADAIIGHYSLLLQIS---------GRKQCLGQ
FTLLFNPWNRE*
>P1;gi|38075672|ref|XP_141327.2| similar to transglutaminase Z [Mus ... [ score 170 E 5e-42 ] [ range 51 .. 188 ]
sequence
---LELRSVELQIPR---NNKDHHTEDLGLSKLILRRGQIFILTIVFSRPFQPQKDHLTFVAETGPEPTE
LLGTRATFFLAQTRPENVWSASDFMIDSNSLQVSIFSPASAVIGHYTLKLEISQGQG--PGVTY--PLGN
FILLFNPW---*
>P1;gi|34856753|ref|XP_215816.2| similar to transglutaminase 5 [Ratt... [ score 170 E 6e-42 ] [ range 34 .. 166 ]
sequence
---LEVALTDLQSSR---NNVRHHTEEISFDRLVVRRGQAFCITLYFNRGFQPGMDSIMFVAETG-----
---TRAVFSLTGSGGSSPWIASLEANRANSLEVSLCAPPMAAVGRYLLKVRIDSYQG--SVTAYQ--LGE
FILLFNPWCP-*
>P1;gi|6690087|gb|AAF23981.1| transglutaminase X [Homo sapiens] [ score 169 E 7e-42 ] [ range 5 .. 146 ]
sequence
---LEVALTDLQSSR---NNVRHHTEEITVDHLLVRRGQAFNLTLYFNRSFQPGLDNIIFVVETGPLPDL
ALGTRAVFSLARHHSPSPWIAWLETNGATSTEVSLCAPPTAAVGRYLLKIHIDSFQG--SVTAYQ--LGE
FILLFNPWCPE*
>P1;gi|33331032|gb|AAQ10752.1| transglutaminase y short form [Homo s... [ score 169 E 1e-41 ] [ range 4 .. 142 ]
sequence
---IRVTKVDWQRSR---NGAAHHTQEYPCPELVVRRGQSFSLTLELSRALDCEEILI-FTVETGPRASE
ALHTKAVF-QTSELERGGWTAAREAQMEKTLTVSLASPPSAVIGRYLLSIRLSS-----HRKHSNRRLGE
FVLLFNPWCAE*
>P1;gi|31238804|ref|XP_319850.1| ENSANGP00000015956 [Anopheles gambi... [ score 168 E 1e-41 ] [ range 19 .. 179 ]
sequence
-DVLTVKSVDLCTEE---NGKDHHTKRYEIPKLVVRRGQPFRLRLVCDRPYDRARDALSLIFTVADQPTH
GHGTLVGIPVNQLGEPEEWGAAIEAINGDLLQVLVKPAATAPVGQWKLDIDTKLLSE--AFGKSYSLPQA
FYVLFNPWCPD*
>P1;gi|12060177|dbj|BAB20439.1| transglutaminase [Asterina pectinifera] [ score 168 E 2e-41 ] [ range 58 .. 199 ]
sequence
---LKVVSVDLCVER---NQQEHKTSKYKVDNLVLRRGQPFHLNVKFDRDFKPSTDELVLELRMGSRANV
TKGTRCVAPVVTSADHDDWGIKVESAKGANVTLKVFCSSEALIGYYNLYILTMSGGD--E--YEYESPKE
LIMLFNAWCKD*
>P1;gi|34859206|ref|XP_230601.2| similar to Protein-glutamine gamma-... [ score 167 E 3e-41 ] [ range 14 .. 153 ]
sequence
-------GVRITKVDWQENGAAHHTQDYPCPELVVRRGQLFSLTLDLNRALDSEEALI-FTVETGPHASE
ALHTKAIF-QTAELEIGDWTAAKEEQTENTITVSLSSPSNAVIGRYLLSARAAS-----RRKHSDRKLGQ
FILLFNPWCPE*
>P1;gi|189434|gb|AAA36401.1| protein 4.2 (P4.2L) (put.); putative [ score 166 E 8e-41 ] [ range 33 .. 174 ]
sequence
-DALGIKSCDFQAAR---NNEEHHTKALSSRRLFVRRGQPFTIILYFRRAFLPALKKVALTAQTGEQPSK
INRTQATFPISSLGDRKWWSAVVEERDAQSWTISVTTPADAVIGHYSLLLQVSG--------RKQLLLGQ
FTLLFNPWNRE*
>P1;gi|7341341|gb|AAF61256.1| protein-glutamine gamma-glutamyltransf... [ score 165 E 2e-40 ] [ range 15 .. 134 ]
sequence
------------------NNTDHHTELNGTDRLIVRRGQAFTINLQLNSGYQPGYSQINITAETGPDPQQ
QYGTRAVFSLSSEVDSSCWSAAVSSPPGESVCLSICAAPDAPIGHYTLTLD-------------ERIQIQ
FILLFNPWCP-*
>P1;gi|34856749|ref|XP_342504.1| similar to erythrocyte membrane pro... [ score 164 E 2e-40 ] [ range 17 .. 144 ]
sequence
------------------NNKEHHTDAISSQHLILRRGQSFTITLNFRAPFLSALKKVALIAQTGEQPSK
TSKTQAIFPISSLGDKKGWSAAVVERDAQHWTISVTTPVDAVIGHYSLLLQVSG--------KKQYPLGQ
FTLLFNPWNRD*
>P1;gi|4507479|ref|NP_003232.1| transglutaminase 4 (prostate) [Homo ... [ score 164 E 4e-40 ] [ range 8 .. 144 ]
sequence
---LQVLHIDFLN---QDNAVSHHTWEFQTSSPVFRRGQVFHLRLVLNQPLQSYH-QLKLEFSTGPNPSI
AKHTLVVLDPRTPSDHYNWQATLQNESGKEVTVAVTSSPNAILGKYQLNV--KTGNH--ILKSEENIL--
-YLLFNPWCKE*
>P1;gi|7433818|pir||A45991 protein-glutamine gamma-glutamyltransfera... [ score 164 E 4e-40 ] [ range 4 .. 138 ]
sequence
---LGVQSINWQKA---FNRQAHHTDKFSSQELILRRGQNFQVLMIMNKGLGSNE-RLEFIDTTGPYPSE
SAMTKAVFPL-SNGSSGGWSAVLQASNGNTLTISISSPASAPIGRYTMALQIFSQGG--I---SSVKLGT
FILLFNPW---*
>P1;gi|13638501|sp|Q08188|TGM3_HUMAN Protein-glutamine glutamyltrans... [ score 163 E 7e-40 ] [ range 4 .. 138 ]
sequence
---LGVQSINWQTA---FNRQAHHTDKFSSQELILRRGQNFQVLMIMNKGLGSNE-RLEFIVSTGPYPSE
SAMTKAVFPL-SNGSSGGWSAVLQASNGNTLTISISSPASAPIGRYTMALQIFSQGG--I---SSVKLGT
FILLFNPW---*
>P1;gi|485736|gb|AAA67917.1| erythrocyte membrane protein band 4.2 [ score 162 E 1e-39 ] [ range 17 .. 144 ]
sequence
------------------NNEEHHTKAISSQHLTLRRGQSFTITLNFRAPTHTFLSALKLIAQTGEQPSK
INKTQAIFPISSLGDQKGWSAAVEERDAQHWTVSVTTPVDAVIGHYSLLLQVSG--------KKQYPLGQ
FTLLFNPWNRD*
>P1;gi|6678331|ref|NP_033400.1| transglutaminase 3, E polypeptide; E... [ score 161 E 2e-39 ] [ range 1 .. 138 ]
sequence
-----MSALQIQNVNWQVNRRAHHTDKFSSQDSIVRRGQPWEIILVCNRSLESGED-LNFIVSTGPQPSE
SARTKAVFSISGR-STGGWNAALKANSGNNLAIAIASPVSAPIGLYTLSVEISSRG-----RASSLKLGT
FIMLFNPW---*
>P1;gi|3649666|emb|CAA71263.1| transglutiminase [Ciona intestinalis] [ score 161 E 2e-39 ] [ range 68 .. 213 ]
sequence
-EVLQILRVNYKKE---TNCVDHHTDKYIHNSLVVRRATTFDLGLVFNRNYRPAKDDIVLEFTIGSDPTI
KNETKIRVPVGDSLQGSKWTCMKINEDEKEVTLQVNIPPDAIIGRYKLTVEVATEKD--GRQKERKVKPD
IVVLFNPF---*
>P1;gi|15593289|gb|AAL02240.1| transglutaminase [Cyprinus carpio] [ score 159 E 1e-38 ] [ range 15 .. 134 ]
sequence
------------------NNTDHHTELNGTDRLIVRRGQAFTINLYLNSGYQPGYSQLHITAETGPQPEE
QYGTRAVLGLSDEIDDTRWSAGVSSPSGDTVCLSVCAAPDAPIGRYVLTLD-------------GHIQFD
FILLFNPWCP-*
>P1;gi|24582657|ref|NP_609174.1| CG7356-PA [Drosophila melanogaster]... [ score 158 E 2e-38 ] [ range 53 .. 205 ]
sequence
--VLGVLKVDLCLED---NHEEHHTSHFAKEALVVRRGEPFRLKIHFNRDYSPSKDAISFIFTVATKPSP
GHGTLNALVPHDLGDTLEWGAGIESHEGQTLTVLIKPPSTCPVTEWKLDIDTKLLGD--GSRSYPLPL-P
IYVLFNPWCPD*
>P1;gi|1703311|sp|P52183|ANNU_SCHAM Annulin (Protein-glutamine gamma... [ score 155 E 2e-37 ] [ range 63 .. 215 ]
sequence
-EVASVKEVDLLAENGDAHRTRHYMDREKEPRLVVRRGQPFAVSVTLSRPYNPDIDAISFVFTVAEKPSY
GQGTLVAVPLLAKGAESGWNAVLDSSADDILRIQITPAADAIVGKWKMDIDTKLKND--GAVSYSYKD-P
FYILYNPWCR-*
>P1;gi|1729925|sp|Q05187|TGMH_TACTR Hemocyte protein-glutamine gamma... [ score 153 E 6e-37 ] [ range 63 .. 217 ]
sequence
---LQVESVELYTRD---NAREHNTFMYDKPVLILRRGQPFSIAIRFKRNYNPQQDRLKLEIGFGQQPLI
TKGTLIMLPVSGSKDKTQWDVRLRQHDGAVITLEIQIPAAVAVGVWKMKIVSQLTSN--VSAVTHECKNK
TYILFNPWCK-*
>P1;gi|21306287|gb|AAM45940.1| experimental autoimmune prostatitis a... [ score 149 E 1e-35 ] [ range 5 .. 134 ]
sequence
----NVLIIYAVNVERKLNAAAHHTSEYQTKKLVLRRGQIFTLKVILNRPLQPQ-DELKVTFTSGQR---
DPPYMVELDPVTSYRSKGWQVKIAKQSGVEVILNVISAADAVVGRYKMRVN-------------EYKAGV
FYLLFNPWCSD*
>P1;gi|34859204|ref|XP_345433.1| similar to transglutaminase E3 [Rat... [ score 149 E 1e-35 ] [ range 38 .. 180 ]
sequence
EQFVLQWTLEVQNINWQMNRRAHHTDKFSSQDFIVRRGQPWEVILLCNRSLESG-DNLNFIVSTGPQPSE
SARTKAVFSISGR-NTSGWSAALKASNGNNLFIAIASPVSAPIGLYTLNVEVSSKG-----RVSSVKLGT
FTVLFNPW---*
>P1;gi|44890250|gb|AAH66665.1| Dorsal protein 1 [Rattus norvegicus] [ score 147 E 4e-35 ] [ range 4 .. 134 ]
sequence
RNMLVVYSVNLEKK---LNAAAHHTIEYQTQKLVLRRGQIFSLKVMLNRPLQ-SHDELKLIFNTGHNPFY
T----VELDPMTSYRSKGWQVKIAKQSGVEVVLNVISAADAVVGRYTMNVN-------------EFDAGV
FFLLFNPWCSD*
>P1;gi|28194208|gb|AAO33455.1| transglutaminase [Penaeus monodon] [ score 139 E 1e-32 ] [ range 53 .. 205 ]
sequence
----KVLSVDFQAKP---NAVNHFCDKYEQAAIVLRRGGSFTIEVEFNLELELKKHLVKLYFSFGQRPSA
AKGTQAALQVSGKKNHEEWDVRVDGQNGKKITFEIQIPTDAPVGVWNPAVEVSLNSD--TTRHLHRSDTH
VYILFNPWNK-*
>P1;gi|1729923|sp|P52181|TGM2_PAGMA Protein-glutamine gamma-glutamyl... [ score 136 E 8e-32 ] [ range 14 .. 140 ]
sequence
--------------RSHENNLAHRTREIDRERLIVRRGQPFSITLQCSDSLPPKHHLELVLHL-------
--GKRDEVVIKVQKEHGKWWFNQQGAQD-EILLTLHSPANAVIGHYRLAVLVMSPDG--HI-VERADKIS
FHMLFNPWCRD*
>P1;gi|2133949|pir||JC5133 protein-glutamine gamma-glutamyltransfera... [ score 132 E 1e-30 ] [ range 15 .. 139 ]
sequence
---------------CQVNSHAHRTEEMDVERLLVRRGQPFSLALQCHTTLPPKHKLAIILHL-GK----
-EGEVVVKVLDARAGRDKWWFRQQGAQ-SEVLLTIHSPADAPVGLYSVTVLLLSPDG--HILEKTTPET-
FYLLFNPWCK-*
>P1;gi|31238795|ref|XP_319848.1| ENSANGP00000016504 [Anopheles gambi... [ score 131 E 2e-30 ] [ range 10 .. 178 ]
sequence
-------SAELTIERIDTNGLNHRTEKFEPSQLVVRRGEEFLVKLICSRPVNLKTDAISLVLIASEWISH
GHGTVVYLILQTEEEDSDWSAKLQVNEDGELLVAIRTSPNASVSRWTLTINVKSEGV--EESNSYQLDQP
FYLLFNAWCEE*
>P1;gi|33694274|gb|AAL78166.1| transglutaminase [Penaeus monodon] [ score 111 E 3e-24 ] [ range 59 .. 199 ]
sequence
------------------NAVNHHCELYETDCVVVRRGGLLSMVVKLNQNVALASAQLKFYFSFGSRPNV
EKGTQAHLVVTGEKPHDDWDIRLVKEAGKKATVEVQIPTDAPVGVWKVAAEVLRNQA--GERHLRRFDTH
VYILFNPWNE-*
>P1;gi|14579327|gb|AAK69205.1| transglutaminase [Pacifastacus lenius... [ score 102 E 1e-21 ] [ range 49 .. 206 ]
sequence
-----VTKVKIVSVDFQANAEKHHCEKYKEGTPIIRRSGSFSIVVEFNKEIDLKKQQLTLYFSFGAGPNA
QAGTLATLTVTGKKHHENWDVRVVNQAGTKATIEIQVSSDAPVGVWSCSLEVRPKDE--TDASNRHLLTL
LYILFNPWNE-*
>P1;gi|31238798|ref|XP_319849.1| ENSANGP00000025253 [Anopheles gambi... [ score 95 E 3e-19 ] [ range 1 .. 171 ]
sequence
---LKIESINLC---FDENGKTFHTSHYEPRQLIVRRGAPFEVRLLTNRRFDPTVDTMVLVVSISEKPCF
GNGTETYVLVSVATDGEDWRAVVVDSKDKELTLQIMIPSYTPVWRWSIQFHTRLDTT--DAKSMTEIKEP
LFVLFNPWCK-*
>P1;gi|1166459|gb|AAB60265.1| blood coagulation factor XIII A subunit [ score 89 E 1e-17 ] [ range 1 .. 48 ]
sequence
----------LFKERWDSNKVDHHTDKYSNDKLIVRRGQSFYIQIDFNRPYDPTRDLF------------
----------------------------------------------------------------------
-----------*
>P1;gi|21623847|dbj|BAC00991.1| transglutaminase [Physarum polycepha... [ score 82 E 2e-15 ] [ range 199 .. 330 ]
sequence
----VIQSIDLQVEK---NRAAHHTDKIHAKEFFIRRGQTFQISLVAPAEVTEASLRFTVYPETQNSYVI
NVGTKNVGDPDSE-----WFGYFTGHQNGATSVAVHIPGRAIVGQYTL-----SASG--DGGKTWTPAEP
IYILFNAWSK-*
>P1;gi|203966|gb|AAA41092.1| dorsal protein 1 [ score 49 E 2e-05 ] [ range 1 .. 35 ]
sequence
----------------------------------------------------------------------
---------------------------------NVISAADAVVGRYTMNVN-------------EFDAGV
FFLLLNPWCSD*
>P1;gi|1000380|gb|AAB34566.1| transglutaminase 1=tgm1 product [human... [ score 45 E 3e-04 ] [ range 1 .. 23 ]
sequence
------------------NRREHHTDEYEYDELIVHHGQPF-----------------------------
----------------------------------------------------------------------
-----------*
>P1;gi|627816|pir||A54269 protein-glutamine gamma-glutamyltransferas... [ score 169 E 7e-42 ] [ range 138 .. 273 ]
sequence
--------LSSRSD---QNRREHHTDEFEYEELIVRRGQPFHLVLFLSRPYES-SDRIALELEVGKGT-H
---VIIPVGK---GNSGGWKAQV-TKASGQTLLRVHSPASAIIGKFQFTVRTRTEAGEFQLPFDPN---E
IYILFNPWCPE*
>P1;gi|2133949|pir||JC5133 protein-glutamine gamma-glutamyltransfera... [ score 169 E 9e-42 ] [ range 6 .. 139 ]
sequence
---GVFMGMDLLCQ---VNSHAHRTEEMDVERLLVRRGQPFSLALQCHTTLPP-KHKLAIILHLGKEG-E
---VVVKVLDA-RAGRDKWWFRQ-QGAQSEVLLTIHSPADAPVGLYSVTVLLLSPDGHILEKTTPE---T
FYLLFNPWCK-*
>P1;gi|10178635|gb|AAG13662.1| transglutaminase 1 [Canis familiaris] [ score 167 E 3e-41 ] [ range 116 .. 251 ]
sequence
--------LSSRSD---QNRREHHTDEFEYDELIIRRGQPFHMVLHFSRPYES-SDRVALELEVGKGT-H
---VIIPVGK---GGSGGWKAQV-TKASGQNLLRVHTSPNAIIGKFQFTVRTHSEAGEFQLPFDPN---E
IYILFNPWCPE*
>P1;gi|339604|gb|AAA61166.1| transglutaminase K enzyme [ score 167 E 4e-41 ] [ range 115 .. 250 ]
sequence
--------LSSRSD---QNRREHHTDEYEYDELIVRRGQPFHMLLLLSRTYES-SDRITLELEVGKGT-H
---VIIPVGK---GGSGGWKAQV-VKASGQNLLRVHTSPNAIIGKFQFTVRTQSDAGEFQLPFDPN---E
IYILFNPWCPE*
>P1;gi|7081495|gb|AAF35986.1| transglutaminase type 1 [Mus musculus] [ score 166 E 1e-40 ] [ range 110 .. 252 ]
sequence
----VVTGVDLRSD---QNRREHHTDEFEYDELIVRRGQPFHMILFLNREYES-SDRIALELEVGKGT-H
---VIIPVGK---GGSGGWKAQV-TKNNGHNLLRVHTSPNAIIGKFQFTVRTRSEAGEFQLPFDPN---E
IYILFNPWCPE*
>P1;gi|13928912|ref|NP_113847.1| transglutaminase type 1; transgluta... [ score 165 E 1e-40 ] [ range 129 .. 261 ]
sequence
-----------RSD---QNRREHHTDEFEYDELILRRGQPFHIILFLNREYES-SDRIALELEVGKGT-H
---VIIPVGK---GGSGGWKAQV-TKTNGNLTLRVHTSPNAIIGKFQFTVRTRSEAGEFQLPFDPN---E
IYILFNPWCPE*
>P1;gi|30578393|ref|NP_083060.2| coagulation factor XIII, alpha subu... [ score 164 E 5e-40 ] [ range 48 .. 191 ]
sequence
-----VTAVHLRWD---SNKIDHHTDKYDNNKLIVRRGQTFYIQIDFNRPYDP-RKDLFRVEYVNKGT-Y
---IPVPVVKE-LQ-SGKWGAKV-IMNEDSVRLSVQSSPECIVGKFRMYVAVWTPYGILRTRRDET---D
TYILFNPWCEE*
>P1;gi|39752675|ref|NP_945345.1| transglutaminase y; transglutaminas... [ score 162 E 1e-39 ] [ range 6 .. 142 ]
sequence
-----VTKVDWQRS---RNGAAHHTQEYPCPELVVRRGQSFSLTLELSRALDC-EEILIFTVETGPRA-S
---EALHTQTS-ELERGEGWTAA-REAQMELTVSLASPPSAVIGRYLLSIRLSSHRKHSNRR--LG---E
FVLLFNPWCAE*
>P1;gi|11067435|ref|NP_067730.1| coagulation factor XIIIa [Rattus no... [ score 160 E 5e-39 ] [ range 48 .. 191 ]
sequence
-----VTAVHLRWD---SNKIVHHTDKFDNNKLIVRRGQTFYIQIDFNRPYDP-RKDLFRVEYVNKGT-Y
---IPVPVVTE-LQ-SGKWGAKV-IMNEDSVRLSVQSSPECIVGKFRMYVAVWTPYGILTQRDPET---D
TYILFNPWCEE*
>P1;gi|20379735|gb|AAH27963.1| Coagulation factor XIII A1 subunit pr... [ score 159 E 1e-38 ] [ range 48 .. 191 ]
sequence
-----VTSVHLRWD---TNKVDHHTDKYENNKLIVRRGQSFYVQIDFSRPYDP-RRDLFRVEYVNKGT-Y
---IPVPIVSE-LQ-SGKWGAKI-VMREDSVRLSIQSSPKCIVGKFRMYVAVWTPYGVLTSRNPET---D
TYILFNPWCED*
>P1;gi|16445035|ref|NP_443187.1| transglutaminase Z [Homo sapiens] >... [ score 157 E 4e-38 ] [ range 11 .. 144 ]
sequence
-------SVDLQSS---RNNKEHHTQEMGVKRLTVRRGQPFYLRLSFSRPFQS-QDHITFVAETGPKP-S
---ELLGTRAT-FFLTRVQPGNV-WSASNSLQVSLFTPANAVIGHYTLKIEISQGQGHSVTYP-LG---T
FILLFNPW---*
>P1;gi|34859206|ref|XP_230601.2| similar to Protein-glutamine gamma-... [ score 157 E 4e-38 ] [ range 17 .. 153 ]
sequence
-----ITKVDWQHS---ENGAAHHTQDYPCPELVVRRGQLFSLTLDLNRALDS-EEALIFTVETGPHA-S
---EALHTTAE-LEIGDTWTAAK-EEQTNTITVSLSSPSNAVIGRYLLSARAASRRKHSDR--KLG---Q
FILLFNPWCPE*
>P1;gi|29244202|ref|NP_808394.1| hypothetical protein A030011P16 [Mu... [ score 156 E 7e-38 ] [ range 6 .. 142 ]
sequence
-----ITKVDWQHS---KNGAAHHTQDYPCSELVVRRGQLFSLTLDLSRVLDS-EEALIFTVETGPHA-S
---EALHTKAV-FQTGDTWTAAK-EEQTNTITVSLSSPSNAVIGRYLLSVRPSSRRKHSDR--KLG---Q
FILLFNPWCPE*
>P1;gi|27229194|ref|NP_083075.1| transglutaminase 5 [Mus musculus] >... [ score 154 E 3e-37 ] [ range 9 .. 149 ]
sequence
---GLEVALDLQSS---QNNVRHHTEEISVDRLVVRRGQAFSITLYFKNRQPG-MDSIMFVAETGPLP-D
---LAKGTRAG-SGGPSPWIASL-EANRNSLEVSLCAPPIAAVGRYLLKIRIDSYQG-FVTAYQLG---E
FILLFNPWC--*
>P1;gi|34856753|ref|XP_215816.2| similar to transglutaminase 5 [Ratt... [ score 154 E 5e-37 ] [ range 33 .. 165 ]
sequence
---GLEVALDLQSS---RNNVRHHTEEISFDRLVVRRGQAFCITLYFKNRQPG-MDSIMFVAETGTR---
----AVFSLTG-SGGSSPWIASL-EANRNSLEVSLCAPPMAAVGRYLLKVRIDSYQGSVTAYQ-LG---E
FILLFNPWC--*
>P1;gi|45382729|ref|NP_990016.1| coagulation factor XIIIA [Gallus ga... [ score 153 E 5e-37 ] [ range 55 .. 197 ]
sequence
-----VVDIHMFKE---PNKQQHHTDKYYNPKLIVRRGQPFQIQIDFSRPYDP-KDQIWLEYLIGRYP-Q
---LIGDVLK-----PGEWGAKI-TRENNSIRLSIMSSATCIIGKFRLYIAIWTPYGIITHRNSAT---D
TYILFNPWCQ-*
>P1;gi|34857658|ref|XP_345425.1| similar to transglutaminase Z [Ratt... [ score 153 E 7e-37 ] [ range 37 .. 173 ]
sequence
-------SVELQIP---RNNKDHHTQDLGSSKLILRRGQIFILTIVFSRPFQP-KDHLTFVAETGPEP-T
---ELLGTRAT-FFLVQTRPENV-WSASDFVIVSIFSPASAVIGHYTLKLEISRDQGPGVTYP-LG---N
FILLFNPWSTE*
>P1;gi|38075672|ref|XP_141327.2| similar to transglutaminase Z [Mus ... [ score 151 E 2e-36 ] [ range 55 .. 191 ]
sequence
-------SVELQIP---RNNKDHHTEDLGLSKLILRRGQIFILTIVFSRPFQP-KDHLTFVAETGPEP-T
---ELLGTRAT-FFLAQTRPENV-WSASNSLQVSIFSPASAVIGHYTLKLEISQGQGPGVTYP-LG---N
FILLFNPWSTE*
>P1;gi|13638501|sp|Q08188|TGM3_HUMAN Protein-glutamine glutamyltrans... [ score 151 E 2e-36 ] [ range 6 .. 138 ]
sequence
-----VQSINWQTA---FNRQAHHTDKFSSQELILRRGQNFQVLMIMNKGLGS-NERLEFIVSTGPYP-S
---ESAMTPLS-NGSSGGWSAVL-QASNNTLTISISSPASAPIGRYTMALQIFSQGGI--SSVKLG---T
FILLFNPW---*
>P1;gi|7433818|pir||A45991 protein-glutamine gamma-glutamyltransfera... [ score 151 E 2e-36 ] [ range 6 .. 138 ]
sequence
-----VQSINWQKA---FNRQAHHTDKFSSQELILRRGQNFQVLMIMNKGLGS-NERLEFIDTTGPYP-S
---ESAMTPLS-NGSSGGWSAVL-QASNNTLTISISSPASAPIGRYTMALQIFSQGGI--SSVKLG---T
FILLFNPW---*
>P1;gi|6678331|ref|NP_033400.1| transglutaminase 3, E polypeptide; E... [ score 150 E 6e-36 ] [ range 6 .. 138 ]
sequence
-----IQNVNWQVP---MNRRAHHTDKFSSQDSIVRRGQPWEIILVCNRSLES-GEDLNFIVSTGPQP-S
---ESARTKAV-FSISGGWNAAK-ANSGNNLAIAIASPVSAPIGLYTLSVEISSRG--RASSLKLG---T
FIMLFNPW---*
>P1;gi|34859204|ref|XP_345433.1| similar to transglutaminase E3 [Rat... [ score 150 E 6e-36 ] [ range 48 .. 180 ]
sequence
-----VQNINWQMP---MNRRAHHTDKFSSQDFIVRRGQPWEVILLCNRSLES-GDNLNFIVSTGPQP-S
---ESARTKAV-FSISGGWSAAL-KASNNNLFIAIASPVSAPIGLYTLNVEVSSKG--RVSSVKLG---T
FTVLFNPW---*
>P1;gi|44890250|gb|AAH66665.1| Dorsal protein 1 [Rattus norvegicus] [ score 148 E 2e-35 ] [ range 8 .. 134 ]
sequence
----VVYSVNLEKK---LNAAAHHTIEYQTQKLVLRRGQIFSLKVMLNRPLQS-HDELKLIFNTGHNM-P
---FTVELDPM-TSYRSKGWQVK-IAKQSEVVLNVISAADAVVGRYTMNV----------NEFDAG---V
FFLLFNPWCSD*
>P1;gi|21306287|gb|AAM45940.1| experimental autoimmune prostatitis a... [ score 147 E 5e-35 ] [ range 8 .. 134 ]
sequence
----IIYAVNVERK---LNAAAHHTSEYQTKKLVLRRGQIFTLKVILNRPLQP-QDELKVTFTSGQRP-P
---YMVELDPV-TSYRSKGWQVK-IAKQSEVILNVISAADAVVGRYKMRV----------NEYKAG---V
FYLLFNPWCSD*
>P1;gi|12060177|dbj|BAB20439.1| transglutaminase [Asterina pectinifera] [ score 146 E 7e-35 ] [ range 60 .. 199 ]
sequence
-----VVSVDLCVE---RNQQEHKTSKYKVDNLVLRRGQPFHLNVKFDRFKPS-TDELVLELRMGSRA-N
---VTAPVVTS-APDHDDWGIKV-ESAKGNVTLKVFCSSEALIGYYNLYILTMS-GGDEYEYESPK---E
LIMLFNAWCKD*
>P1;gi|20532415|sp|O43548|TGM5_HUMAN Protein-glutamine gamma-glutamy... [ score 146 E 8e-35 ] [ range 4 .. 146 ]
sequence
---GLEVALDLQSS---RNNVRHHTEEITVDHLLVRRGQAFNLTLYFNRSFQP-GDNIIFVVETGPLP-D
---LALGTRAR-HHSPSPWWLET-NGAT-STEVSLCAPPTAAVGRYLLKIHIDSFQGSVTAYQ-LG---E
FILLFNPWCPE*
>P1;gi|189434|gb|AAA36401.1| protein 4.2 (P4.2L) (put.); putative [ score 145 E 2e-34 ] [ range 41 .. 174 ]
sequence
---------DFQAA---RNNEEHHTKALSSRRLFVRRGQPFTIILYFRAPLPA-LKKVALTAQTGEQP-S
---KINRTQAT-FPISSKWWSAV-VEERDSWTISVTTPADAVIGHYSLLLQVSGRK-----QLLLG---Q
FTLLFNPWNRE*
>P1;gi|27805815|ref|NP_776737.1| erythrocyte membrane protein band 4... [ score 144 E 4e-34 ] [ range 11 .. 143 ]
sequence
---------DFQAA---RNNAEHHTNDISSQRLFVRRGQPFTISLHFQAPLRA-LKKVALIAQTGKQP-S
---KANGTQAT-FSVSSKWWSAM-VEERDSWTISVTTPADAIIGHYSLLLQISGRKQ------CLG---Q
FTLLFNPWNRE*
>P1;gi|19702209|emb|CAD28789.1| transglutaminase-like protein [Parac... [ score 144 E 4e-34 ] [ range 60 .. 199 ]
sequence
-----VTSLDLCNA---ANKKAHHTDEYEVEQLIVRRGQVMDISVTFDRAYNS-KDTLSLELLMGSRP-S
---VAIDLVTR-APPPDDFGLQV-VGSSNKVTLKLHLACDALIGEYELVVCTQTEQEDEYRYEHDE---D
LIILFNPWCK-*
>P1;gi|107479|pir||A39045 protein-glutamine gamma-glutamyltransferas... [ score 142 E 1e-33 ] [ range 11 .. 143 ]
sequence
---------DLELE---TNGRDHHTADLCREKLVVRRGQPFWLTLHFRNYQAS-VDSLTFSVVTGPAP-S
---QEAGTKAR-FPLRDAWTATV-VDQQDCTLLQLTTPANAPIGLYRLSLEAST--GYQGSSFVLG---H
FILLFNAWC--*
>P1;gi|2148922|gb|AAB58463.1| tissue transglutaminase [Gallus gallus] [ score 141 E 4e-33 ] [ range 11 .. 142 ]
sequence
---------DLQCE---RNGREHRTAEMGSQQLVVRRGQPFTITLNFARGYEE-GDKLAFDVETGPRS-H
---FTLTDCPE-EGTWSAVLQQQ-DGAT--LCVSLCSPSSARVGRYRLTLEAST--GYQGSSFHLG---D
FVLLFNAW---*
>P1;gi|4507479|ref|NP_003232.1| transglutaminase 4 (prostate) [Homo ... [ score 139 E 9e-33 ] [ range 10 .. 144 ]
sequence
-----VLHIDFLNQ---DNAVSHHTWEFQTSSPVFRRGQVFHLRLVLNQPLQS-YHQLKLEFSTGPNP-S
---IAPRTPSD-HYNWQATLQNE-SG--KEVTVAVTSSPNAILGKYQLNVKT---GNHILKSEENI----
LYLLFNPWCKE*
>P1;gi|34856749|ref|XP_342504.1| similar to erythrocyte membrane pro... [ score 138 E 2e-32 ] [ range 16 .. 144 ]
sequence
-----------------ENNKEHHTDAISSQHLILRRGQSFTITLNFRAPLSA-LKKVALIAQTGEQP-S
---KTSKTQAS-LGDKKGWSAAV-VERAQHWTISVTTPVDAVIGHYSLLLQVSGKKQYPLGQ--------
FTLLFNPWNRD*
>P1;gi|34419182|dbj|BAC84967.1| embryonic transglutaminase [Oryzias ... [ score 137 E 5e-32 ] [ range 67 .. 206 ]
sequence
------VDMIRRID---ENKLEHHTELYNSENLIVRRGQEFQIKLTFNRPYKP-EDKFAVEFTIGKGT-Y
---IPVFFTKE----RQSSWAGR-AIANSDNIVTVITPANCIVGKYNLYVAVVTPYGVRRQRPDKS---E
MYILFNPWAKD*
>P1;gi|15593289|gb|AAL02240.1| transglutaminase [Cyprinus carpio] [ score 135 E 1e-31 ] [ range 13 .. 133 ]
sequence
-------------Q---FNNTDHHTELNGTDRLIVRRGQAFTINLYLNGSYQP-GYQLHITAETGPQP-E
---EQYGTRAV-LGLSDRWSAGV-SSSGDTVCLSVCAAPDAPIGRYVLTL-----DGHI-----QF---D
FILLFNPWC--*
>P1;gi|28278274|gb|AAH44684.1| Tgm2-prov protein [Xenopus laevis] [ score 135 E 1e-31 ] [ range 19 .. 147 ]
sequence
------------------NNRSHRTAEASCEQLIVRRGQPFQITLNFSRGYEE-GDKLSLNAITGPCP-S
---EESGTPVS-DALQDGTWSAA-VKSTDTVILSITSPPDARIGDYNLTLETSTEY--QGSSFQLG---S
FKLLFNPWCPE*
>P1;gi|3649666|emb|CAA71263.1| transglutiminase [Ciona intestinalis] [ score 135 E 1e-31 ] [ range 72 .. 213 ]
sequence
-----ILRVNYKKE---TNCVDHHTDKYIHNSLVVRRATTFDLGLVFRNYRPA-KDDIVLEFTIGSDP-E
---TKIRVPVG-DSLQGSKWINE-DEVTKEVTLQVNIPPDAIIGRYKLTVEVATKDGRQKERKVKP---D
IVVLFNPF---*
>P1;gi|485736|gb|AAA67917.1| erythrocyte membrane protein band 4.2 [ score 135 E 1e-31 ] [ range 16 .. 144 ]
sequence
-----------------ENNEEHHTKAISSQHLTLRRGQSFTITLNFRAPLSA-LKKVALIAQTGEQP-S
---KINKTQAS-LGDQKGWSAAV-EERAQHWTVSVTTPVDAVIGHYSLLLQVSGKKQYPLGQ--------
FTLLFNPWNRD*
>P1;gi|5326787|gb|AAD42046.1| tissue-type transglutaminase [Rattus n... [ score 131 E 2e-30 ] [ range 11 .. 143 ]
sequence
---------DLEIQ---ANGRDHHTADLCQQKLVLRRGQRFRLTLYFRGYEAS-VDRLTFGAVTGPDP-S
---EEAGTKAR-FSLSDDWSASV-LDQQDNVLLQLCTPANAPVGQYRLSLETST--GYQGSSFMLG---H
FILLFNAWC--*
>P1;gi|19857130|sp|P21981|TGM2_MOUSE Protein-glutamine gamma-glutamy... [ score 131 E 3e-30 ] [ range 11 .. 143 ]
sequence
---------DLEIQ---ANGRDHHTADLCQEKLVLRRGQRFRLTLYFRGYQAS-VDSLTFGAVTGPDP-S
---EEAGTKAR-FSLSDSWSASV-LDQQDNVLLQLCTPANAPIGLYRLSLEAST--GYQGSSFVLG---H
FILLYNAWC--*
>P1;gi|29135313|ref|NP_803473.1| transglutaminase 2 [Bos taurus] >gi... [ score 130 E 7e-30 ] [ range 11 .. 143 ]
sequence
---------DLELE---ANGRDHHTADLCRERLVVRRGQPFWLTLHFRNYEAS-VDSLTFCAVTGPDP-S
---EEAGTKAS-DATEEGAWAAV-AADQRDSTLSLHTPANAPVGHYRLSLEAST--GYQGSSFMLG---Q
FTLLFNSWC--*
>P1;gi|1703311|sp|P52183|ANNU_SCHAM Annulin (Protein-glutamine gamma... [ score 126 E 7e-29 ] [ range 67 .. 215 ]
sequence
-----VKEVDVLLA---ENGDAHRTRHYELPRLVVRRGQPFAVSVTLSRPYNP-DDAISFVFTVGQGT-L
---VAVPLLKG-AESGAAWNAVL-DSSADDILIQITPAADAIVGKWKMDIDTKLKNDGAVSYSYKD---P
FYILYNPWCR-*
>P1;gi|7341341|gb|AAF61256.1| protein-glutamine gamma-glutamyltransf... [ score 126 E 1e-28 ] [ range 13 .. 133 ]
sequence
-------------K---FNNTDHHTELNGTDRLIVRRGQAFTINLQLNGSYQP-GYQINITAETGPDP-Q
---QQYGTRAV-FSLSSEWSAAV-SSPGESVCLSICAAPDAPIGHYTLTLD----------ERIQI---Q
FILLFNPWC--*
>P1;gi|13021663|gb|AAK11508.1| protein-glutamine gamma-glutamyltrans... [ score 125 E 1e-28 ] [ range 17 .. 144 ]
sequence
------------------NNRSHRTAEASCEQLIVRRGQPFQITLNFSRGYEE-GDKLSLNAITGPCP-S
---EESGTPVS-DALQDGTWSAA-VKSTDTVILSITSPPDARIGDYNLTLETSTEY--QGSSFQLG---S
FKLAVNPWCQ-*
>P1;gi|93011|pir||A29996 protein-glutamine gamma-glutamyltransferase... [ score 125 E 2e-28 ] [ range 11 .. 143 ]
sequence
---------DLQLE---VNGRDHRTADLCRERLVLRRGQPFWLTLHFERGYEA-GDTLTFNAVTGPDP-S
---EEAGTMAR-FSLSGTWSASA-VDQQDSVSLLLSTPADAPIGLYRLSLEAST--GYQGSSFVLG---H
FILLYNPRC--*
>P1;gi|31238804|ref|XP_319850.1| ENSANGP00000015956 [Anopheles gambi... [ score 110 E 7e-24 ] [ range 23 .. 179 ]
sequence
-----VKSVDLCTE---ENGKDHHTDEYSIPKLVVRRGQPFRLRLVCDRPYDA-RDALSLIFTVGHGT-L
---VGIPVPEQ-LGEPEEWGAAI-EAINGDLLVLVKPAATAPVGQWKLDIDTKLLSEAFGKSYSLP---Q
FYVLFNPWCPD*
>P1;gi|24582657|ref|NP_609174.1| CG7356-PA [Drosophila melanogaster]... [ score 102 E 2e-21 ] [ range 56 .. 205 ]
sequence
-----VLKVDLCLE---DNHEEHHTSHFYAEALVVRRGEPFRLKIHFNRDYPS-KDAISFIFTVGHGT-L
---NALVPHDG-LGDTLEWGAGI-ESHEGQTLTVLIKPPSCPVTEWKLDIDTKLLGDGSRSYPLPL---P
IYVLFNPWCPD*
>P1;gi|31238795|ref|XP_319848.1| ENSANGP00000016504 [Anopheles gambi... [ score 86 E 1e-16 ] [ range 15 .. 178 ]
sequence
-----IERIDTCLE---ENGLNHRTEKFELSQLVVRRGEEFLVKLICSRPVNL-KDAISLVLAVGHGT-V
---VYLILQTG-DNNESDWSAKL-RSMQTELLVAIRTSPNASVSRWTLTINVKSEGEESNSYQLDQ---P
FYLLFNAWCEE*
>P1;gi|1729925|sp|Q05187|TGMH_TACTR Hemocyte protein-glutamine gamma... [ score 84 E 8e-16 ] [ range 65 .. 217 ]
sequence
-----VESVELYTR---DNAREHNTFMYDLPVLILRRGQPFSIAIRFKRNYNP-QDRLKLEIGFGQQP-L
---ITKGTLIM-LPVSGSDTFTK-DKTQWDVRLRIQIPAAVAVGVWKMKIVSEQPNVSAVTHECKN---K
TYILFNPWCK-*
>P1;gi|28194208|gb|AAO33455.1| transglutaminase [Penaeus monodon] [ score 81 E 5e-15 ] [ range 54 .. 205 ]
sequence
-----VLSVDFQAK---PNAVNHFCDKYEVERIVLRRGGSFTIEVEFNLELEL-KHLVKLYFSFGQRP-S
---AAKGTQAA-LQVSGKWDVRV-DGQNGKITFEIQIPTDAPVGVWNPAVEVSLRANSDTTRRSDT---H
VYILFNPWNK-*
>P1;gi|21623847|dbj|BAC00991.1| transglutaminase [Physarum polycepha... [ score 79 E 2e-14 ] [ range 199 .. 330 ]
sequence
----VIQSIDLQVE---KNRAAHHTDKIHAKEFFIRRGQTFQISLV--APAEV-TEALRFTVYPETQN-S
---YVINVGTK-NGDPDSEWFGQ-NGATS---VAVHIPGRAIVGQYTL----SASGDGGKTWTPAE---P
IYILFNAWSK-*
>P1;gi|31238798|ref|XP_319849.1| ENSANGP00000025253 [Anopheles gambi... [ score 77 E 6e-14 ] [ range 3 .. 171 ]
sequence
-----IESINLCFD---ENGKTFHTSHYEARQLIVRRGAPFEVRLLTNRRFDP-TDTMVLVVSIGTET-Y
---VLVSVATD-GTAPADWRAVV-VDSKDELTLQIMIPSYTPVWRWQFHTRLDTTDAKSMTEIKEP---L
FV-LFNPWCK-*
>P1;gi|1166459|gb|AAB60265.1| blood coagulation factor XIII A subunit [ score 76 E 1e-13 ] [ range 5 .. 48 ]
sequence
-----------RWD---SNKVDHHTDKYSNDKLIVRRGQSFYIQIDFNRPYDP-TRDLF-----------
----------------------------------------------------------------------
-----------*
>P1;gi|33694274|gb|AAL78166.1| transglutaminase [Penaeus monodon] [ score 74 E 7e-13 ] [ range 49 .. 199 ]
sequence
-----IVSVDFQPM---YNAVNHHCELYETDCVVVRRGGLLSMVVKLNQALAS-AQELKFYFSFGSRP-N
---VEKGTQKI-EKPHDDWDIRL-VEAGKKATVEVQIPTDAPVGVWKVAAEVRNQAGERHLRRFDT---H
VYILFNPWNE-*
>P1;gi|14579327|gb|AAK69205.1| transglutaminase [Pacifastacus lenius... [ score 67 E 6e-11 ] [ range 54 .. 206 ]
sequence
-----IVSVDFQAK---LNAEKHHCEKY---KLIIRRSGSFSIVVEFNKEIDL-KEQLTLYFSFGAGP-N
---AQAGTLAT-LTVTGKKLFVV-NQAGTKATIEIQVSSDAPVGVWSCSLEVRPKDETDASNRHLL---R
LYILFNPWNE-*
>P1;gi|203966|gb|AAA41092.1| dorsal protein 1 [ score 51 E 4e-06 ] [ range 1 .. 35 ]
sequence
----------------------------------------------------------------------
---------------------------------NVISAADAVVGRYTMNV----------NEFDAG---V
FFLLLNPWCSD*
