>P1;2kaua
structureX:2kau:   1 :A: 100 :A:urease gamma subunit:Klebsiella aerogenes: 2.0: -1
MELTPREKDKLLLFTAALVAERRLARGLKLNYPESVALISAFIMEGARDGKSVASLMEEGRHVLTREQVM
EGVPEMIPDIQVEATFPDGSKLVTVHNPII*
>P1;1ubpa
structureX:1ubp:   1 :A: 100 :A:acid urease gamma subunit:Bacillus pasteurii: 1.65: 15.8
MHLNPAEKEKLQIFLASELLLRRKARGLKLNYPEAVAIITSFIMEGARDGKTVAMLMEEGKHVLTRDDVM
EGVPEMIDDIQAEATFPDGTKLVTVHNPIS*
>P1;gi|22976229|ref|ZP_00022125.1| COG0831: Urea amidohydrolase (ure... [ score 181 E 3e-45 ] [ range 36 .. 135 ]
sequence
MELTPREKDKLLIFTAALLAERRRARGLKLNYPEAVALITAAIMEGARDGRTVAELMHEGTTVLAREDVM
DGVAEMIPEIQVEATFPDGTKLVTVHHPIV*
>P1;gi|43010272|gb|EAB71915.1| unknown [environmental sequence] [ score 179 E 1e-44 ] [ range 1 .. 99 ]
sequence
MKLSPREKDKLLVSLAAIVARNRKSRGVKLNYPEAIALITDFVIEGARDGKSVAELMEAGAHVIKKDDCM
SGIPDMIHDVQVEATFPDGTKLVTVHHPI-*
>P1;gi|44464307|gb|EAJ45332.1| unknown [environmental sequence] [ score 177 E 5e-44 ] [ range 1 .. 99 ]
sequence
MQLSPREKDKLLIAMAAEVARKRKSRGVKLNYPEAISLICDAVVEGARDGKSVAEMMEYGATIVKSTDCM
DGVPDMIPEVQVEATFPDGTKLVTVHNPI-*
>P1;gi|23126035|ref|ZP_00107945.1| COG0831: Urea amidohydrolase (ure... [ score 176 E 1e-43 ] [ range 1 .. 99 ]
sequence
MQLTPQEKDKLLIFTAALLAERRKGRGLKLNYPEAIAYISAAILEGARDGQTVAELMSYGTTLLTRDDVM
EGIPEMVHDVQVEATFPDGTKLVTVHNPI-*
>P1;gi|27376565|ref|NP_768094.1| urease gamma subunit [Bradyrhizobiu... [ score 175 E 2e-43 ] [ range 1 .. 99 ]
sequence
MNLSPREKDKLLISMAAIVARRRLDRGVKLNHPEAIAIISDFILEGARDGRTVAELMQSGAQVLTRDQVM
PGIPEMIHDIQVEATFPDGTKLVTVHEPI-*
>P1;gi|44160999|gb|EAH45573.1| unknown [environmental sequence] [ score 175 E 2e-43 ] [ range 1 .. 99 ]
sequence
MKLSPREKDKLLISMAAMVARNRKERGVKLNYPEAIALISDFVVEGARDGRSVADLMEAGAHVVTRGDCM
EGISEIIHDVQVEATFPDGTKLVTVHNPI-*
>P1;gi|15889677|ref|NP_355358.1| AGR_C_4368p [Agrobacterium tumefaci... [ score 175 E 2e-43 ] [ range 8 .. 106 ]
sequence
MNLSPREKDKLLISMAAMVARRRLERGVKLNYPEAIALISDFVVEGARDGRAVADLMEAGAHVISRDQVM
DGIADMIHDVQVEATFPDGTKLVTVHEPI-*
>P1;gi|43945537|gb|EAG28409.1| unknown [environmental sequence] [ score 175 E 2e-43 ] [ range 1 .. 99 ]
sequence
MKLSPREKDKLLISLAAIVARNRKSRGIKLNYPEAIALISDFVVEGAREGRTVADLMEAGAHVIKKDECM
SGIPEMIHEVQVEATFPDGTKLVTVHHPI-*
>P1;gi|17546754|ref|NP_520156.1| PROBABLE UREASE (GAMMA SUBUNIT) PRO... [ score 175 E 2e-43 ] [ range 1 .. 100 ]
sequence
MELTPREKDKLLIFTAALLAERRQARGLKLNYPEAVALISAAIMEGARDGKTVADLMYYGTTILSRGDVM
DGVAEMIPDIQVEATFPDGTKLVTVHQPIV*
>P1;gi|44584730|gb|EAK27970.1| unknown [environmental sequence] [ score 175 E 3e-43 ] [ range 1 .. 99 ]
sequence
MKLTPREKDKLMVSMAANVARKRLERGVKLNYPEAIALITDFVIEGARDGKMVSELMETGAHVVKKEDCM
DGIPDMIPEVQVEATFPDGTKLVTVHKPI-*
>P1;gi|45510772|ref|ZP_00163104.1| hypothetical protein Avar091601 [... [ score 174 E 3e-43 ] [ range 1 .. 99 ]
sequence
MQLTPQEKDKLLIFTAALVAERRKNRGLKLNYPEAVAYISAAILEGARDGNTVAELMSYGTTLLTRDDVM
EGIAEMVHEVQVEATFPDGTKLVTVHNPI-*
>P1;gi|38605467|sp|Q9FAS7|URE3_VIBPA Urease gamma subunit (Urea amid... [ score 174 E 4e-43 ] [ range 1 .. 100 ]
sequence
MELTPREKDKLLLFTAGLVAERRRARGLKLNYPEAIALISCEIMEGARDGRTVAELMSYGRTILTAEDVM
EGVPEMITDIQVECTFPDGTKLVSIHDPIV*
>P1;gi|31195969|ref|XP_306932.1| ENSANGP00000024644 [Anopheles gambi... [ score 174 E 4e-43 ] [ range 1 .. 99 ]
sequence
MHLTPRETEKLMLFMAGELALKRKARGLKLNYPESIALISHFLLEGARDGKKVAELMQEGAQILTKDDVM
PGVAEMIHDVQIEATFPDGTKLVTVHNPI-*
>P1;gi|44596150|gb|EAK36028.1| unknown [environmental sequence] [ score 174 E 5e-43 ] [ range 1 .. 99 ]
sequence
MKLTPREKDKLLISLSAIVARNRLAKGIKLNYPEAIALITDFVIEGAREGKSVSELMEAGAHVIKKKDCM
EGVPDMIKDVQVEATFPDGTKLVTVHKPI-*
>P1;gi|43004413|gb|EAB69058.1| unknown [environmental sequence] >gi|... [ score 174 E 5e-43 ] [ range 1 .. 99 ]
sequence
MKLTPREKDKLLISLAAIVAKNRLSKGIKLNYPEAIALITDFVVEGAREGKSVAELMEAGAHVIKKKDCM
EGIPDMIKEVQVEATFPDGTKLVTVHKPI-*
>P1;gi|43184023|gb|EAC57586.1| unknown [environmental sequence] [ score 174 E 5e-43 ] [ range 1 .. 99 ]
sequence
MKLSPREKDKLLVSVAALVARNRKERGVKLNYPEAIALITDYVVEGARDGRSVSDLMEAGAHVVKRRDCM
EGIAEMIHDVQVEATFPDGTKLVTVHHPI-*
>P1;gi|44300056|gb|EAI29993.1| unknown [environmental sequence] [ score 174 E 6e-43 ] [ range 1 .. 99 ]
sequence
MKLSPREKDKLLISLAAMVAKNRLDRGIKLNYPEAIAIISDFVVEGARDGKTVAELMELGAHVIKKKNCM
DGIADMINEVQVEATFPDGTKLVTVHKPI-*
>P1;gi|44246241|gb|EAH93118.1| unknown [environmental sequence] [ score 173 E 7e-43 ] [ range 1 .. 99 ]
sequence
MKLSPRERDKLLISMAAMVAQNRKERGVKLNYPEAIALISDFVVEGARDGRPVSELMETGAHVVKRTDCM
DGIPEIIHDVQVEATFPDGTKLVTVHNPI-*
>P1;gi|23058232|ref|ZP_00083316.1| COG0831: Urea amidohydrolase (ure... [ score 173 E 7e-43 ] [ range 1 .. 100 ]
sequence
MDLTPREKDKLLIFTAGLVAERRLARGVKLNYPEAMAYISAALLEGARDGQTVAELMHYGTTLLTREQVM
EGIPEMIPEIQVEATFPDGTKLVTVHQPIV*
>P1;gi|44590760|gb|EAK32169.1| unknown [environmental sequence] [ score 173 E 8e-43 ] [ range 1 .. 99 ]
sequence
MKLTPREKDKLLIFTAALLAERRRARGLKLNYPEAVAFITAALMEAARDGKTVAEVMHYGTTLLTRDDVM
DGVPEMIPDIQVEATFPDGTKLVTVHHPI-*
>P1;gi|44592575|gb|EAK33564.1| unknown [environmental sequence] [ score 173 E 8e-43 ] [ range 1 .. 99 ]
sequence
MKLTPREKDKLMVSMAAIVARKRLERGIKLNYPEAIALITDFVIEGARDGKKVSELMESGAHVVTIKDCM
EGIADMIPEVQVEATFPDGTKLVTVHKPI-*
>P1;gi|22988605|ref|ZP_00033668.1| COG0831: Urea amidohydrolase (ure... [ score 173 E 9e-43 ] [ range 1 .. 99 ]
sequence
MKLTPREKDKLLIFTAALLAERRRARGLKLNYPEAIAFITAALMEAARDGKTVAEVMHYGTTLLTRDDVM
EGVPEMIPDIQVEATFPDGTKLVTVHHPI-*
>P1;gi|39936725|ref|NP_949001.1| urease gamma subunit [Rhodopseudomo... [ score 173 E 9e-43 ] [ range 1 .. 99 ]
sequence
MNLSPREKDKLLVSMAAMVARRRLERGVKLNHPEAVALITDFIVEGARDGRSVAELMHAGAQVITRDQCM
DGIAEMIHDIQVEATFPDGTKLVTVHQPI-*
>P1;gi|42858761|gb|EAA96638.1| unknown [environmental sequence] >gi|... [ score 172 E 1e-42 ] [ range 6 .. 103 ]
sequence
-QLSPREKDKLLIAMAAEVARKRKSRGVKLNYPEAIALICDAVVEGARDGKSVAEMMEYGATIVKSTDCM
DGIPDMIPEVQVEATFPDGTKLVTVHNPI-*
>P1;gi|16330442|ref|NP_441170.1| urease gamma subunit [Synechocystis... [ score 172 E 1e-42 ] [ range 1 .. 99 ]
sequence
MQLSPQEKDKLLIFTASLVAERRKARGLKLNYPEAVAYISAAILEGARDGRTVAELMNYGATLLSRDEVM
EGVPEMLPEVQVEATFPDGTKLVTVHEPI-*
>P1;gi|43866868|gb|EAF87471.1| unknown [environmental sequence] [ score 172 E 1e-42 ] [ range 1 .. 99 ]
sequence
MKLSPREKDKLLVSMAAIVAQKRKKRGVKLNYPEAVALITDFVIEGARDGRSVADLMEAGAHVVALDDCM
DGIAEMIPDVQVEATFPDGTKLVTVHRPI-*
>P1;gi|418162|sp|Q03282|URE3_ECOLI UREASE GAMMA SUBUNIT (UREA AMIDOH... [ score 172 E 1e-42 ] [ range 1 .. 100 ]
sequence
MELTPREKDKLLLFTAGLVAERRLARGLKLNYPEAVALISCAIMEGARDGKTVAQLMSEGRTLLTAEQVM
EGVPEMIKDIQVECTFPDGTKLVSIHDPIV*
>P1;gi|15807979|ref|NP_285642.1| urease, beta/gamma subunit [Deinoco... [ score 172 E 1e-42 ] [ range 1 .. 99 ]
sequence
MQLTERERDKLLIFTAAQLARERRARGLKLNHPEAVALITAEVLEGIRDGRRVEDLMSFGAAILTPDDVL
DGVPELIHEIQVEGTFPDGTKLVTVHDPI-*
>P1;gi|44515984|gb|EAJ80215.1| unknown [environmental sequence] [ score 172 E 2e-42 ] [ range 1 .. 99 ]
sequence
MKLTPREKDKLLISLSAMVARNRLAKGIKLNYPEVIALISDFVIEGAREGKSVSELMEAGAHVIKKKDCM
EGVPDMVNDVQVEATFPDGTKLVTVHKPI-*
>P1;gi|22298524|ref|NP_681771.1| urease gamma subunit [Thermosynecho... [ score 172 E 2e-42 ] [ range 1 .. 99 ]
sequence
MQLSPQEKDKLLIFTAALVAERRKARGLKLNYPEAVAYISAAILEGAREGRTVADLMNYGTTLLTRDDVM
EGVPEMLTEVQVEATFPDGTKLVTVHTPI-*
>P1;gi|15966228|ref|NP_386581.1| UREASE GAMMA SUBUNIT PROTEIN [Sinor... [ score 172 E 2e-42 ] [ range 1 .. 99 ]
sequence
MNLTPREKDKLLISMAAMVARRRLERGVKLNHPEAIALITDFVVEGARDGRSVAELMEAGAHVLTRDQVM
EGIAEMIHDIQVEATFPDGTKLVTVHEPI-*
>P1;gi|23000617|ref|ZP_00044543.1| COG0831: Urea amidohydrolase (ure... [ score 171 E 2e-42 ] [ range 1 .. 99 ]
sequence
MHLSPREKDKLLVAMAAMVARRRLERGVKLNYPESIALISDYVVEGARDGRSVAELMQAGATVLRREQVM
EGIAEMIHEIQVEATFPDGTKLVTVHNPI-*
>P1;gi|42851842|gb|EAA93238.1| unknown [environmental sequence] [ score 171 E 3e-42 ] [ range 1 .. 99 ]
sequence
MHLSPQEKDKLLIFSAALLAERRLSRGIKLNYPETIAFLSFQVLEGARDGKSVSQLMSEGTTWLSKSQVM
EGIPEMVDEVQIEAVFPDGTKLVTIHHPI-*
>P1;gi|44436664|gb|EAJ25921.1| unknown [environmental sequence] [ score 171 E 3e-42 ] [ range 1 .. 99 ]
sequence
MKLTPREKDKLMISMAAIVARKRLDRGIKLNYPEAIALITDFVIEGARDGKMVSKLMEAGANVVKKENCM
DGVADMISEVQVEATFPDGTKLVTVHKPI-*
>P1;gi|38605373|sp|Q8RPY7|URE3_RHILV Urease gamma subunit (Urea amid... [ score 171 E 3e-42 ] [ range 1 .. 99 ]
sequence
MNLTPREKDKLLISMAAMVARRRLERGVKLNYPEAIALISDFVVEGARDGRPVAELMEAGAHVIGRSQVM
EGVAEMIHDVQVEATFPDGTKLVTVHEPI-*
>P1;gi|43759195|gb|EAF34037.1| unknown [environmental sequence] [ score 171 E 3e-42 ] [ range 1 .. 99 ]
sequence
MKLSPREKEKLLVSLAAMVAKDRLKRGVKLNYPEAIAIISDFVIEGARDGKSVADLMEEGAHVVKKNQCM
EGIKDMIHEVQVEATFPDGTKLVTVHHPI-*
>P1;gi|22958704|ref|ZP_00006370.1| hypothetical protein [Rhodobacter... [ score 170 E 5e-42 ] [ range 1 .. 99 ]
sequence
MNLTPREKDKLLISLAAIVARGRLERGVKLNHPEAVALISDFVVEGAREGRSVADLMQAGAHVVRAENCM
EGVPEMLHSVQVEATFPDGTKLVTVHHPI-*
>P1;gi|44214888|gb|EAH74469.1| unknown [environmental sequence] [ score 170 E 7e-42 ] [ range 1 .. 99 ]
sequence
MKLSPREKDKLLISMAAEVARKRLNRGVKLNYPEAIALISDFVVEGARDGRSVADLMQDGAKVLSSEMVM
KGIPEMIREVQVEATFPDGVKLVTVHEPI-*
>P1;gi|23039916|ref|ZP_00071455.1| COG0831: Urea amidohydrolase (ure... [ score 170 E 7e-42 ] [ range 1 .. 100 ]
sequence
MQLSPQEKDKLMIFTAALLAEKRKEKGIKLNYPEAVAYISAAILEGAREGKTVAELMSYGRTVLNQNEVM
EGISEMIEEVQVEATFPDGTKLVTVHNPII*
>P1;gi|25027549|ref|NP_737603.1| urease gamma subunit [Corynebacteri... [ score 169 E 1e-41 ] [ range 11 .. 109 ]
sequence
MHLQPREQEKLMIVVAADLARRRQARGLQLNYPEAVAIISYELMEGARDGRSVAELMSWGTTILNRDDVQ
EGIAEMIPEVQVEATFPDGTKLITVHTPI-*
>P1;gi|44332361|gb|EAI52260.1| unknown [environmental sequence] >gi|... [ score 169 E 1e-41 ] [ range 1 .. 99 ]
sequence
MHLSPQEKDKLLIVTAALLAERRLNRGLKLNHPEAVAWLSFLVLEGARDGKSVAELMQEGTTWLRQDQVM
EGVPELVHEVQIEAVFPDGTKLVTLHDPI-*
>P1;gi|38605458|sp|Q9AQT6|URE3_RHOCA Urease gamma subunit (Urea amid... [ score 169 E 1e-41 ] [ range 1 .. 99 ]
sequence
MNLSPREKEKLLVSLAAMVARNRLARGVKLNHPEAIAIISDFVVEGAREGRSVADLMEAGAQVITRDQCM
EGIAEMIHSIQVEATFPDGTKLVTVHHPI-*
>P1;gi|41725038|ref|ZP_00151848.1| hypothetical protein Daro170501 [... [ score 169 E 1e-41 ] [ range 1 .. 100 ]
sequence
MELTPREKDKLLIFTAGLLAERRQAKGLKLNYPEAVALITCAIMEGAREGKTVAELMHAGTQILTRADVM
DGIAELIPEIQVEATFPDGTKLVTVHNPIV*
>P1;gi|44102429|gb|EAH13979.1| unknown [environmental sequence] [ score 169 E 2e-41 ] [ range 1 .. 100 ]
sequence
MNLTPREKDKLLIFTAALVAEKRKERGLTLNHPEAVAFISAAILEGARDGKTVAELMDFGKSLLKKEDVM
EGVSEMIPDIQVEATFPDGTKLVTVHNPIM*
>P1;gi|44596210|gb|EAK36069.1| unknown [environmental sequence] [ score 169 E 2e-41 ] [ range 1 .. 99 ]
sequence
MKLTPREKDKLLIFTAALLAERRRARGLKLNYPEAVAFITAALMEAARDGKTVAEVMHYGTTLLTRADVM
EGVAEMIPDIQVEATFPDGTKLVTVHHPI-*
>P1;gi|29833646|ref|NP_828280.1| putative urease gamma subunit [Stre... [ score 168 E 3e-41 ] [ range 1 .. 100 ]
sequence
MQLTPHEQERLLIHVAADVAEKRRARGLKLNHPEAVALITSHILEGARDGRTVAELMSSGRKLLTRDDVM
EGIPEMIHDVQVEATFPDGTKLVTVHDPIV*
>P1;gi|38605121|sp|O87400|URE3_SYNPV Urease gamma subunit (Urea amid... [ score 167 E 4e-41 ] [ range 1 .. 99 ]
sequence
MHLSPQEKDKLLIVTAALLAERRLNRGLKLNHPEAVAWLSFLVLEGARDGKSVAELMQEGTTWLSRNQVM
DGIPELVQEVQIEAVFPDGTKLVTLHDPI-*
>P1;gi|3915205|sp|O54418|URE3_ACTPL Urease gamma subunit (Urea amido... [ score 167 E 4e-41 ] [ range 1 .. 99 ]
sequence
MHLTSREQEKLMLFLAGELAAKRKARGVKLNYPEAIAYIASHLQEAARDGMSVAEVMQYGATLLTVDDVM
GGIAEMVHEVQIEATFPDGTKLVTVHNPI-*
>P1;gi|137088|sp|P16124|URE3_PROVU Urease gamma subunit (Urea amidoh... [ score 167 E 4e-41 ] [ range 1 .. 100 ]
sequence
MELTPREKDKLLLFTAGLVAERRLAKGLKLNYPESVALISCAIMEGAREGKTVAQLMSEGRAVLTAEQVM
EGIPEMIKDIQVECTFPDGTKLVSIHDPIV*
>P1;gi|44543059|gb|EAJ98735.1| unknown [environmental sequence] [ score 167 E 5e-41 ] [ range 1 .. 99 ]
sequence
MYLSPREKDKLLISMAADVARKRLNRGLKLNLPETIAIISDFVQEGARDGESVANLMSKGAKVLSKNDVM
EGISEMLPEIQVEATFPDGSKLVTVHEPI-*
>P1;gi|41018468|sp|Q8GH98|UREA_HELBI Urease alpha subunit (Urea amid... [ score 167 E 6e-41 ] [ range 1 .. 100 ]
sequence
MKLTPKELDKLMLHYAGELAKKRKANGVKLNYTEAVALISAHVMEEARAGKSVADLMQEGRTLLKADDVM
PGVAHMIHEVGIEANFPDGTKLVTIHTPV-*
>P1;gi|42958094|gb|EAB46007.1| unknown [environmental sequence] [ score 167 E 6e-41 ] [ range 1 .. 99 ]
sequence
MKLSPREIDKMMVSMAAIVARKRLDRGVKLNYPEAVSIISDYVVEGARDGKSVAELMESAAHVLKKDDCM
DGVAEMIAEVQTEATFPDGTKLVTVHKPI-*
>P1;gi|586165|sp|Q08715|UREA_HELFE Urease alpha subunit (Urea amidoh... [ score 166 E 8e-41 ] [ range 1 .. 100 ]
sequence
MKLTPKELDKLMLHYAGRLAEEALARGVKLNYTEAVALISGRVMEKARDGKSVADLMQEGRTWLKKENVM
DGVASMIHEVGIEANFPDGTKLVTIHTPV-*
>P1;gi|43167153|gb|EAC49165.1| unknown [environmental sequence] [ score 166 E 9e-41 ] [ range 1 .. 99 ]
sequence
MDLTPREKDKLLLFTAGLVAERRLARGLTLNYPEAVALISMEILEGARDGRTVAELMQLGRTIITRDQVM
EGVAEMVDEVQVEATFPDGTKLVTVHEPI-*
>P1;gi|19551334|ref|NP_599336.1| urea amidohydrolase (urease) gamma ... [ score 166 E 1e-40 ] [ range 1 .. 99 ]
sequence
MHITPREQEKLMIVVAADLARRRKDRGLKLNHPEAVALITYELIEGARDGRTVADLMSWGSTILTRDDVL
EGIPEMIPDIQVEATFDDGTKLVTVHNPI-*
>P1;gi|137087|sp|P17088|URE3_PROMI Urease gamma subunit (Urea amidoh... [ score 166 E 1e-40 ] [ range 1 .. 100 ]
sequence
MELTPREKDKLLLFTAGLVAERRLAKGLKLNYPERVALISCAIMEGAREGKTVAQLMSEGRTVLTAEQVM
EGVPEMIKDVQVECTFPDGTKLVSIHSPIV*
>P1;gi|1174885|sp|P42822|UREA_HELHE Urease alpha subunit (Urea amido... [ score 166 E 1e-40 ] [ range 1 .. 100 ]
sequence
MKLTPKELDKLMLHYAGELAKQRKAKGIKLNYTEAVALISAHVMEEARAGKSVADLMQEGRTLLKADDVM
PGVAHMIHEVGIEAGFPDGTKLVTIHTPV-*
>P1;gi|14583017|gb|AAK69722.1| urease protein UreA [Helicobacter pyl... [ score 165 E 2e-40 ] [ range 1 .. 100 ]
sequence
MKLTPKELDKLMLHYAGELARKRKEKGIKLNYVEAVALISAHIMEEARAGKSAAELMQEGRTLLKPDDVM
DGVASMIHEVGIEAMFPDGTKLVTVHTPI-*
>P1;gi|43909894|gb|EAG09589.1| unknown [environmental sequence] [ score 165 E 2e-40 ] [ range 1 .. 92 ]
sequence
MKLSPREKDKLLVSLAAIVARSRKSRGVKLNYPEAIAIITDFVIEGARDGKSVAELMEAGAHVIKKDDCM
SGIPDMIHDVQVEATFPDGTKL--------*
>P1;gi|43825829|gb|EAF67234.1| unknown [environmental sequence] [ score 165 E 2e-40 ] [ range 1 .. 100 ]
sequence
MDLLPRERDKLLIFTAALLAERRLKRGVKLNYPEAMAYISMEIIEGARDGKTVAEMMDYGRTLLTKEQVM
EGVSELIPEVQVEATFPDGTKLVTIHNPII*
>P1;gi|44419651|gb|EAJ14114.1| unknown [environmental sequence] [ score 165 E 2e-40 ] [ range 1 .. 100 ]
sequence
MFLTPREIDKLQIFTAAQVALRRKERGLKLNHPESVALIADHILEGARDGKSVSEIMSSGKNVLRKDDVL
PGVPEIIHTIQVEATFEDGTKLVTIHDPIV*
>P1;gi|33598367|ref|NP_886010.1| urease gamma subunit [Bordetella pa... [ score 165 E 2e-40 ] [ range 1 .. 100 ]
sequence
MELTPREKDKLLIFTAALLAERRRARGLKLNYPETVALITAALMEGARDGKTVAELMSEGTRILGRDEVM
EGVPEMISNIQVEVTFPDGTKLITVHNPVV*
>P1;gi|16272485|ref|NP_438699.1| urease gamma subunit [Haemophilus i... [ score 165 E 2e-40 ] [ range 1 .. 99 ]
sequence
MHLTSREQEKLMLFLAGELAAKRKARGVKLNYPETIAYIASHLQEAAREGMSVAEVMQYGATLLTVDDVM
EGVAEMVHEVQIEATFPDGTKLVTVHNPI-*
>P1;gi|23136290|ref|ZP_00118014.1| COG0831: Urea amidohydrolase (ure... [ score 165 E 3e-40 ] [ range 1 .. 99 ]
sequence
MRLAPKDIEKLMLHNAGVLAQKRYARGILLNYPETIALLSAQLLEFIREGYSVAELMDLGMKILGVDDVM
DGVAQMVDEVQIEGTFPDGTKLVTVHHPV-*
>P1;gi|44048681|gb|EAG84474.1| unknown [environmental sequence] [ score 165 E 3e-40 ] [ range 1 .. 98 ]
sequence
MHLSPQEKDKLLIVTAALLSERRLNRGLKLNHPEAVAWLSFLVLEGARDGKSVAELMQEGTTWLRQDQVM
EGVAELVHEVQIEAVFPDGTKLVTLHDP--*
>P1;gi|38605400|sp|Q8YF71|UR32_BRUME Urease gamma subunit 2 (Urea am... [ score 164 E 4e-40 ] [ range 1 .. 99 ]
sequence
MNLTPREKDKLLIAMAAMVARRRLERGVKLNHPEAIALVSDFVVEGARDGRTVAELMEAGAHVITREQVM
DGVAEMIRDIQVEATFPDGTKLVTVHEPI-*
>P1;gi|23020536|ref|ZP_00060236.1| COG0831: Urea amidohydrolase (ure... [ score 164 E 4e-40 ] [ range 5 .. 102 ]
sequence
-HLTPRETEKLMLHYAGELARKRKERGLKLNYPEAVALISAELMEAARDGKTVTELMQYGAKILTRDDVM
EGVDAMIHEIQIEATFPDGTKLVTVHNPI-*
>P1;gi|43563863|gb|EAE36719.1| unknown [environmental sequence] [ score 163 E 6e-40 ] [ range 1 .. 99 ]
sequence
MNLSPREKEKLFVSLAAMVARDRRERGIKLNHPEAIALITDFVLEGAREGKSVAELMASGAKVIKKSECM
EGIPEMIPEVQVEATFKDGTKLVTVHQPI-*
>P1;gi|13474134|ref|NP_105702.1| urease gamma subunit [Mesorhizobium... [ score 163 E 6e-40 ] [ range 1 .. 99 ]
sequence
MNLTPREKDKLLIAMAAIVARKRLERGVKLNHPEAIALITDFVVEGARDGRPVAELMEAGAHVVTRAQVM
QGIAEMIHDVQVEATFPDGTKLVTVHAPI-*
>P1;gi|38605531|sp|Q9Z395|URE3_ACTNA Urease gamma subunit (Urea amid... [ score 163 E 1e-39 ] [ range 1 .. 99 ]
sequence
MHLTPREQEKLLIVVAADLARRRKDRGIRLNHPEAVAYITAEILEGAREGRTVTDLMAYGTTLLTYDDVM
EGVPEMIRAVQVEATFPDGTKLVSVHDPI-*
>P1;gi|33864498|ref|NP_896058.1| Urease gamma subunit [Prochlorococc... [ score 162 E 1e-39 ] [ range 1 .. 99 ]
sequence
MHLSPQEKDKLLIVTAALLAERRLNRGLRLNHPEAVAWLSFLVIEGARDGQSVAELMAEGSTWLRRDQVM
DGVPELIPEVQIEAVFKDGTKLVTLHDPI-*
>P1;gi|586168|sp|Q07399|URE3_BACSB Urease gamma subunit (Urea amidoh... [ score 162 E 1e-39 ] [ range 1 .. 99 ]
sequence
MKLTSREMEKLMIVVAADLARRRKERGLKLNYPEAVAMITYEVLEGARDGKTVAQLMQYGATILTKEDVM
EGVAEMIPDIQIEATFPDGTKLVTVHDPI-*
>P1;gi|15612815|ref|NP_241118.1| urease gamma subunit [Bacillus halo... [ score 161 E 3e-39 ] [ range 1 .. 99 ]
sequence
MRLSPVEKEKLFLFMAGELAKQRMDRGLKLNYPEAVAILSCYVLEGAREGKSVSELMKDGKHVLSTEDVM
EGVPEMLEEIQVEATFPDGVKLVTIHEPI-*
>P1;gi|15925278|ref|NP_372812.1| urease gamma subunit [Staphylococcu... [ score 161 E 3e-39 ] [ range 1 .. 100 ]
sequence
MHFTQREQDKLMIVVAAEVARRRKARGLKLNHPEALALISDELLEGARDGKTVAELMSYGRQILNKEDVM
DGVEHMITDIEIEATFPDGTKLITVHHPIV*
>P1;gi|137085|sp|P26931|URE3_LACFE Urease gamma subunit (Urea amidoh... [ score 161 E 4e-39 ] [ range 1 .. 99 ]
sequence
MRLTKREQEKMMISLAGMIAEKRKDRGLKLNQPEAVALITSRLLEGARDGKTVGELMNEGATWLTKDDVM
EGIPEMIPMIQVEATFPDGTKLITVTDPI-*
>P1;gi|38605274|sp|Q8CND1|URE3_STAEP Urease gamma subunit (Urea amid... [ score 160 E 4e-39 ] [ range 1 .. 100 ]
sequence
MHFTQREQDKLMIVVAAEVARRRKARGLKLNHPEALALISDELLEGARDGKTVAELMSYGKTILNEEDVM
DGVANMITELEIEATFPDGTKLITVHHPIV*
>P1;gi|42782714|ref|NP_979961.1| urease, gamma subunit [Bacillus cer... [ score 160 E 6e-39 ] [ range 1 .. 99 ]
sequence
MRLTPREIDKLLVVVAADLAYRRKERGLKLNYPESIAIITYEILEGARDGKNVAELMELGKNILSAEDVM
DGIADMISDIQVEATFPDGTKLVTIHQPI-*
>P1;gi|14583057|gb|AAK69742.1| urease protein UreA [Helicobacter pyl... [ score 160 E 7e-39 ] [ range 1 .. 100 ]
sequence
MKLTPKELDKLMLHYAGELARKRKEKGIKLNYVEAVALISAHIMEEARAGKKSAELMQEGRILLKPDDVM
DGVASMIHEVGIEAMFPDGTKLVTVHTPI-*
>P1;gi|32265906|ref|NP_859938.1| urease [Helicobacter hepaticus ATCC... [ score 160 E 8e-39 ] [ range 1 .. 100 ]
sequence
MRLTPKELDKLMLHYAGALAKSRKERGIKLNYVESIALISMEIMELAREGKSVAELMQQGREILKADEVM
EGVASMVNEVQVEVSFPDGTKLVTIHNPI-*
>P1;gi|1174897|sp|P42875|URE3_STAXY Urease gamma subunit (Urea amido... [ score 160 E 8e-39 ] [ range 1 .. 100 ]
sequence
MHFTQREQDKLMLVIAADLARRRQQRGLKLNYPEAVAIISFELLEGARDGKTVAELMSYGKQILGEDDVM
EGVADMLTEMEIEATFPDGTKLITVHHPIV*
>P1;gi|21219745|ref|NP_625524.1| urease gamma subunit [Streptomyces ... [ score 160 E 8e-39 ] [ range 1 .. 100 ]
sequence
MQLTPHEQERLLIHVAADVAEKRRARGVKLNHPEVVALITAHILEGARDGRSVGELMSSGRKLIQRDEVM
EGIPEMIHDVQVEATFPDGTKLVTVHEPII*
>P1;gi|23471416|ref|ZP_00126746.1| COG0831: Urea amidohydrolase (ure... [ score 158 E 2e-38 ] [ range 1 .. 99 ]
sequence
MLLTPTELERLTLYTAAELSRKRRSKGLRLNFPEASALIADEILEGAREGRSVAELIGFGSTILNTDDVM
PGVADLLPVLQVEGTFPDGTKLVTVHQPI-*
>P1;gi|43565227|gb|EAE37397.1| unknown [environmental sequence] [ score 157 E 5e-38 ] [ range 1 .. 90 ]
sequence
MKLTPREKEKLMISMAANVARKRLERGVKLNYPEAIALITDFVIEGARDGKMVSELMESGAHVVKKEDCM
DGIPDMITEVQVEATFPDGT----------*
>P1;gi|34419198|dbj|BAC84959.1| urease gamma subunit UreA [Haloarcul... [ score 157 E 5e-38 ] [ range 1 .. 99 ]
sequence
MKLTAKEQERLTVFTAAEVARRRKERGVPLNHPEAVAYISDWCIERGRDGQSVAEIRSGASKLLGREDVM
DGVPEMIDMIQVEPVFPDGTKLVTVHDPI-*
>P1;gi|15800664|ref|NP_286678.1| putative urease structural subunit ... [ score 157 E 6e-38 ] [ range 1 .. 100 ]
sequence
MELTPREKDKLLLFTAALLAERRLARGLKLNYPESVALISAFIMEGARDGKSVAALMEEGRHVLSREQVM
EGIPEMIPDIQVEATFPDGSKLVTVHNPII*
>P1;gi|2501632|sp|P94667|URE3_CLOPE Urease gamma subunit (Urea amido... [ score 156 E 9e-38 ] [ range 1 .. 99 ]
sequence
MYLTTKEKEKLMISVVAEIARKRQARGLKLNYPEAVAIITDAILEGARDGKLVKDLMSYGRTILKREDVM
EGVPEMIEMVQVEATFLDGTKLVTVHNPI-*
>P1;gi|26989562|ref|NP_744987.1| urease, gamma subunit [Pseudomonas ... [ score 155 E 2e-37 ] [ range 1 .. 100 ]
sequence
MELTPREKDKLLLFTAALLAERRLARGLKLNYPEAVALISAAVLEGARDGRTVAELMSLGREVLTREQVM
PGIAEMLHDVQVEATFPDGTKLVTVHDPIV*
>P1;gi|14599161|emb|CAC43845.1| urease [Glycine max] >gi|32170831|gb... [ score 155 E 3e-37 ] [ range 1 .. 98 ]
sequence
MKLSPREIEKLDLHNAGYLAQKRLARGLRLNYVETVALIATQILEFVRDGKTVAQLMCIGRELLGRKQVL
PAVPHLVESVQVEATFRDGTKLVTIHD---*
>P1;gi|23027996|ref|ZP_00066421.1| COG0831: Urea amidohydrolase (ure... [ score 154 E 4e-37 ] [ range 1 .. 100 ]
sequence
MELNPREKDKLLLFTAALLAERRKARGVKLNYPEAIALISAEVMEGARDGKTVAELMEAGRQVLRVEDVM
DGIADMIHEVQVEATFPDGTKLVTVHNPIV*
>P1;gi|44072904|gb|EAG97893.1| unknown [environmental sequence] [ score 153 E 1e-36 ] [ range 1 .. 99 ]
sequence
MLLTPTELERLTLYSAAELSRKRRAKGLRLNFPEASALIADEILEGAREGRSVAELIGFGSTILSTDDVL
PGVADLLPVLQVEGTFPDGTKLVTVHQPI-*
>P1;gi|44047136|gb|EAG83612.1| unknown [environmental sequence] [ score 152 E 1e-36 ] [ range 1 .. 94 ]
sequence
-----QEKDKLLIVTAALLAERRLGRGLKLNHPEAVAWLSFLVLEGARDGRTVAELMQDSSTWLSKNQVM
EGVSELVHEVQIEAVFPDGTKLVTLHDPI-*
>P1;gi|15921276|ref|NP_376945.1| 224aa long hypothetical urease gamm... [ score 150 E 5e-36 ] [ range 6 .. 104 ]
sequence
MFLTPREQEKLLISWAAEVARRRRVKGLKLNYAEAMAIIVDYILEKAREGVKMEDIIKGAQELLTENDVM
EGVPELLDLVQVEATFPDGTKLVTVRNPI-*
>P1;gi|38605229|sp|Q83U21|URE3_STRTR Urease gamma subunit (Urea amid... [ score 150 E 6e-36 ] [ range 1 .. 99 ]
sequence
MQLTMREQEKMMISLAAMIAQRRKDKGIKLNHPEAVALITDYVLEGAREGKTVAQLMDEARNLLTREDVM
EGIAEMIPMIQVEATFTDSTKLVTVHDPI-*
>P1;gi|38232631|gb|AAR15135.1| UreA [Yersinia rohdei] [ score 148 E 2e-35 ] [ range 1 .. 99 ]
sequence
MQLTPREVEKLMIYTLSDVAFKRKARGLKLNYPEAVSIITVTALEGARDGKSLEDVMKEASKVLTKDDVM
EGVADLIPNVQVEAIFTDGSRLVTVHDPI-*
>P1;gi|33519973|ref|NP_878805.1| putative urease structural subunit ... [ score 148 E 3e-35 ] [ range 1 .. 100 ]
sequence
MKLLPREIDKLLLFTAALLAERRKKRGLKLNYPEAIALISFVVLEGARDGKNVAELMEIGRNVLSKDDVI
PGVSEMISNVQIEATFLDGTKLVTIHDPII*
>P1;gi|13357997|ref|NP_078271.1| urease complex component [Ureaplasm... [ score 147 E 4e-35 ] [ range 1 .. 99 ]
sequence
MNLSLREVQKLLITVAADVARRRLARGLKLNYSEAVALITDHVMEGARDGKLVADLMQSAREVLRVDQVM
EGVDTMVSIIQVEVTFPDGTKLVSVHDPI-*
>P1;gi|19115725|ref|NP_594813.1| urease (EC 3.5.1.5) [Schizosaccharo... [ score 147 E 5e-35 ] [ range 1 .. 98 ]
sequence
--MQPRELHKLTLHQLGSLAQKRLCRGVKLNKLEATSLIASQIQEYVRDGHSVADLMSLGKDMLGKRHVQ
PNVVHLLHEIMIEATFPDGTYLITIHDPI-*
>P1;gi|37526087|ref|NP_929431.1| urease gamma subunit [Photorhabdus ... [ score 147 E 8e-35 ] [ range 1 .. 99 ]
sequence
MQLTPREIEKLMVYTLADVALKRKSRGLKLNYPEAVAIITAAALEGAREGKTLEEVMDDSRHVLTKEDVM
DGVADLIPHVQVEAIFTDGSRLVTVHDPI-*
>P1;gi|321947|pir||S31417 urease (EC 3.5.1.5) 11K chain - Yersinia e... [ score 145 E 2e-34 ] [ range 1 .. 101 ]
sequence
MQLTPREVEKLMIYTLSDVAFKRKARGLKLNYPEAVSIITVTAMEGARDGKSVEDVMKEASKVLTKDDVM
DGVADLIPNVQVEAIFTDGSRLVTVHDPI-*
>P1;gi|12644138|sp|P17274|URE3_UREUR Urease gamma subunit (Urea amid... [ score 143 E 7e-34 ] [ range 1 .. 99 ]
sequence
MNLSLREIQKLLVTVAADVARRRLARGLKLNYSEAVALITDHVVEGARDGKLVADLMQSAREVLRVDQVM
EGVDTMVGIIQVEVTFPDGTKLVSVHSPI-*
>P1;gi|80903|pir||S10030 urease (EC 3.5.1.5) 11K chain - Ureaplasma ... [ score 143 E 1e-33 ] [ range 1 .. 99 ]
sequence
MNLSLREIQKLLVTVAADVARRRLARGLKLNYSERVALITDHVVEGARDGKLVADLMQSAREVLRVDQVM
EGVDTMVGIIQVEVTFPDGTKLVSVHDPI-*
>P1;gi|1718040|sp|P50044|UREA_HELMU Urease alpha subunit (Urea amido... [ score 139 E 1e-32 ] [ range 1 .. 88 ]
sequence
------------LHYAGELAKKRKERGVKLNYVEAVALISMEIMEHAREGKTVADLMSLGRQVLKAEDVM
DGVAALVHEVQIEVCFPDGTLLVTVHNPI-*
>P1;gi|14192678|gb|AAC49868.2| urease [Coccidioides immitis] [ score 139 E 1e-32 ] [ range 1 .. 99 ]
sequence
MQLVPREIDKLTISNLGFLAQRRLARGVRLNHAEATALIASNLQ-LIRDGNSVADLMTIGKEMLGRRHVL
PSVVATLKQVQVEGTFPTGTNLITVVNPV-*
>P1;gi|43188667|gb|EAC59846.1| unknown [environmental sequence] [ score 139 E 1e-32 ] [ range 1 .. 84 ]
sequence
---------------AANVARKRLERGVKLNFPEAIALITDFVIEGARDGKMVSELMETAAHVIKKEECM
DGISNMITEVQVEATFPDGTKLVTVHKPI-*
>P1;gi|44033172|gb|EAG76114.1| unknown [environmental sequence] [ score 138 E 2e-32 ] [ range 1 .. 79 ]
sequence
--------------------RNRHARGVKLNHPEAMAIITDFVVEGARDGRSVGDLMQAGAQVIGAADCM
EGIPEMIHEVQVEATFPDGTKLVTVHNPI-*
>P1;gi|43272250|gb|EAD01884.1| unknown [environmental sequence] [ score 138 E 3e-32 ] [ range 1 .. 77 ]
sequence
----------------------RLERGVKLNYPEVIALITDFVIEGARDGKMVSELMESGAHVVKKDDCM
DGIPDMIPEVQVEATFPDGTKLVTVHKPI-*
>P1;gi|43403404|gb|EAD63555.1| unknown [environmental sequence] [ score 133 E 1e-30 ] [ range 1 .. 75 ]
sequence
------------------------DRGIKLNYPEAIALITDFVIEGARDGKKVSELMESGAKVVKKENCM
DGVADMISEVQVEATFPDGTKLVTVHKPI-*
>P1;gi|44520154|gb|EAJ83036.1| unknown [environmental sequence] [ score 133 E 1e-30 ] [ range 1 .. 75 ]
sequence
------------------------ERGVKLITPEAIALISDFVIEGARDGKMVSELMESGAHVVKKEDCM
DGIPDMIPEVQVEATFPDGTKLVTVHKPI-*
>P1;gi|43790901|gb|EAF49984.1| unknown [environmental sequence] [ score 131 E 3e-30 ] [ range 1 .. 76 ]
sequence
-----------------------MAKGIKLNYPEAIALITDFVIEGAREGKSVSELMESGAHVIKKVDCM
EGVPDMVKEVQVEATFPDGTKLVTVHKPI-*
>P1;gi|43455714|gb|EAD82521.1| unknown [environmental sequence] [ score 130 E 6e-30 ] [ range 1 .. 73 ]
sequence
--------------------------GIKLNYPEAIALITDFVIEGARDGKMVSELMESGSKVVKKEDCM
DGIADMIPEVQVEATFPDGTKLVTVHKPI-*
>P1;gi|43325708|gb|EAD28471.1| unknown [environmental sequence] [ score 128 E 3e-29 ] [ range 1 .. 78 ]
sequence
MKLTPREKDKLMISMAATVARKRLKRGVKLNYPEAIALITDFVIEGARDGKMVSELMEAGAHVVKKEDCM
DGIPDMIT----------------------*
>P1;gi|43563857|gb|EAE36715.1| unknown [environmental sequence] [ score 113 E 1e-24 ] [ range 1 .. 70 ]
sequence
MKLTPREKDKMFVSLAAIVARNRLKRGVKLNYPEAIAIITDFVIEGARDGKSVAYLMEEGAQVISKSDCM
------------------------------*
>P1;gi|43041118|gb|EAB87072.1| unknown [environmental sequence] [ score 111 E 3e-24 ] [ range 7 .. 69 ]
sequence
-------------------------------------LYTAAIMEGARDGRTVSELMGHGRTLLTRDDVM
EGVPEMIHEVQVEATFPDGTKLVTVHNPIV*
>P1;gi|21223880|ref|NP_629659.1| fusion of urease beta and gamma sub... [ score 107 E 6e-23 ] [ range 1 .. 99 ]
sequence
MRLTPTERDRLLLFGAAELARARRARGLRLNVPEATALIADTVCEAARDGARLAQAIERARSVLGPDDVL
PGVADVVTEVHVEAVFDDGSRLAVVADPV-*
>P1;gi|23004494|ref|ZP_00047795.1| COG0831: Urea amidohydrolase (ure... [ score 106 E 1e-22 ] [ range 1 .. 55 ]
sequence
--------------------------------------------EGARDGRSVAELMQTGATVLDASQVM
EGVAEMIHDIQVEATFPDGTKLVTVHHPI-*
>P1;gi|29829258|ref|NP_823892.1| putative urease subunit beta/gamma ... [ score 98 E 4e-20 ] [ range 1 .. 99 ]
sequence
MRLTPTERDRLLLFGAAELARARRARGLRLNVPEATALIADTVCEAARDGRRLAEAIAAARAVLGPDDVL
PGVADIVTEVHVEAVFDDGSRLAVVTDPI-*
>P1;gi|43751875|gb|EAF30351.1| unknown [environmental sequence] [ score 89 E 2e-17 ] [ range 1 .. 52 ]
sequence
MKLTPREKDKLMLSLAAMVARDRKARGVKLNYPETIALITDFVVEGAREGKT------------------
------------------------------*
>P1;gi|44382474|gb|EAI87787.1| unknown [environmental sequence] [ score 80 E 1e-14 ] [ range 1 .. 44 ]
sequence
-------------------------------------------------------MMEAGAHVIKKKDCM
EGIPDMVKEVQVEATFPDGTKLVTVHKPI-*
>P1;gi|21637195|gb|AAM70377.1| urease UreA [Helicobacter heilmannii] [ score 78 E 6e-14 ] [ range 1 .. 43 ]
sequence
--------------------------------------------------------MQEGRTWLKKENVM
IGVASIIHEVGIEANFPDGTKLVTIHTPV-*
>P1;gi|44433953|gb|EAJ24042.1| unknown [environmental sequence] [ score 77 E 9e-14 ] [ range 1 .. 43 ]
sequence
--------------------------------------------------------MSEGAGVLRRDEVM
DGVAEMIHDIQVEATFPDGTKLVTVHEPI-*
>P1;gi|22831365|gb|AAN08919.1| urease JBURE-II [Canavalia ensiformis] [ score 66 E 1e-10 ] [ range 4 .. 39 ]
sequence
---------------------------------------------------------------FNRRQVL
PAVPHLLNIIQVEATLPNGTKLVTVHDPI-*
>P1;gi|32044235|ref|ZP_00141336.1| COG0831: Urea amidohydrolase (ure... [ score 182 E 2e-45 ] [ range 1 .. 100 ]
sequence
MDLSPREKDKLLIFTAGLLAERRLARGLKLNYPEAVALISAALLEGARDGRSVAELMHYGTTLLSREQVM
EGVPEMIPDIQVEATFPDGTKLVTVHQPIA*
>P1;gi|43053945|gb|EAB93361.1| unknown [environmental sequence] [ score 180 E 7e-45 ] [ range 1 .. 100 ]
sequence
MHLSPQEKDKLLIFSAALLAERRLSRGLKLNYPETIAFLSFQVLEGARDGKSVSQLMSEGTTWLSKSQVM
EGIPEMVDEVQIEAVFPDGTKLVTIHNPIN*
>P1;gi|43177406|gb|EAC54283.1| unknown [environmental sequence] [ score 179 E 9e-45 ] [ range 1 .. 99 ]
sequence
MKLTPREKDKLLISLAAIVAKKRLSKGIKLNYPEAIALITDFVIEGAREGKSVAELMEAGAHVIKKKDCM
EGIPDMVKEVQVEATFPDGTKLVTVHKPI-*
>P1;gi|23470723|ref|ZP_00126055.1| COG0831: Urea amidohydrolase (ure... [ score 179 E 1e-44 ] [ range 1 .. 100 ]
sequence
MDLTPREKDKLLIFTAGLVAERRLARGVKLNYPEAMAYISAALLEGARDGQTVAELMHYGTTLLSRDQVM
EGIAEMIPEIQVEATFPDGTKLVTVHQPIA*
>P1;gi|33861521|ref|NP_893082.1| Urease gamma subunit [Prochlorococc... [ score 179 E 1e-44 ] [ range 1 .. 100 ]
sequence
MHLSPQEKDKLLIFSAAQLAERRLNRGLKLNYPETVAFLSFQVLEGARDGKSVSQLMSEGTTWLSKKQVM
DGISEMVDEVQVEAVFPDGTKLVTIHNPIN*
>P1;gi|28872006|ref|NP_794625.1| urease, gamma subunit [Pseudomonas ... [ score 179 E 1e-44 ] [ range 1 .. 100 ]
sequence
MDLTPREKDKMLIFTAGLVAERRLARGVKLNYPEAMAYISAALLEGARDGQTVADLMHYGTTLLTRDQVM
EGIPEMIPEIQVEATFPDGTKLVTVHQPIA*
>P1;gi|43709258|gb|EAF09724.1| unknown [environmental sequence] [ score 178 E 3e-44 ] [ range 1 .. 100 ]
sequence
MHLSPQEKDKLLIFSAALLAERRLNRGLKLNYPETIAFLSFQVLEGARDGKSVSQLMSEGTTWLSKSQVM
EGISEMVDEVQIEAIFPDGTKLVTIHNPIN*
>P1;gi|38605115|sp|O30334|URE3_ALCEU Urease gamma subunit (Urea amid... [ score 177 E 7e-44 ] [ range 1 .. 99 ]
sequence
MELTPREKDKLLIFTAALLAERRKARGLKLNYPEAVALITAAIMEGARDGRTVAELMHEGTTVLGREDVM
DGVAEMIPEIQVEATFPDGTKLVTVHHPI-*
>P1;gi|23101953|ref|ZP_00088490.1| COG0831: Urea amidohydrolase (ure... [ score 176 E 1e-43 ] [ range 1 .. 100 ]
sequence
MDLTPREKDKLLIFTAGLLAERRLARGLRLNHPEAVAYISAALLEGARDGHTVAELMHIGTTLLSRDQVM
EGVPEMIPEIQIEATFPDGTKLVTVHQPIA*
>P1;gi|167228|gb|AAA83831.1| urease [ score 175 E 2e-43 ] [ range 1 .. 101 ]
sequence
MKLSPREVEKLGLHNAGYLAQKRLARGVRLNYTEAVALIASQIMEYARDGKTVAQLMCLGQHLLGRRQVL
PAVPHLLNAVQVEATFPDGTKLVTVHDPIS*
>P1;gi|32170829|gb|AAO85884.1| embryo-specific urease [Glycine max] [ score 173 E 7e-43 ] [ range 1 .. 101 ]
sequence
MKLSPREVEKLGLHNAGYLAQKRLARGLRLNYTEAVALIATQIMEFARDGKTVAQLMCIGKHLLGRRQVL
PEVQHLLNAVQVEATFPDGTKLVTVHDPIS*
>P1;gi|16080719|ref|NP_391547.1| urease (gamma subunit) [Bacillus su... [ score 169 E 2e-41 ] [ range 1 .. 100 ]
sequence
MKLTPVEQEKLLIFAAGELAKQRKARGVLLNYPEAAAYITCFIMEGARDGKGVAELMEAGRHVLTEKDVM
EGVPEMLDSIQVEATFPDGVKLVTVHQPIS*
>P1;gi|42547843|gb|EAA70686.1| conserved hypothetical protein [Gibbe... [ score 167 E 4e-41 ] [ range 1 .. 101 ]
sequence
MHLVPKEIDKLVISQLGALAQRRLARGVKLNHSEAVALIANNLHELIRDGHTVSDLMALGATMLGRRHVM
PSVCATLHEIQVEGTFPSGTYLVTVHNPIS*
>P1;gi|14599435|emb|CAC43859.1| urease [Solanum tuberosum] [ score 167 E 4e-41 ] [ range 1 .. 101 ]
sequence
MKLAPREIEKLMLHNAGYLAQKRLARAQLLNYTEAVALIATQVLEFVRDGKSVAELMDIGRQLLGRRQVL
PTVPHLLDCVQVEGTFPDGTKLITIHDPIA*
>P1;gi|38109868|gb|EAA55673.1| hypothetical protein MG01324.4 [Magna... [ score 166 E 9e-41 ] [ range 1 .. 101 ]
sequence
MHLVPRELDKLVITQLGHLAQRRLARGVKLNHSEATALITCVLQELIRDGHTVSDLMSLGATMLGRRHVM
PSVCSTLHEIQVEGTFPSGTYLVTVHNPIA*
>P1;gi|32420239|ref|XP_330563.1| hypothetical protein [Neurospora cr... [ score 165 E 2e-40 ] [ range 1 .. 101 ]
sequence
MHLIPKELDKLAISQLGFLAQRRLARGIKLNHSEATALIANNLQELIRDGHTVADLMALGATMLGRRHVL
PEVTSTLHEIQVEGTFPSGTYLVTVHNPIS*
>P1;gi|227455|prf||1704174A urease gamma [ score 165 E 2e-40 ] [ range 1 .. 99 ]
sequence
MELTPREHDKLLLFTAGLVAERRLAKGLHLNYPESVALISCAIMEGAREGKTVAQLMSEGRAVLTAEQVM
EGIPEMIKDIQVECTFPDGTKLVSIHDPI-*
>P1;gi|15220459|ref|NP_176922.1| urease, putative / urea amidohydrol... [ score 161 E 3e-39 ] [ range 1 .. 101 ]
sequence
MKLLPREIEKLELHQAGFLAQKRLARGIRLNYTEAVALIATQILEFIRDGKSVAELMDIGRQLLGRRQVL
PAVLHLLYTVQVEGTFRDGTKLVTVHEPIS*
>P1;gi|17402589|dbj|BAB78715.1| urease [Oryza sativa (indica cultiva... [ score 159 E 1e-38 ] [ range 1 .. 101 ]
sequence
MKLEQREAEKLALHNAGFLAQKRLARGLRLNYTEAVALIAAQILEFVRDGRTVTDLMDLGKQLLGRRQVL
PAVPHLLETVQVEGTFMDGTKLITVHDPIS*
>P1;gi|23822289|sp|O13465|UREA_CRYNE Urease (Urea amidohydrolase) >g... [ score 156 E 9e-38 ] [ range 1 .. 101 ]
sequence
MHLLPRETDKLILTTLGTLAQRRLARGLILNRAETIALISSQLQEFVRDGRSVAELMDLGKKMLGRRHVR
KGVPESIHTIQVEGTFPDGVFLVTVDDPIS*
>P1;gi|42544465|gb|EAA67308.1| hypothetical protein FG10627.1 [Gibbe... [ score 152 E 2e-36 ] [ range 1 .. 101 ]
sequence
MHYTPREVEKLAFSHAGYLAQKRLAHGRKLNHLESSALISNVLQEIIHNEYSVADLMKLGKIILGRRHVH
PSVVATLKQMQVEGTFETGTHLITIHNPIS*
>P1;gi|25990711|gb|AAN76655.1| UreA [Nitrosospira sp. NpAV] [ score 151 E 3e-36 ] [ range 1 .. 93 ]
sequence
------ERRAAADFTAGLLAERRKARGLKLNHPEAVALITCAVLEGARDGHSVAELMAEGTRILSRGEVM
EGVPEMIPDIQVEATFPDGTKLVTVHNPI-*
>P1;gi|17986932|ref|NP_539566.1| UREASE GAMMA SUBUNIT [Brucella meli... [ score 149 E 1e-35 ] [ range 1 .. 100 ]
sequence
MHLTPREFDKLVIHMLSDVALKRKNKGLKLNHPEAVAVLSAYVLDGAREGKTVEEVMDGARSVLKADDVM
DGVPDLLPLIQVEAVFSDGSRLVSLHNPIT*
>P1;gi|15608985|ref|NP_216364.1| ureA [Mycobacterium tuberculosis H3... [ score 140 E 7e-33 ] [ range 1 .. 100 ]
sequence
MRLTPHEQERLLLSYAAELARRRRARGLRLNHPEAIAVIADHILEGARDGRTVAELMASGREVLGRDDVM
EGVPEMLAEVQVEATFPDGTKLVTVHQPIA*
>P1;gi|40747374|gb|EAA66530.1| hypothetical protein AN0431.2 [Asperg... [ score 130 E 6e-30 ] [ range 340 .. 424 ]
sequence
----------------SFLAQRRLARGVRLNHAEAAALISSNLHELIRDGQSVADLMSIGKTMLGRRHVL
PSVPSTLVELQVEGTFTTGSYLVTVHHPIS*
>P1;gi|19310946|gb|AAL86689.1| urea amidohydrolase gamma subunit [Ni... [ score 119 E 1e-26 ] [ range 1 .. 70 ]
sequence
------------------------------NYPEAVAYISAAVLEKAREGMSVAELMHHGTTLLTRDEVM
EGVPEMISDIQVEATFPDGTKLVTVHHPIT*
>P1;gi|43307034|gb|EAD19293.1| unknown [environmental sequence] [ score 81 E 6e-15 ] [ range 1 .. 43 ]
sequence
---------------------------------------------------------SEGTTCFSKSQVM
EGIPEMVDEVQIEAVFPDGTKLVTIHNPIN*
>P1;gi|42850685|gb|EAA92668.1| unknown [environmental sequence] [ score 76 E 2e-13 ] [ range 6 .. 43 ]
sequence
--------------------------------------------------------------WLSKNQVM
EGIPEMIDEVQIEAVFPDGTKLVTIHNPIN*
